<?xml version="1.0"?>
<link_info>
   <banner>TMS320C55x Linker PC v4.4.1</banner>
   <copyright>Copyright (c) 1996-2012 Texas Instruments Incorporated</copyright>
   <link_time>0x5ad5db45</link_time>
   <output_file>CSL_UART_pollExample.out</output_file>
   <entry_point>
      <name>_c_int00</name>
      <address>0xd7f1</address>
   </entry_point>
   <input_file_list>
      <input_file id="fl-2">
         <path>.\</path>
         <kind>object</kind>
         <file>csl_uart_polled_example.obj</file>
         <name>csl_uart_polled_example.obj</name>
      </input_file>
      <input_file id="fl-8">
         <path>C:\ti\c55_lp\c55_csl_3.08\ccs_v6.x_examples\C55XXCSL_LP\Debug\</path>
         <kind>archive</kind>
         <file>C55XXCSL_LP.lib</file>
         <name>csl_sysctrl.obj</name>
      </input_file>
      <input_file id="fl-9">
         <path>C:\ti\c55_lp\c55_csl_3.08\ccs_v6.x_examples\C55XXCSL_LP\Debug\</path>
         <kind>archive</kind>
         <file>C55XXCSL_LP.lib</file>
         <name>csl_uart.obj</name>
      </input_file>
      <input_file id="fl-a">
         <path>C:\ti\ccsv8\tools\compiler\c5500_4.4.1\lib\</path>
         <kind>archive</kind>
         <file>rts55x.lib</file>
         <name>boot.obj</name>
      </input_file>
      <input_file id="fl-b">
         <path>C:\ti\ccsv8\tools\compiler\c5500_4.4.1\lib\</path>
         <kind>archive</kind>
         <file>rts55x.lib</file>
         <name>divul.obj</name>
      </input_file>
      <input_file id="fl-c">
         <path>C:\ti\ccsv8\tools\compiler\c5500_4.4.1\lib\</path>
         <kind>archive</kind>
         <file>rts55x.lib</file>
         <name>exit.obj</name>
      </input_file>
      <input_file id="fl-d">
         <path>C:\ti\ccsv8\tools\compiler\c5500_4.4.1\lib\</path>
         <kind>archive</kind>
         <file>rts55x.lib</file>
         <name>fixdul.obj</name>
      </input_file>
      <input_file id="fl-e">
         <path>C:\ti\ccsv8\tools\compiler\c5500_4.4.1\lib\</path>
         <kind>archive</kind>
         <file>rts55x.lib</file>
         <name>fltuld.obj</name>
      </input_file>
      <input_file id="fl-f">
         <path>C:\ti\ccsv8\tools\compiler\c5500_4.4.1\lib\</path>
         <kind>archive</kind>
         <file>rts55x.lib</file>
         <name>lmpy.obj</name>
      </input_file>
      <input_file id="fl-10">
         <path>C:\ti\ccsv8\tools\compiler\c5500_4.4.1\lib\</path>
         <kind>archive</kind>
         <file>rts55x.lib</file>
         <name>mpyd.obj</name>
      </input_file>
      <input_file id="fl-11">
         <path>C:\ti\ccsv8\tools\compiler\c5500_4.4.1\lib\</path>
         <kind>archive</kind>
         <file>rts55x.lib</file>
         <name>printf.obj</name>
      </input_file>
      <input_file id="fl-12">
         <path>C:\ti\ccsv8\tools\compiler\c5500_4.4.1\lib\</path>
         <kind>archive</kind>
         <file>rts55x.lib</file>
         <name>remul.obj</name>
      </input_file>
      <input_file id="fl-13">
         <path>C:\ti\ccsv8\tools\compiler\c5500_4.4.1\lib\</path>
         <kind>archive</kind>
         <file>rts55x.lib</file>
         <name>udiv.obj</name>
      </input_file>
      <input_file id="fl-14">
         <path>C:\ti\ccsv8\tools\compiler\c5500_4.4.1\lib\</path>
         <kind>archive</kind>
         <file>rts55x.lib</file>
         <name>vectors.obj</name>
      </input_file>
      <input_file id="fl-15">
         <path>C:\ti\ccsv8\tools\compiler\c5500_4.4.1\lib\</path>
         <kind>archive</kind>
         <file>rts55x.lib</file>
         <name>_lock.obj</name>
      </input_file>
      <input_file id="fl-16">
         <path>C:\ti\ccsv8\tools\compiler\c5500_4.4.1\lib\</path>
         <kind>archive</kind>
         <file>rts55x.lib</file>
         <name>_printfi.obj</name>
      </input_file>
      <input_file id="fl-17">
         <path>C:\ti\ccsv8\tools\compiler\c5500_4.4.1\lib\</path>
         <kind>archive</kind>
         <file>rts55x.lib</file>
         <name>args_main.obj</name>
      </input_file>
      <input_file id="fl-18">
         <path>C:\ti\ccsv8\tools\compiler\c5500_4.4.1\lib\</path>
         <kind>archive</kind>
         <file>rts55x.lib</file>
         <name>atoi.obj</name>
      </input_file>
      <input_file id="fl-19">
         <path>C:\ti\ccsv8\tools\compiler\c5500_4.4.1\lib\</path>
         <kind>archive</kind>
         <file>rts55x.lib</file>
         <name>autoinit.obj</name>
      </input_file>
      <input_file id="fl-1a">
         <path>C:\ti\ccsv8\tools\compiler\c5500_4.4.1\lib\</path>
         <kind>archive</kind>
         <file>rts55x.lib</file>
         <name>cmpd.obj</name>
      </input_file>
      <input_file id="fl-1b">
         <path>C:\ti\ccsv8\tools\compiler\c5500_4.4.1\lib\</path>
         <kind>archive</kind>
         <file>rts55x.lib</file>
         <name>ctype.obj</name>
      </input_file>
      <input_file id="fl-1c">
         <path>C:\ti\ccsv8\tools\compiler\c5500_4.4.1\lib\</path>
         <kind>archive</kind>
         <file>rts55x.lib</file>
         <name>defs.obj</name>
      </input_file>
      <input_file id="fl-1d">
         <path>C:\ti\ccsv8\tools\compiler\c5500_4.4.1\lib\</path>
         <kind>archive</kind>
         <file>rts55x.lib</file>
         <name>divd.obj</name>
      </input_file>
      <input_file id="fl-1e">
         <path>C:\ti\ccsv8\tools\compiler\c5500_4.4.1\lib\</path>
         <kind>archive</kind>
         <file>rts55x.lib</file>
         <name>fixdi.obj</name>
      </input_file>
      <input_file id="fl-1f">
         <path>C:\ti\ccsv8\tools\compiler\c5500_4.4.1\lib\</path>
         <kind>archive</kind>
         <file>rts55x.lib</file>
         <name>fixdli.obj</name>
      </input_file>
      <input_file id="fl-20">
         <path>C:\ti\ccsv8\tools\compiler\c5500_4.4.1\lib\</path>
         <kind>archive</kind>
         <file>rts55x.lib</file>
         <name>fltlid.obj</name>
      </input_file>
      <input_file id="fl-21">
         <path>C:\ti\ccsv8\tools\compiler\c5500_4.4.1\lib\</path>
         <kind>archive</kind>
         <file>rts55x.lib</file>
         <name>fputc.obj</name>
      </input_file>
      <input_file id="fl-22">
         <path>C:\ti\ccsv8\tools\compiler\c5500_4.4.1\lib\</path>
         <kind>archive</kind>
         <file>rts55x.lib</file>
         <name>fputs.obj</name>
      </input_file>
      <input_file id="fl-23">
         <path>C:\ti\ccsv8\tools\compiler\c5500_4.4.1\lib\</path>
         <kind>archive</kind>
         <file>rts55x.lib</file>
         <name>frcmpyd.obj</name>
      </input_file>
      <input_file id="fl-24">
         <path>C:\ti\ccsv8\tools\compiler\c5500_4.4.1\lib\</path>
         <kind>archive</kind>
         <file>rts55x.lib</file>
         <name>frcmpyd_div.obj</name>
      </input_file>
      <input_file id="fl-25">
         <path>C:\ti\ccsv8\tools\compiler\c5500_4.4.1\lib\</path>
         <kind>archive</kind>
         <file>rts55x.lib</file>
         <name>isinf.obj</name>
      </input_file>
      <input_file id="fl-26">
         <path>C:\ti\ccsv8\tools\compiler\c5500_4.4.1\lib\</path>
         <kind>archive</kind>
         <file>rts55x.lib</file>
         <name>llmpy.obj</name>
      </input_file>
      <input_file id="fl-27">
         <path>C:\ti\ccsv8\tools\compiler\c5500_4.4.1\lib\</path>
         <kind>archive</kind>
         <file>rts55x.lib</file>
         <name>lowlev.obj</name>
      </input_file>
      <input_file id="fl-28">
         <path>C:\ti\ccsv8\tools\compiler\c5500_4.4.1\lib\</path>
         <kind>archive</kind>
         <file>rts55x.lib</file>
         <name>ltoa.obj</name>
      </input_file>
      <input_file id="fl-29">
         <path>C:\ti\ccsv8\tools\compiler\c5500_4.4.1\lib\</path>
         <kind>archive</kind>
         <file>rts55x.lib</file>
         <name>memccpy.obj</name>
      </input_file>
      <input_file id="fl-2a">
         <path>C:\ti\ccsv8\tools\compiler\c5500_4.4.1\lib\</path>
         <kind>archive</kind>
         <file>rts55x.lib</file>
         <name>memcpy.obj</name>
      </input_file>
      <input_file id="fl-2b">
         <path>C:\ti\ccsv8\tools\compiler\c5500_4.4.1\lib\</path>
         <kind>archive</kind>
         <file>rts55x.lib</file>
         <name>negd.obj</name>
      </input_file>
      <input_file id="fl-2c">
         <path>C:\ti\ccsv8\tools\compiler\c5500_4.4.1\lib\</path>
         <kind>archive</kind>
         <file>rts55x.lib</file>
         <name>remli.obj</name>
      </input_file>
      <input_file id="fl-2d">
         <path>C:\ti\ccsv8\tools\compiler\c5500_4.4.1\lib\</path>
         <kind>archive</kind>
         <file>rts55x.lib</file>
         <name>subd.obj</name>
      </input_file>
      <input_file id="fl-2e">
         <path>C:\ti\ccsv8\tools\compiler\c5500_4.4.1\lib\</path>
         <kind>archive</kind>
         <file>rts55x.lib</file>
         <name>trgdrv.obj</name>
      </input_file>
      <input_file id="fl-2f">
         <path>C:\ti\ccsv8\tools\compiler\c5500_4.4.1\lib\</path>
         <kind>archive</kind>
         <file>rts55x.lib</file>
         <name>trgmsg.obj</name>
      </input_file>
      <input_file id="fl-30">
         <path>C:\ti\ccsv8\tools\compiler\c5500_4.4.1\lib\</path>
         <kind>archive</kind>
         <file>rts55x.lib</file>
         <name>_io_perm.obj</name>
      </input_file>
      <input_file id="fl-31">
         <path>C:\ti\ccsv8\tools\compiler\c5500_4.4.1\lib\</path>
         <kind>archive</kind>
         <file>rts55x.lib</file>
         <name>addd.obj</name>
      </input_file>
      <input_file id="fl-32">
         <path>C:\ti\ccsv8\tools\compiler\c5500_4.4.1\lib\</path>
         <kind>archive</kind>
         <file>rts55x.lib</file>
         <name>divli.obj</name>
      </input_file>
      <input_file id="fl-33">
         <path>C:\ti\ccsv8\tools\compiler\c5500_4.4.1\lib\</path>
         <kind>archive</kind>
         <file>rts55x.lib</file>
         <name>fflush.obj</name>
      </input_file>
      <input_file id="fl-34">
         <path>C:\ti\ccsv8\tools\compiler\c5500_4.4.1\lib\</path>
         <kind>archive</kind>
         <file>rts55x.lib</file>
         <name>fseek.obj</name>
      </input_file>
      <input_file id="fl-35">
         <path>C:\ti\ccsv8\tools\compiler\c5500_4.4.1\lib\</path>
         <kind>archive</kind>
         <file>rts55x.lib</file>
         <name>setvbuf.obj</name>
      </input_file>
      <input_file id="fl-36">
         <path>C:\ti\ccsv8\tools\compiler\c5500_4.4.1\lib\</path>
         <kind>archive</kind>
         <file>rts55x.lib</file>
         <name>fopen.obj</name>
      </input_file>
      <input_file id="fl-37">
         <path>C:\ti\ccsv8\tools\compiler\c5500_4.4.1\lib\</path>
         <kind>archive</kind>
         <file>rts55x.lib</file>
         <name>memory.obj</name>
      </input_file>
      <input_file id="fl-38">
         <path>C:\ti\ccsv8\tools\compiler\c5500_4.4.1\lib\</path>
         <kind>archive</kind>
         <file>rts55x.lib</file>
         <name>fclose.obj</name>
      </input_file>
      <input_file id="fl-39">
         <path>C:\ti\ccsv8\tools\compiler\c5500_4.4.1\lib\</path>
         <kind>archive</kind>
         <file>rts55x.lib</file>
         <name>remove.obj</name>
      </input_file>
   </input_file_list>
   <object_component_list>
      <object_component id="oc-50">
         <name>vectors</name>
         <load_address>0x100</load_address>
         <run_address>0x100</run_address>
         <size>0x100</size>
         <input_file_ref idref="fl-14"/>
      </object_component>
      <object_component id="oc-5a">
         <name>.text</name>
         <load_address>0x8000</load_address>
         <run_address>0x8000</run_address>
         <size>0x15a4</size>
         <input_file_ref idref="fl-16"/>
      </object_component>
      <object_component id="oc-1e">
         <name>.text</name>
         <load_address>0x95a4</load_address>
         <run_address>0x95a4</run_address>
         <size>0x10d0</size>
         <input_file_ref idref="fl-9"/>
      </object_component>
      <object_component id="oc-a0">
         <name>.text</name>
         <load_address>0xa674</load_address>
         <run_address>0xa674</run_address>
         <size>0x543</size>
         <input_file_ref idref="fl-27"/>
      </object_component>
      <object_component id="oc-be">
         <name>.text</name>
         <load_address>0xabb7</load_address>
         <run_address>0xabb7</run_address>
         <size>0x528</size>
         <input_file_ref idref="fl-2e"/>
      </object_component>
      <object_component id="oc-10">
         <name>.text</name>
         <load_address>0xb0df</load_address>
         <run_address>0xb0df</run_address>
         <size>0x4b6</size>
         <input_file_ref idref="fl-2"/>
      </object_component>
      <object_component id="oc-e7">
         <name>.text</name>
         <load_address>0xb595</load_address>
         <run_address>0xb595</run_address>
         <size>0x4b5</size>
         <input_file_ref idref="fl-37"/>
      </object_component>
      <object_component id="oc-76">
         <name>.text</name>
         <load_address>0xba4a</load_address>
         <run_address>0xba4a</run_address>
         <size>0x3cc</size>
         <input_file_ref idref="fl-1d"/>
      </object_component>
      <object_component id="oc-e1">
         <name>.text</name>
         <load_address>0xbe16</load_address>
         <run_address>0xbe16</run_address>
         <size>0x27f</size>
         <input_file_ref idref="fl-36"/>
      </object_component>
      <object_component id="oc-18">
         <name>.text</name>
         <load_address>0xc095</load_address>
         <run_address>0xc095</run_address>
         <size>0x25e</size>
         <input_file_ref idref="fl-8"/>
      </object_component>
      <object_component id="oc-9c">
         <name>.text</name>
         <load_address>0xc2f3</load_address>
         <run_address>0xc2f3</run_address>
         <size>0x25e</size>
         <input_file_ref idref="fl-26"/>
      </object_component>
      <object_component id="oc-cd">
         <name>.text</name>
         <load_address>0xc551</load_address>
         <run_address>0xc551</run_address>
         <size>0x25a</size>
         <input_file_ref idref="fl-31"/>
      </object_component>
      <object_component id="oc-6c">
         <name>.text</name>
         <load_address>0xc7ab</load_address>
         <run_address>0xc7ab</run_address>
         <size>0x1ea</size>
         <input_file_ref idref="fl-1a"/>
      </object_component>
      <object_component id="oc-8b">
         <name>.text</name>
         <load_address>0xc995</load_address>
         <run_address>0xc995</run_address>
         <size>0x163</size>
         <input_file_ref idref="fl-22"/>
      </object_component>
      <object_component id="oc-3f">
         <name>.text</name>
         <load_address>0xcaf8</load_address>
         <run_address>0xcaf8</run_address>
         <size>0x14c</size>
         <input_file_ref idref="fl-10"/>
      </object_component>
      <object_component id="oc-dd">
         <name>.text</name>
         <load_address>0xcc44</load_address>
         <run_address>0xcc44</run_address>
         <size>0xe6</size>
         <input_file_ref idref="fl-35"/>
      </object_component>
      <object_component id="oc-c9">
         <name>.text</name>
         <load_address>0xcd2a</load_address>
         <run_address>0xcd2a</run_address>
         <size>0xdd</size>
         <input_file_ref idref="fl-30"/>
      </object_component>
      <object_component id="oc-d5">
         <name>.text</name>
         <load_address>0xce07</load_address>
         <run_address>0xce07</run_address>
         <size>0xc2</size>
         <input_file_ref idref="fl-33"/>
      </object_component>
      <object_component id="oc-c6">
         <name>.text:CIO_breakpoint</name>
         <load_address>0xcec9</load_address>
         <run_address>0xcec9</run_address>
         <size>0xba</size>
         <input_file_ref idref="fl-2f"/>
      </object_component>
      <object_component id="oc-87">
         <name>.text</name>
         <load_address>0xcf83</load_address>
         <run_address>0xcf83</run_address>
         <size>0xa6</size>
         <input_file_ref idref="fl-21"/>
      </object_component>
      <object_component id="oc-27">
         <name>.text</name>
         <load_address>0xd029</load_address>
         <run_address>0xd029</run_address>
         <size>0xa1</size>
         <input_file_ref idref="fl-b"/>
      </object_component>
      <object_component id="oc-a6">
         <name>.text</name>
         <load_address>0xd0ca</load_address>
         <run_address>0xd0ca</run_address>
         <size>0x7d</size>
         <input_file_ref idref="fl-28"/>
      </object_component>
      <object_component id="oc-ee">
         <name>.text</name>
         <load_address>0xd147</load_address>
         <run_address>0xd147</run_address>
         <size>0x7b</size>
         <input_file_ref idref="fl-38"/>
      </object_component>
      <object_component id="oc-32">
         <name>.text</name>
         <load_address>0xd1c2</load_address>
         <run_address>0xd1c2</run_address>
         <size>0x77</size>
         <input_file_ref idref="fl-d"/>
      </object_component>
      <object_component id="oc-90">
         <name>.text</name>
         <load_address>0xd239</load_address>
         <run_address>0xd239</run_address>
         <size>0x76</size>
         <input_file_ref idref="fl-23"/>
      </object_component>
      <object_component id="oc-94">
         <name>.text</name>
         <load_address>0xd2af</load_address>
         <run_address>0xd2af</run_address>
         <size>0x73</size>
         <input_file_ref idref="fl-24"/>
      </object_component>
      <object_component id="oc-47">
         <name>.text</name>
         <load_address>0xd322</load_address>
         <run_address>0xd322</run_address>
         <size>0x72</size>
         <input_file_ref idref="fl-12"/>
      </object_component>
      <object_component id="oc-7e">
         <name>.text</name>
         <load_address>0xd394</load_address>
         <run_address>0xd394</run_address>
         <size>0x6f</size>
         <input_file_ref idref="fl-1f"/>
      </object_component>
      <object_component id="oc-c3">
         <name>.text</name>
         <load_address>0xd403</load_address>
         <run_address>0xd403</run_address>
         <size>0x6d</size>
         <input_file_ref idref="fl-2f"/>
      </object_component>
      <object_component id="oc-d9">
         <name>.text</name>
         <load_address>0xd470</load_address>
         <run_address>0xd470</run_address>
         <size>0x6b</size>
         <input_file_ref idref="fl-34"/>
      </object_component>
      <object_component id="oc-82">
         <name>.text</name>
         <load_address>0xd4db</load_address>
         <run_address>0xd4db</run_address>
         <size>0x67</size>
         <input_file_ref idref="fl-20"/>
      </object_component>
      <object_component id="oc-64">
         <name>.text</name>
         <load_address>0xd542</load_address>
         <run_address>0xd542</run_address>
         <size>0x5c</size>
         <input_file_ref idref="fl-18"/>
      </object_component>
      <object_component id="oc-36">
         <name>.text</name>
         <load_address>0xd59e</load_address>
         <run_address>0xd59e</run_address>
         <size>0x5b</size>
         <input_file_ref idref="fl-e"/>
      </object_component>
      <object_component id="oc-43">
         <name>.text</name>
         <load_address>0xd5f9</load_address>
         <run_address>0xd5f9</run_address>
         <size>0x50</size>
         <input_file_ref idref="fl-11"/>
      </object_component>
      <object_component id="oc-68">
         <name>.text</name>
         <load_address>0xd649</load_address>
         <run_address>0xd649</run_address>
         <size>0x4d</size>
         <input_file_ref idref="fl-19"/>
      </object_component>
      <object_component id="oc-60">
         <name>.text</name>
         <load_address>0xd696</load_address>
         <run_address>0xd696</run_address>
         <size>0x4b</size>
         <input_file_ref idref="fl-17"/>
      </object_component>
      <object_component id="oc-b6">
         <name>.text</name>
         <load_address>0xd6e1</load_address>
         <run_address>0xd6e1</run_address>
         <size>0x4b</size>
         <input_file_ref idref="fl-2c"/>
      </object_component>
      <object_component id="oc-d1">
         <name>.text</name>
         <load_address>0xd72c</load_address>
         <run_address>0xd72c</run_address>
         <size>0x48</size>
         <input_file_ref idref="fl-32"/>
      </object_component>
      <object_component id="oc-ae">
         <name>.text</name>
         <load_address>0xd774</load_address>
         <run_address>0xd774</run_address>
         <size>0x3f</size>
         <input_file_ref idref="fl-2a"/>
      </object_component>
      <object_component id="oc-2b">
         <name>.text</name>
         <load_address>0xd7b3</load_address>
         <run_address>0xd7b3</run_address>
         <size>0x3e</size>
         <input_file_ref idref="fl-c"/>
      </object_component>
      <object_component id="oc-f">
         <name>.text</name>
         <load_address>0xd7f1</load_address>
         <run_address>0xd7f1</run_address>
         <size>0x34</size>
         <input_file_ref idref="fl-a"/>
      </object_component>
      <object_component id="oc-7a">
         <name>.text</name>
         <load_address>0xd825</load_address>
         <run_address>0xd825</run_address>
         <size>0x2a</size>
         <input_file_ref idref="fl-1e"/>
      </object_component>
      <object_component id="oc-4b">
         <name>.text</name>
         <load_address>0xd84f</load_address>
         <run_address>0xd84f</run_address>
         <size>0x2a</size>
         <input_file_ref idref="fl-13"/>
      </object_component>
      <object_component id="oc-aa">
         <name>.text</name>
         <load_address>0xd879</load_address>
         <run_address>0xd879</run_address>
         <size>0x23</size>
         <input_file_ref idref="fl-29"/>
      </object_component>
      <object_component id="oc-98">
         <name>.text</name>
         <load_address>0xd89c</load_address>
         <run_address>0xd89c</run_address>
         <size>0x1a</size>
         <input_file_ref idref="fl-25"/>
      </object_component>
      <object_component id="oc-ba">
         <name>.text</name>
         <load_address>0xd8b6</load_address>
         <run_address>0xd8b6</run_address>
         <size>0x14</size>
         <input_file_ref idref="fl-2d"/>
      </object_component>
      <object_component id="oc-3b">
         <name>.text</name>
         <load_address>0xd8ca</load_address>
         <run_address>0xd8ca</run_address>
         <size>0x13</size>
         <input_file_ref idref="fl-f"/>
      </object_component>
      <object_component id="oc-54">
         <name>.text</name>
         <load_address>0xd8dd</load_address>
         <run_address>0xd8dd</run_address>
         <size>0x12</size>
         <input_file_ref idref="fl-15"/>
      </object_component>
      <object_component id="oc-b2">
         <name>.text</name>
         <load_address>0xd8ef</load_address>
         <run_address>0xd8ef</run_address>
         <size>0x10</size>
         <input_file_ref idref="fl-2b"/>
      </object_component>
      <object_component id="oc-f2">
         <name>.text</name>
         <load_address>0xd8ff</load_address>
         <run_address>0xd8ff</run_address>
         <size>0xa</size>
         <input_file_ref idref="fl-39"/>
      </object_component>
      <object_component id="oc-2f">
         <name>.text:CIO_breakpoint</name>
         <load_address>0xd909</load_address>
         <run_address>0xd909</run_address>
         <size>0x7</size>
         <input_file_ref idref="fl-c"/>
      </object_component>
      <object_component id="oc-4f">
         <name>.text</name>
         <load_address>0xd910</load_address>
         <run_address>0xd910</run_address>
         <size>0x2</size>
         <input_file_ref idref="fl-14"/>
      </object_component>
      <object_component id="oc-23">
         <name>.stack</name>
         <uninitialized>true</uninitialized>
         <run_address>0xd914</run_address>
         <size>0x0</size>
         <input_file_ref idref="fl-a"/>
      </object_component>
      <object_component id="oc-110">
         <name>.stack</name>
         <uninitialized>true</uninitialized>
         <run_address>0xd914</run_address>
         <size>0x0</size>
      </object_component>
      <object_component id="oc-f6">
         <name>.sysstack</name>
         <uninitialized>true</uninitialized>
         <run_address>0xf914</run_address>
         <size>0x0</size>
         <input_file_ref idref="fl-a"/>
      </object_component>
      <object_component id="oc-112">
         <name>.sysstack</name>
         <uninitialized>true</uninitialized>
         <run_address>0xf914</run_address>
         <size>0x0</size>
      </object_component>
      <object_component id="oc-11">
         <name>.bss</name>
         <load_address>0x11914</load_address>
         <run_address>0x11914</run_address>
         <size>0xa2e</size>
         <input_file_ref idref="fl-2"/>
      </object_component>
      <object_component id="oc-e2">
         <name>.bss</name>
         <load_address>0x12342</load_address>
         <run_address>0x12342</run_address>
         <size>0x2</size>
         <input_file_ref idref="fl-36"/>
      </object_component>
      <object_component id="oc-72">
         <name>.bss</name>
         <load_address>0x12344</load_address>
         <run_address>0x12344</run_address>
         <size>0x232</size>
         <input_file_ref idref="fl-1c"/>
      </object_component>
      <object_component id="oc-bf">
         <name>.bss</name>
         <load_address>0x12576</load_address>
         <run_address>0x12576</run_address>
         <size>0x1a0</size>
         <input_file_ref idref="fl-2e"/>
      </object_component>
      <object_component id="oc-a1">
         <name>.bss</name>
         <load_address>0x12718</load_address>
         <run_address>0x12718</run_address>
         <size>0xe2</size>
         <input_file_ref idref="fl-27"/>
      </object_component>
      <object_component id="oc-e8">
         <name>.bss</name>
         <load_address>0x127fc</load_address>
         <run_address>0x127fc</run_address>
         <size>0xc</size>
         <input_file_ref idref="fl-37"/>
      </object_component>
      <object_component id="oc-55">
         <name>.bss</name>
         <load_address>0x12808</load_address>
         <run_address>0x12808</run_address>
         <size>0x8</size>
         <input_file_ref idref="fl-15"/>
      </object_component>
      <object_component id="oc-2c">
         <name>.bss</name>
         <load_address>0x12810</load_address>
         <run_address>0x12810</run_address>
         <size>0x8</size>
         <input_file_ref idref="fl-c"/>
      </object_component>
      <object_component id="oc-19">
         <name>.bss</name>
         <load_address>0x12818</load_address>
         <run_address>0x12818</run_address>
         <size>0x6</size>
         <input_file_ref idref="fl-8"/>
      </object_component>
      <object_component id="oc-13">
         <name>.cinit</name>
         <load_address>0x1281e</load_address>
         <run_address>0x1281e</run_address>
         <size>0x150</size>
         <input_file_ref idref="fl-2"/>
      </object_component>
      <object_component id="oc-a3">
         <name>.cinit</name>
         <load_address>0x1296e</load_address>
         <run_address>0x1296e</run_address>
         <size>0x5a</size>
         <input_file_ref idref="fl-27"/>
      </object_component>
      <object_component id="oc-74">
         <name>.cinit</name>
         <load_address>0x129c8</load_address>
         <run_address>0x129c8</run_address>
         <size>0x54</size>
         <input_file_ref idref="fl-1c"/>
      </object_component>
      <object_component id="oc-57">
         <name>.cinit</name>
         <load_address>0x12a1c</load_address>
         <run_address>0x12a1c</run_address>
         <size>0x14</size>
         <input_file_ref idref="fl-15"/>
      </object_component>
      <object_component id="oc-2e">
         <name>.cinit</name>
         <load_address>0x12a30</load_address>
         <run_address>0x12a30</run_address>
         <size>0x14</size>
         <input_file_ref idref="fl-c"/>
      </object_component>
      <object_component id="oc-e4">
         <name>.cinit</name>
         <load_address>0x12a44</load_address>
         <run_address>0x12a44</run_address>
         <size>0x8</size>
         <input_file_ref idref="fl-36"/>
      </object_component>
      <object_component id="oc-ea">
         <name>.cinit</name>
         <load_address>0x12a4c</load_address>
         <run_address>0x12a4c</run_address>
         <size>0x8</size>
         <input_file_ref idref="fl-37"/>
      </object_component>
      <object_component id="oc-14">
         <name>.const:.string</name>
         <load_address>0x4380</load_address>
         <run_address>0x4380</run_address>
         <size>0x6fa</size>
         <input_file_ref idref="fl-2"/>
      </object_component>
      <object_component id="oc-f8">
         <name>.const:__ctypes_</name>
         <load_address>0x4a7a</load_address>
         <run_address>0x4a7a</run_address>
         <size>0x202</size>
         <input_file_ref idref="fl-1b"/>
      </object_component>
      <object_component id="oc-5d">
         <name>.const:.string</name>
         <load_address>0x4c7c</load_address>
         <run_address>0x4c7c</run_address>
         <size>0x48</size>
         <input_file_ref idref="fl-16"/>
      </object_component>
      <object_component id="oc-5c">
         <name>.const</name>
         <load_address>0x4cc4</load_address>
         <run_address>0x4cc4</run_address>
         <size>0x18</size>
         <input_file_ref idref="fl-16"/>
      </object_component>
      <object_component id="oc-f9">
         <name>.const:_initial_approx$1</name>
         <load_address>0x4cdc</load_address>
         <run_address>0x4cdc</run_address>
         <size>0x10</size>
         <input_file_ref idref="fl-1d"/>
      </object_component>
      <object_component id="oc-8d">
         <name>.const:.string</name>
         <load_address>0x4cec</load_address>
         <run_address>0x4cec</run_address>
         <size>0x4</size>
         <input_file_ref idref="fl-22"/>
      </object_component>
      <object_component id="oc-84">
         <name>.const</name>
         <load_address>0x4cf0</load_address>
         <run_address>0x4cf0</run_address>
         <size>0x4</size>
         <input_file_ref idref="fl-20"/>
      </object_component>
      <object_component id="oc-38">
         <name>.const</name>
         <load_address>0x4cf4</load_address>
         <run_address>0x4cf4</run_address>
         <size>0x4</size>
         <input_file_ref idref="fl-e"/>
      </object_component>
      <object_component id="oc-f7">
         <name>.switch:_SYS_setEBSR</name>
         <load_address>0x4f38</load_address>
         <run_address>0x4f38</run_address>
         <size>0x24</size>
         <input_file_ref idref="fl-8"/>
      </object_component>
      <object_component id="oc-eb">
         <name>.sysmem</name>
         <uninitialized>true</uninitialized>
         <run_address>0x400</run_address>
         <size>0x0</size>
         <input_file_ref idref="fl-37"/>
      </object_component>
      <object_component id="oc-111">
         <name>.sysmem</name>
         <uninitialized>true</uninitialized>
         <run_address>0x400</run_address>
         <size>0x0</size>
      </object_component>
      <object_component id="oc-c5">
         <name>.cio</name>
         <uninitialized>true</uninitialized>
         <run_address>0x4cf8</run_address>
         <size>0x240</size>
         <input_file_ref idref="fl-2f"/>
      </object_component>
      <object_component id="oc-12">
         <name>.debug_info</name>
         <load_address>0x0</load_address>
         <run_address>0x0</run_address>
         <size>0x1a07</size>
         <input_file_ref idref="fl-2"/>
      </object_component>
      <object_component id="oc-1a">
         <name>.debug_info</name>
         <load_address>0x1a07</load_address>
         <run_address>0x1a07</run_address>
         <size>0x114d</size>
         <input_file_ref idref="fl-8"/>
      </object_component>
      <object_component id="oc-1f">
         <name>.debug_info</name>
         <load_address>0x2b54</load_address>
         <run_address>0x2b54</run_address>
         <size>0x3528</size>
         <input_file_ref idref="fl-9"/>
      </object_component>
      <object_component id="oc-24">
         <name>.debug_info</name>
         <load_address>0x607c</load_address>
         <run_address>0x607c</run_address>
         <size>0xe8</size>
         <input_file_ref idref="fl-a"/>
      </object_component>
      <object_component id="oc-28">
         <name>.debug_info</name>
         <load_address>0x6164</load_address>
         <run_address>0x6164</run_address>
         <size>0x534</size>
         <input_file_ref idref="fl-b"/>
      </object_component>
      <object_component id="oc-2d">
         <name>.debug_info</name>
         <load_address>0x6698</load_address>
         <run_address>0x6698</run_address>
         <size>0x5fb</size>
         <input_file_ref idref="fl-c"/>
      </object_component>
      <object_component id="oc-33">
         <name>.debug_info</name>
         <load_address>0x6c93</load_address>
         <run_address>0x6c93</run_address>
         <size>0x534</size>
         <input_file_ref idref="fl-d"/>
      </object_component>
      <object_component id="oc-37">
         <name>.debug_info</name>
         <load_address>0x71c7</load_address>
         <run_address>0x71c7</run_address>
         <size>0x549</size>
         <input_file_ref idref="fl-e"/>
      </object_component>
      <object_component id="oc-3c">
         <name>.debug_info</name>
         <load_address>0x7710</load_address>
         <run_address>0x7710</run_address>
         <size>0xbd</size>
         <input_file_ref idref="fl-f"/>
      </object_component>
      <object_component id="oc-40">
         <name>.debug_info</name>
         <load_address>0x77cd</load_address>
         <run_address>0x77cd</run_address>
         <size>0x55b</size>
         <input_file_ref idref="fl-10"/>
      </object_component>
      <object_component id="oc-44">
         <name>.debug_info</name>
         <load_address>0x7d28</load_address>
         <run_address>0x7d28</run_address>
         <size>0x76c</size>
         <input_file_ref idref="fl-11"/>
      </object_component>
      <object_component id="oc-48">
         <name>.debug_info</name>
         <load_address>0x8494</load_address>
         <run_address>0x8494</run_address>
         <size>0x534</size>
         <input_file_ref idref="fl-12"/>
      </object_component>
      <object_component id="oc-4c">
         <name>.debug_info</name>
         <load_address>0x89c8</load_address>
         <run_address>0x89c8</run_address>
         <size>0xef</size>
         <input_file_ref idref="fl-13"/>
      </object_component>
      <object_component id="oc-51">
         <name>.debug_info</name>
         <load_address>0x8ab7</load_address>
         <run_address>0x8ab7</run_address>
         <size>0xbc</size>
         <input_file_ref idref="fl-14"/>
      </object_component>
      <object_component id="oc-56">
         <name>.debug_info</name>
         <load_address>0x8b73</load_address>
         <run_address>0x8b73</run_address>
         <size>0x5bc</size>
         <input_file_ref idref="fl-15"/>
      </object_component>
      <object_component id="oc-5b">
         <name>.debug_info</name>
         <load_address>0x912f</load_address>
         <run_address>0x912f</run_address>
         <size>0x27bd</size>
         <input_file_ref idref="fl-16"/>
      </object_component>
      <object_component id="oc-61">
         <name>.debug_info</name>
         <load_address>0xb8ec</load_address>
         <run_address>0xb8ec</run_address>
         <size>0x586</size>
         <input_file_ref idref="fl-17"/>
      </object_component>
      <object_component id="oc-65">
         <name>.debug_info</name>
         <load_address>0xbe72</load_address>
         <run_address>0xbe72</run_address>
         <size>0x5a4</size>
         <input_file_ref idref="fl-18"/>
      </object_component>
      <object_component id="oc-69">
         <name>.debug_info</name>
         <load_address>0xc416</load_address>
         <run_address>0xc416</run_address>
         <size>0xcd</size>
         <input_file_ref idref="fl-19"/>
      </object_component>
      <object_component id="oc-6d">
         <name>.debug_info</name>
         <load_address>0xc4e3</load_address>
         <run_address>0xc4e3</run_address>
         <size>0x81f</size>
         <input_file_ref idref="fl-1a"/>
      </object_component>
      <object_component id="oc-70">
         <name>.debug_info</name>
         <load_address>0xcd02</load_address>
         <run_address>0xcd02</run_address>
         <size>0x498</size>
         <input_file_ref idref="fl-1b"/>
      </object_component>
      <object_component id="oc-73">
         <name>.debug_info</name>
         <load_address>0xd19a</load_address>
         <run_address>0xd19a</run_address>
         <size>0x57e</size>
         <input_file_ref idref="fl-1c"/>
      </object_component>
      <object_component id="oc-77">
         <name>.debug_info</name>
         <load_address>0xd718</load_address>
         <run_address>0xd718</run_address>
         <size>0x7e8</size>
         <input_file_ref idref="fl-1d"/>
      </object_component>
      <object_component id="oc-7b">
         <name>.debug_info</name>
         <load_address>0xdf00</load_address>
         <run_address>0xdf00</run_address>
         <size>0x4cf</size>
         <input_file_ref idref="fl-1e"/>
      </object_component>
      <object_component id="oc-7f">
         <name>.debug_info</name>
         <load_address>0xe3cf</load_address>
         <run_address>0xe3cf</run_address>
         <size>0x534</size>
         <input_file_ref idref="fl-1f"/>
      </object_component>
      <object_component id="oc-83">
         <name>.debug_info</name>
         <load_address>0xe903</load_address>
         <run_address>0xe903</run_address>
         <size>0x549</size>
         <input_file_ref idref="fl-20"/>
      </object_component>
      <object_component id="oc-88">
         <name>.debug_info</name>
         <load_address>0xee4c</load_address>
         <run_address>0xee4c</run_address>
         <size>0x6aa</size>
         <input_file_ref idref="fl-21"/>
      </object_component>
      <object_component id="oc-8c">
         <name>.debug_info</name>
         <load_address>0xf4f6</load_address>
         <run_address>0xf4f6</run_address>
         <size>0x942</size>
         <input_file_ref idref="fl-22"/>
      </object_component>
      <object_component id="oc-91">
         <name>.debug_info</name>
         <load_address>0xfe38</load_address>
         <run_address>0xfe38</run_address>
         <size>0x4d2</size>
         <input_file_ref idref="fl-23"/>
      </object_component>
      <object_component id="oc-95">
         <name>.debug_info</name>
         <load_address>0x1030a</load_address>
         <run_address>0x1030a</run_address>
         <size>0x53e</size>
         <input_file_ref idref="fl-24"/>
      </object_component>
      <object_component id="oc-99">
         <name>.debug_info</name>
         <load_address>0x10848</load_address>
         <run_address>0x10848</run_address>
         <size>0x680</size>
         <input_file_ref idref="fl-25"/>
      </object_component>
      <object_component id="oc-9d">
         <name>.debug_info</name>
         <load_address>0x10ec8</load_address>
         <run_address>0x10ec8</run_address>
         <size>0x7d4</size>
         <input_file_ref idref="fl-26"/>
      </object_component>
      <object_component id="oc-a2">
         <name>.debug_info</name>
         <load_address>0x1169c</load_address>
         <run_address>0x1169c</run_address>
         <size>0x144b</size>
         <input_file_ref idref="fl-27"/>
      </object_component>
      <object_component id="oc-a7">
         <name>.debug_info</name>
         <load_address>0x12ae7</load_address>
         <run_address>0x12ae7</run_address>
         <size>0x5ad</size>
         <input_file_ref idref="fl-28"/>
      </object_component>
      <object_component id="oc-ab">
         <name>.debug_info</name>
         <load_address>0x13094</load_address>
         <run_address>0x13094</run_address>
         <size>0x574</size>
         <input_file_ref idref="fl-29"/>
      </object_component>
      <object_component id="oc-af">
         <name>.debug_info</name>
         <load_address>0x13608</load_address>
         <run_address>0x13608</run_address>
         <size>0xd1</size>
         <input_file_ref idref="fl-2a"/>
      </object_component>
      <object_component id="oc-b3">
         <name>.debug_info</name>
         <load_address>0x136d9</load_address>
         <run_address>0x136d9</run_address>
         <size>0x4b7</size>
         <input_file_ref idref="fl-2b"/>
      </object_component>
      <object_component id="oc-b7">
         <name>.debug_info</name>
         <load_address>0x13b90</load_address>
         <run_address>0x13b90</run_address>
         <size>0x4f2</size>
         <input_file_ref idref="fl-2c"/>
      </object_component>
      <object_component id="oc-bb">
         <name>.debug_info</name>
         <load_address>0x14082</load_address>
         <run_address>0x14082</run_address>
         <size>0x4de</size>
         <input_file_ref idref="fl-2d"/>
      </object_component>
      <object_component id="oc-c0">
         <name>.debug_info</name>
         <load_address>0x14560</load_address>
         <run_address>0x14560</run_address>
         <size>0xed4</size>
         <input_file_ref idref="fl-2e"/>
      </object_component>
      <object_component id="oc-c4">
         <name>.debug_info</name>
         <load_address>0x15434</load_address>
         <run_address>0x15434</run_address>
         <size>0x744</size>
         <input_file_ref idref="fl-2f"/>
      </object_component>
      <object_component id="oc-ca">
         <name>.debug_info</name>
         <load_address>0x15b78</load_address>
         <run_address>0x15b78</run_address>
         <size>0x662</size>
         <input_file_ref idref="fl-30"/>
      </object_component>
      <object_component id="oc-ce">
         <name>.debug_info</name>
         <load_address>0x161da</load_address>
         <run_address>0x161da</run_address>
         <size>0x5ab</size>
         <input_file_ref idref="fl-31"/>
      </object_component>
      <object_component id="oc-d2">
         <name>.debug_info</name>
         <load_address>0x16785</load_address>
         <run_address>0x16785</run_address>
         <size>0x4f2</size>
         <input_file_ref idref="fl-32"/>
      </object_component>
      <object_component id="oc-d6">
         <name>.debug_info</name>
         <load_address>0x16c77</load_address>
         <run_address>0x16c77</run_address>
         <size>0x706</size>
         <input_file_ref idref="fl-33"/>
      </object_component>
      <object_component id="oc-da">
         <name>.debug_info</name>
         <load_address>0x1737d</load_address>
         <run_address>0x1737d</run_address>
         <size>0x5f7</size>
         <input_file_ref idref="fl-34"/>
      </object_component>
      <object_component id="oc-de">
         <name>.debug_info</name>
         <load_address>0x17974</load_address>
         <run_address>0x17974</run_address>
         <size>0x64a</size>
         <input_file_ref idref="fl-35"/>
      </object_component>
      <object_component id="oc-e3">
         <name>.debug_info</name>
         <load_address>0x17fbe</load_address>
         <run_address>0x17fbe</run_address>
         <size>0xa1c</size>
         <input_file_ref idref="fl-36"/>
      </object_component>
      <object_component id="oc-e9">
         <name>.debug_info</name>
         <load_address>0x189da</load_address>
         <run_address>0x189da</run_address>
         <size>0xb97</size>
         <input_file_ref idref="fl-37"/>
      </object_component>
      <object_component id="oc-ef">
         <name>.debug_info</name>
         <load_address>0x19571</load_address>
         <run_address>0x19571</run_address>
         <size>0x64f</size>
         <input_file_ref idref="fl-38"/>
      </object_component>
      <object_component id="oc-f3">
         <name>.debug_info</name>
         <load_address>0x19bc0</load_address>
         <run_address>0x19bc0</run_address>
         <size>0x510</size>
         <input_file_ref idref="fl-39"/>
      </object_component>
      <object_component id="oc-114">
         <name>.debug_info</name>
         <load_address>0x1a0d0</load_address>
         <run_address>0x1a0d0</run_address>
         <size>0x6e</size>
      </object_component>
      <object_component id="oc-15">
         <name>.debug_frame</name>
         <load_address>0x0</load_address>
         <run_address>0x0</run_address>
         <size>0x120</size>
         <input_file_ref idref="fl-2"/>
      </object_component>
      <object_component id="oc-1b">
         <name>.debug_frame</name>
         <load_address>0x120</load_address>
         <run_address>0x120</run_address>
         <size>0x11f</size>
         <input_file_ref idref="fl-8"/>
      </object_component>
      <object_component id="oc-20">
         <name>.debug_frame</name>
         <load_address>0x23f</load_address>
         <run_address>0x23f</run_address>
         <size>0x30e</size>
         <input_file_ref idref="fl-9"/>
      </object_component>
      <object_component id="oc-16">
         <name>.debug_line</name>
         <load_address>0x0</load_address>
         <run_address>0x0</run_address>
         <size>0x14e</size>
         <input_file_ref idref="fl-2"/>
      </object_component>
      <object_component id="oc-1c">
         <name>.debug_line</name>
         <load_address>0x14e</load_address>
         <run_address>0x14e</run_address>
         <size>0x1b0</size>
         <input_file_ref idref="fl-8"/>
      </object_component>
      <object_component id="oc-21">
         <name>.debug_line</name>
         <load_address>0x2fe</load_address>
         <run_address>0x2fe</run_address>
         <size>0x7d3</size>
         <input_file_ref idref="fl-9"/>
      </object_component>
      <object_component id="oc-25">
         <name>.debug_line</name>
         <load_address>0xad1</load_address>
         <run_address>0xad1</run_address>
         <size>0x54</size>
         <input_file_ref idref="fl-a"/>
      </object_component>
      <object_component id="oc-29">
         <name>.debug_line</name>
         <load_address>0xb25</load_address>
         <run_address>0xb25</run_address>
         <size>0x44</size>
         <input_file_ref idref="fl-b"/>
      </object_component>
      <object_component id="oc-30">
         <name>.debug_line</name>
         <load_address>0xb69</load_address>
         <run_address>0xb69</run_address>
         <size>0x51</size>
         <input_file_ref idref="fl-c"/>
      </object_component>
      <object_component id="oc-34">
         <name>.debug_line</name>
         <load_address>0xbba</load_address>
         <run_address>0xbba</run_address>
         <size>0x3d</size>
         <input_file_ref idref="fl-d"/>
      </object_component>
      <object_component id="oc-39">
         <name>.debug_line</name>
         <load_address>0xbf7</load_address>
         <run_address>0xbf7</run_address>
         <size>0x44</size>
         <input_file_ref idref="fl-e"/>
      </object_component>
      <object_component id="oc-3d">
         <name>.debug_line</name>
         <load_address>0xc3b</load_address>
         <run_address>0xc3b</run_address>
         <size>0x3c</size>
         <input_file_ref idref="fl-f"/>
      </object_component>
      <object_component id="oc-41">
         <name>.debug_line</name>
         <load_address>0xc77</load_address>
         <run_address>0xc77</run_address>
         <size>0x3c</size>
         <input_file_ref idref="fl-10"/>
      </object_component>
      <object_component id="oc-45">
         <name>.debug_line</name>
         <load_address>0xcb3</load_address>
         <run_address>0xcb3</run_address>
         <size>0x69</size>
         <input_file_ref idref="fl-11"/>
      </object_component>
      <object_component id="oc-49">
         <name>.debug_line</name>
         <load_address>0xd1c</load_address>
         <run_address>0xd1c</run_address>
         <size>0x44</size>
         <input_file_ref idref="fl-12"/>
      </object_component>
      <object_component id="oc-4d">
         <name>.debug_line</name>
         <load_address>0xd60</load_address>
         <run_address>0xd60</run_address>
         <size>0x58</size>
         <input_file_ref idref="fl-13"/>
      </object_component>
      <object_component id="oc-52">
         <name>.debug_line</name>
         <load_address>0xdb8</load_address>
         <run_address>0xdb8</run_address>
         <size>0x37</size>
         <input_file_ref idref="fl-14"/>
      </object_component>
      <object_component id="oc-58">
         <name>.debug_line</name>
         <load_address>0xdef</load_address>
         <run_address>0xdef</run_address>
         <size>0x57</size>
         <input_file_ref idref="fl-15"/>
      </object_component>
      <object_component id="oc-5e">
         <name>.debug_line</name>
         <load_address>0xe46</load_address>
         <run_address>0xe46</run_address>
         <size>0x328</size>
         <input_file_ref idref="fl-16"/>
      </object_component>
      <object_component id="oc-62">
         <name>.debug_line</name>
         <load_address>0x116e</load_address>
         <run_address>0x116e</run_address>
         <size>0x41</size>
         <input_file_ref idref="fl-17"/>
      </object_component>
      <object_component id="oc-66">
         <name>.debug_line</name>
         <load_address>0x11af</load_address>
         <run_address>0x11af</run_address>
         <size>0x46</size>
         <input_file_ref idref="fl-18"/>
      </object_component>
      <object_component id="oc-6a">
         <name>.debug_line</name>
         <load_address>0x11f5</load_address>
         <run_address>0x11f5</run_address>
         <size>0x55</size>
         <input_file_ref idref="fl-19"/>
      </object_component>
      <object_component id="oc-6e">
         <name>.debug_line</name>
         <load_address>0x124a</load_address>
         <run_address>0x124a</run_address>
         <size>0xad</size>
         <input_file_ref idref="fl-1a"/>
      </object_component>
      <object_component id="oc-78">
         <name>.debug_line</name>
         <load_address>0x12f7</load_address>
         <run_address>0x12f7</run_address>
         <size>0x5b</size>
         <input_file_ref idref="fl-1d"/>
      </object_component>
      <object_component id="oc-7c">
         <name>.debug_line</name>
         <load_address>0x1352</load_address>
         <run_address>0x1352</run_address>
         <size>0x3d</size>
         <input_file_ref idref="fl-1e"/>
      </object_component>
      <object_component id="oc-80">
         <name>.debug_line</name>
         <load_address>0x138f</load_address>
         <run_address>0x138f</run_address>
         <size>0x3d</size>
         <input_file_ref idref="fl-1f"/>
      </object_component>
      <object_component id="oc-85">
         <name>.debug_line</name>
         <load_address>0x13cc</load_address>
         <run_address>0x13cc</run_address>
         <size>0x44</size>
         <input_file_ref idref="fl-20"/>
      </object_component>
      <object_component id="oc-89">
         <name>.debug_line</name>
         <load_address>0x1410</load_address>
         <run_address>0x1410</run_address>
         <size>0x56</size>
         <input_file_ref idref="fl-21"/>
      </object_component>
      <object_component id="oc-8e">
         <name>.debug_line</name>
         <load_address>0x1466</load_address>
         <run_address>0x1466</run_address>
         <size>0xa8</size>
         <input_file_ref idref="fl-22"/>
      </object_component>
      <object_component id="oc-92">
         <name>.debug_line</name>
         <load_address>0x150e</load_address>
         <run_address>0x150e</run_address>
         <size>0x3a</size>
         <input_file_ref idref="fl-23"/>
      </object_component>
      <object_component id="oc-96">
         <name>.debug_line</name>
         <load_address>0x1548</load_address>
         <run_address>0x1548</run_address>
         <size>0x40</size>
         <input_file_ref idref="fl-24"/>
      </object_component>
      <object_component id="oc-9a">
         <name>.debug_line</name>
         <load_address>0x1588</load_address>
         <run_address>0x1588</run_address>
         <size>0x38</size>
         <input_file_ref idref="fl-25"/>
      </object_component>
      <object_component id="oc-9e">
         <name>.debug_line</name>
         <load_address>0x15c0</load_address>
         <run_address>0x15c0</run_address>
         <size>0xa8</size>
         <input_file_ref idref="fl-26"/>
      </object_component>
      <object_component id="oc-a4">
         <name>.debug_line</name>
         <load_address>0x1668</load_address>
         <run_address>0x1668</run_address>
         <size>0x1b0</size>
         <input_file_ref idref="fl-27"/>
      </object_component>
      <object_component id="oc-a8">
         <name>.debug_line</name>
         <load_address>0x1818</load_address>
         <run_address>0x1818</run_address>
         <size>0x40</size>
         <input_file_ref idref="fl-28"/>
      </object_component>
      <object_component id="oc-ac">
         <name>.debug_line</name>
         <load_address>0x1858</load_address>
         <run_address>0x1858</run_address>
         <size>0x3c</size>
         <input_file_ref idref="fl-29"/>
      </object_component>
      <object_component id="oc-b0">
         <name>.debug_line</name>
         <load_address>0x1894</load_address>
         <run_address>0x1894</run_address>
         <size>0x4d</size>
         <input_file_ref idref="fl-2a"/>
      </object_component>
      <object_component id="oc-b4">
         <name>.debug_line</name>
         <load_address>0x18e1</load_address>
         <run_address>0x18e1</run_address>
         <size>0x37</size>
         <input_file_ref idref="fl-2b"/>
      </object_component>
      <object_component id="oc-b8">
         <name>.debug_line</name>
         <load_address>0x1918</load_address>
         <run_address>0x1918</run_address>
         <size>0x3c</size>
         <input_file_ref idref="fl-2c"/>
      </object_component>
      <object_component id="oc-bc">
         <name>.debug_line</name>
         <load_address>0x1954</load_address>
         <run_address>0x1954</run_address>
         <size>0x37</size>
         <input_file_ref idref="fl-2d"/>
      </object_component>
      <object_component id="oc-c1">
         <name>.debug_line</name>
         <load_address>0x198b</load_address>
         <run_address>0x198b</run_address>
         <size>0x15d</size>
         <input_file_ref idref="fl-2e"/>
      </object_component>
      <object_component id="oc-c7">
         <name>.debug_line</name>
         <load_address>0x1ae8</load_address>
         <run_address>0x1ae8</run_address>
         <size>0x6a</size>
         <input_file_ref idref="fl-2f"/>
      </object_component>
      <object_component id="oc-cb">
         <name>.debug_line</name>
         <load_address>0x1b52</load_address>
         <run_address>0x1b52</run_address>
         <size>0x57</size>
         <input_file_ref idref="fl-30"/>
      </object_component>
      <object_component id="oc-cf">
         <name>.debug_line</name>
         <load_address>0x1ba9</load_address>
         <run_address>0x1ba9</run_address>
         <size>0x5c</size>
         <input_file_ref idref="fl-31"/>
      </object_component>
      <object_component id="oc-d3">
         <name>.debug_line</name>
         <load_address>0x1c05</load_address>
         <run_address>0x1c05</run_address>
         <size>0x3c</size>
         <input_file_ref idref="fl-32"/>
      </object_component>
      <object_component id="oc-d7">
         <name>.debug_line</name>
         <load_address>0x1c41</load_address>
         <run_address>0x1c41</run_address>
         <size>0x5b</size>
         <input_file_ref idref="fl-33"/>
      </object_component>
      <object_component id="oc-db">
         <name>.debug_line</name>
         <load_address>0x1c9c</load_address>
         <run_address>0x1c9c</run_address>
         <size>0x3c</size>
         <input_file_ref idref="fl-34"/>
      </object_component>
      <object_component id="oc-df">
         <name>.debug_line</name>
         <load_address>0x1cd8</load_address>
         <run_address>0x1cd8</run_address>
         <size>0x3f</size>
         <input_file_ref idref="fl-35"/>
      </object_component>
      <object_component id="oc-e5">
         <name>.debug_line</name>
         <load_address>0x1d17</load_address>
         <run_address>0x1d17</run_address>
         <size>0xd7</size>
         <input_file_ref idref="fl-36"/>
      </object_component>
      <object_component id="oc-ec">
         <name>.debug_line</name>
         <load_address>0x1dee</load_address>
         <run_address>0x1dee</run_address>
         <size>0x112</size>
         <input_file_ref idref="fl-37"/>
      </object_component>
      <object_component id="oc-f0">
         <name>.debug_line</name>
         <load_address>0x1f00</load_address>
         <run_address>0x1f00</run_address>
         <size>0x3d</size>
         <input_file_ref idref="fl-38"/>
      </object_component>
      <object_component id="oc-f4">
         <name>.debug_line</name>
         <load_address>0x1f3d</load_address>
         <run_address>0x1f3d</run_address>
         <size>0x39</size>
         <input_file_ref idref="fl-39"/>
      </object_component>
      <object_component id="oc-17">
         <name>.debug_abbrev</name>
         <load_address>0x0</load_address>
         <run_address>0x0</run_address>
         <size>0x162</size>
         <input_file_ref idref="fl-2"/>
      </object_component>
      <object_component id="oc-1d">
         <name>.debug_abbrev</name>
         <load_address>0x162</load_address>
         <run_address>0x162</run_address>
         <size>0x122</size>
         <input_file_ref idref="fl-8"/>
      </object_component>
      <object_component id="oc-22">
         <name>.debug_abbrev</name>
         <load_address>0x284</load_address>
         <run_address>0x284</run_address>
         <size>0x1e7</size>
         <input_file_ref idref="fl-9"/>
      </object_component>
      <object_component id="oc-26">
         <name>.debug_abbrev</name>
         <load_address>0x46b</load_address>
         <run_address>0x46b</run_address>
         <size>0x3a</size>
         <input_file_ref idref="fl-a"/>
      </object_component>
      <object_component id="oc-2a">
         <name>.debug_abbrev</name>
         <load_address>0x4a5</load_address>
         <run_address>0x4a5</run_address>
         <size>0xb5</size>
         <input_file_ref idref="fl-b"/>
      </object_component>
      <object_component id="oc-31">
         <name>.debug_abbrev</name>
         <load_address>0x55a</load_address>
         <run_address>0x55a</run_address>
         <size>0xf7</size>
         <input_file_ref idref="fl-c"/>
      </object_component>
      <object_component id="oc-35">
         <name>.debug_abbrev</name>
         <load_address>0x651</load_address>
         <run_address>0x651</run_address>
         <size>0xb7</size>
         <input_file_ref idref="fl-d"/>
      </object_component>
      <object_component id="oc-3a">
         <name>.debug_abbrev</name>
         <load_address>0x708</load_address>
         <run_address>0x708</run_address>
         <size>0xc2</size>
         <input_file_ref idref="fl-e"/>
      </object_component>
      <object_component id="oc-3e">
         <name>.debug_abbrev</name>
         <load_address>0x7ca</load_address>
         <run_address>0x7ca</run_address>
         <size>0x38</size>
         <input_file_ref idref="fl-f"/>
      </object_component>
      <object_component id="oc-42">
         <name>.debug_abbrev</name>
         <load_address>0x802</load_address>
         <run_address>0x802</run_address>
         <size>0xdc</size>
         <input_file_ref idref="fl-10"/>
      </object_component>
      <object_component id="oc-46">
         <name>.debug_abbrev</name>
         <load_address>0x8de</load_address>
         <run_address>0x8de</run_address>
         <size>0x145</size>
         <input_file_ref idref="fl-11"/>
      </object_component>
      <object_component id="oc-4a">
         <name>.debug_abbrev</name>
         <load_address>0xa23</load_address>
         <run_address>0xa23</run_address>
         <size>0xb5</size>
         <input_file_ref idref="fl-12"/>
      </object_component>
      <object_component id="oc-4e">
         <name>.debug_abbrev</name>
         <load_address>0xad8</load_address>
         <run_address>0xad8</run_address>
         <size>0x38</size>
         <input_file_ref idref="fl-13"/>
      </object_component>
      <object_component id="oc-53">
         <name>.debug_abbrev</name>
         <load_address>0xb10</load_address>
         <run_address>0xb10</run_address>
         <size>0x26</size>
         <input_file_ref idref="fl-14"/>
      </object_component>
      <object_component id="oc-59">
         <name>.debug_abbrev</name>
         <load_address>0xb36</load_address>
         <run_address>0xb36</run_address>
         <size>0x9f</size>
         <input_file_ref idref="fl-15"/>
      </object_component>
      <object_component id="oc-5f">
         <name>.debug_abbrev</name>
         <load_address>0xbd5</load_address>
         <run_address>0xbd5</run_address>
         <size>0x1f8</size>
         <input_file_ref idref="fl-16"/>
      </object_component>
      <object_component id="oc-63">
         <name>.debug_abbrev</name>
         <load_address>0xdcd</load_address>
         <run_address>0xdcd</run_address>
         <size>0xec</size>
         <input_file_ref idref="fl-17"/>
      </object_component>
      <object_component id="oc-67">
         <name>.debug_abbrev</name>
         <load_address>0xeb9</load_address>
         <run_address>0xeb9</run_address>
         <size>0xd5</size>
         <input_file_ref idref="fl-18"/>
      </object_component>
      <object_component id="oc-6b">
         <name>.debug_abbrev</name>
         <load_address>0xf8e</load_address>
         <run_address>0xf8e</run_address>
         <size>0x44</size>
         <input_file_ref idref="fl-19"/>
      </object_component>
      <object_component id="oc-6f">
         <name>.debug_abbrev</name>
         <load_address>0xfd2</load_address>
         <run_address>0xfd2</run_address>
         <size>0xb7</size>
         <input_file_ref idref="fl-1a"/>
      </object_component>
      <object_component id="oc-71">
         <name>.debug_abbrev</name>
         <load_address>0x1089</load_address>
         <run_address>0x1089</run_address>
         <size>0x68</size>
         <input_file_ref idref="fl-1b"/>
      </object_component>
      <object_component id="oc-75">
         <name>.debug_abbrev</name>
         <load_address>0x10f1</load_address>
         <run_address>0x10f1</run_address>
         <size>0x83</size>
         <input_file_ref idref="fl-1c"/>
      </object_component>
      <object_component id="oc-79">
         <name>.debug_abbrev</name>
         <load_address>0x1174</load_address>
         <run_address>0x1174</run_address>
         <size>0x112</size>
         <input_file_ref idref="fl-1d"/>
      </object_component>
      <object_component id="oc-7d">
         <name>.debug_abbrev</name>
         <load_address>0x1286</load_address>
         <run_address>0x1286</run_address>
         <size>0x8f</size>
         <input_file_ref idref="fl-1e"/>
      </object_component>
      <object_component id="oc-81">
         <name>.debug_abbrev</name>
         <load_address>0x1315</load_address>
         <run_address>0x1315</run_address>
         <size>0xb7</size>
         <input_file_ref idref="fl-1f"/>
      </object_component>
      <object_component id="oc-86">
         <name>.debug_abbrev</name>
         <load_address>0x13cc</load_address>
         <run_address>0x13cc</run_address>
         <size>0xc2</size>
         <input_file_ref idref="fl-20"/>
      </object_component>
      <object_component id="oc-8a">
         <name>.debug_abbrev</name>
         <load_address>0x148e</load_address>
         <run_address>0x148e</run_address>
         <size>0x103</size>
         <input_file_ref idref="fl-21"/>
      </object_component>
      <object_component id="oc-8f">
         <name>.debug_abbrev</name>
         <load_address>0x1591</load_address>
         <run_address>0x1591</run_address>
         <size>0x140</size>
         <input_file_ref idref="fl-22"/>
      </object_component>
      <object_component id="oc-93">
         <name>.debug_abbrev</name>
         <load_address>0x16d1</load_address>
         <run_address>0x16d1</run_address>
         <size>0x81</size>
         <input_file_ref idref="fl-23"/>
      </object_component>
      <object_component id="oc-97">
         <name>.debug_abbrev</name>
         <load_address>0x1752</load_address>
         <run_address>0x1752</run_address>
         <size>0x9a</size>
         <input_file_ref idref="fl-24"/>
      </object_component>
      <object_component id="oc-9b">
         <name>.debug_abbrev</name>
         <load_address>0x17ec</load_address>
         <run_address>0x17ec</run_address>
         <size>0xd0</size>
         <input_file_ref idref="fl-25"/>
      </object_component>
      <object_component id="oc-9f">
         <name>.debug_abbrev</name>
         <load_address>0x18bc</load_address>
         <run_address>0x18bc</run_address>
         <size>0xb7</size>
         <input_file_ref idref="fl-26"/>
      </object_component>
      <object_component id="oc-a5">
         <name>.debug_abbrev</name>
         <load_address>0x1973</load_address>
         <run_address>0x1973</run_address>
         <size>0x225</size>
         <input_file_ref idref="fl-27"/>
      </object_component>
      <object_component id="oc-a9">
         <name>.debug_abbrev</name>
         <load_address>0x1b98</load_address>
         <run_address>0x1b98</run_address>
         <size>0xec</size>
         <input_file_ref idref="fl-28"/>
      </object_component>
      <object_component id="oc-ad">
         <name>.debug_abbrev</name>
         <load_address>0x1c84</load_address>
         <run_address>0x1c84</run_address>
         <size>0xb7</size>
         <input_file_ref idref="fl-29"/>
      </object_component>
      <object_component id="oc-b1">
         <name>.debug_abbrev</name>
         <load_address>0x1d3b</load_address>
         <run_address>0x1d3b</run_address>
         <size>0x38</size>
         <input_file_ref idref="fl-2a"/>
      </object_component>
      <object_component id="oc-b5">
         <name>.debug_abbrev</name>
         <load_address>0x1d73</load_address>
         <run_address>0x1d73</run_address>
         <size>0x81</size>
         <input_file_ref idref="fl-2b"/>
      </object_component>
      <object_component id="oc-b9">
         <name>.debug_abbrev</name>
         <load_address>0x1df4</load_address>
         <run_address>0x1df4</run_address>
         <size>0xa6</size>
         <input_file_ref idref="fl-2c"/>
      </object_component>
      <object_component id="oc-bd">
         <name>.debug_abbrev</name>
         <load_address>0x1e9a</load_address>
         <run_address>0x1e9a</run_address>
         <size>0x8f</size>
         <input_file_ref idref="fl-2d"/>
      </object_component>
      <object_component id="oc-c2">
         <name>.debug_abbrev</name>
         <load_address>0x1f29</load_address>
         <run_address>0x1f29</run_address>
         <size>0x15a</size>
         <input_file_ref idref="fl-2e"/>
      </object_component>
      <object_component id="oc-c8">
         <name>.debug_abbrev</name>
         <load_address>0x2083</load_address>
         <run_address>0x2083</run_address>
         <size>0xde</size>
         <input_file_ref idref="fl-2f"/>
      </object_component>
      <object_component id="oc-cc">
         <name>.debug_abbrev</name>
         <load_address>0x2161</load_address>
         <run_address>0x2161</run_address>
         <size>0xd1</size>
         <input_file_ref idref="fl-30"/>
      </object_component>
      <object_component id="oc-d0">
         <name>.debug_abbrev</name>
         <load_address>0x2232</load_address>
         <run_address>0x2232</run_address>
         <size>0xd4</size>
         <input_file_ref idref="fl-31"/>
      </object_component>
      <object_component id="oc-d4">
         <name>.debug_abbrev</name>
         <load_address>0x2306</load_address>
         <run_address>0x2306</run_address>
         <size>0xa6</size>
         <input_file_ref idref="fl-32"/>
      </object_component>
      <object_component id="oc-d8">
         <name>.debug_abbrev</name>
         <load_address>0x23ac</load_address>
         <run_address>0x23ac</run_address>
         <size>0x136</size>
         <input_file_ref idref="fl-33"/>
      </object_component>
      <object_component id="oc-dc">
         <name>.debug_abbrev</name>
         <load_address>0x24e2</load_address>
         <run_address>0x24e2</run_address>
         <size>0xd1</size>
         <input_file_ref idref="fl-34"/>
      </object_component>
      <object_component id="oc-e0">
         <name>.debug_abbrev</name>
         <load_address>0x25b3</load_address>
         <run_address>0x25b3</run_address>
         <size>0x10b</size>
         <input_file_ref idref="fl-35"/>
      </object_component>
      <object_component id="oc-e6">
         <name>.debug_abbrev</name>
         <load_address>0x26be</load_address>
         <run_address>0x26be</run_address>
         <size>0x1a2</size>
         <input_file_ref idref="fl-36"/>
      </object_component>
      <object_component id="oc-ed">
         <name>.debug_abbrev</name>
         <load_address>0x2860</load_address>
         <run_address>0x2860</run_address>
         <size>0x1de</size>
         <input_file_ref idref="fl-37"/>
      </object_component>
      <object_component id="oc-f1">
         <name>.debug_abbrev</name>
         <load_address>0x2a3e</load_address>
         <run_address>0x2a3e</run_address>
         <size>0x118</size>
         <input_file_ref idref="fl-38"/>
      </object_component>
      <object_component id="oc-f5">
         <name>.debug_abbrev</name>
         <load_address>0x2b56</load_address>
         <run_address>0x2b56</run_address>
         <size>0xbf</size>
         <input_file_ref idref="fl-39"/>
      </object_component>
      <object_component id="oc-115">
         <name>.debug_abbrev</name>
         <load_address>0x2c15</load_address>
         <run_address>0x2c15</run_address>
         <size>0xd</size>
      </object_component>
   </object_component_list>
   <logical_group_list>
      <logical_group id="lg-2">
         <name>vectors</name>
         <load_address>0x100</load_address>
         <run_address>0x100</run_address>
         <size>0x100</size>
         <contents>
            <object_component_ref idref="oc-50"/>
         </contents>
      </logical_group>
      <logical_group id="lg-3">
         <name>.text</name>
         <load_address>0x8000</load_address>
         <run_address>0x8000</run_address>
         <size>0x5914</size>
         <contents>
            <object_component_ref idref="oc-5a"/>
            <object_component_ref idref="oc-1e"/>
            <object_component_ref idref="oc-a0"/>
            <object_component_ref idref="oc-be"/>
            <object_component_ref idref="oc-10"/>
            <object_component_ref idref="oc-e7"/>
            <object_component_ref idref="oc-76"/>
            <object_component_ref idref="oc-e1"/>
            <object_component_ref idref="oc-18"/>
            <object_component_ref idref="oc-9c"/>
            <object_component_ref idref="oc-cd"/>
            <object_component_ref idref="oc-6c"/>
            <object_component_ref idref="oc-8b"/>
            <object_component_ref idref="oc-3f"/>
            <object_component_ref idref="oc-dd"/>
            <object_component_ref idref="oc-c9"/>
            <object_component_ref idref="oc-d5"/>
            <object_component_ref idref="oc-c6"/>
            <object_component_ref idref="oc-87"/>
            <object_component_ref idref="oc-27"/>
            <object_component_ref idref="oc-a6"/>
            <object_component_ref idref="oc-ee"/>
            <object_component_ref idref="oc-32"/>
            <object_component_ref idref="oc-90"/>
            <object_component_ref idref="oc-94"/>
            <object_component_ref idref="oc-47"/>
            <object_component_ref idref="oc-7e"/>
            <object_component_ref idref="oc-c3"/>
            <object_component_ref idref="oc-d9"/>
            <object_component_ref idref="oc-82"/>
            <object_component_ref idref="oc-64"/>
            <object_component_ref idref="oc-36"/>
            <object_component_ref idref="oc-43"/>
            <object_component_ref idref="oc-68"/>
            <object_component_ref idref="oc-60"/>
            <object_component_ref idref="oc-b6"/>
            <object_component_ref idref="oc-d1"/>
            <object_component_ref idref="oc-ae"/>
            <object_component_ref idref="oc-2b"/>
            <object_component_ref idref="oc-f"/>
            <object_component_ref idref="oc-7a"/>
            <object_component_ref idref="oc-4b"/>
            <object_component_ref idref="oc-aa"/>
            <object_component_ref idref="oc-98"/>
            <object_component_ref idref="oc-ba"/>
            <object_component_ref idref="oc-3b"/>
            <object_component_ref idref="oc-54"/>
            <object_component_ref idref="oc-b2"/>
            <object_component_ref idref="oc-f2"/>
            <object_component_ref idref="oc-2f"/>
            <object_component_ref idref="oc-4f"/>
         </contents>
      </logical_group>
      <logical_group id="lg-4">
         <name>.stack</name>
         <run_address>0xd914</run_address>
         <size>0x2000</size>
         <contents>
            <object_component_ref idref="oc-23"/>
            <object_component_ref idref="oc-110"/>
         </contents>
      </logical_group>
      <logical_group id="lg-5">
         <name>.sysstack</name>
         <run_address>0xf914</run_address>
         <size>0x2000</size>
         <contents>
            <object_component_ref idref="oc-f6"/>
            <object_component_ref idref="oc-112"/>
         </contents>
      </logical_group>
      <logical_group id="lg-6">
         <name>.data</name>
         <run_address>0x8000</run_address>
         <size>0x0</size>
         <contents>
         </contents>
      </logical_group>
      <logical_group id="lg-7">
         <name>.bss</name>
         <load_address>0x11914</load_address>
         <run_address>0x11914</run_address>
         <size>0xf0a</size>
         <contents>
            <object_component_ref idref="oc-11"/>
            <object_component_ref idref="oc-e2"/>
            <object_component_ref idref="oc-72"/>
            <object_component_ref idref="oc-bf"/>
            <object_component_ref idref="oc-a1"/>
            <object_component_ref idref="oc-e8"/>
            <object_component_ref idref="oc-55"/>
            <object_component_ref idref="oc-2c"/>
            <object_component_ref idref="oc-19"/>
         </contents>
      </logical_group>
      <logical_group id="lg-8">
         <name>.cinit</name>
         <load_address>0x1281e</load_address>
         <run_address>0x1281e</run_address>
         <size>0x238</size>
         <contents>
            <object_component_ref idref="oc-13"/>
            <object_component_ref idref="oc-a3"/>
            <object_component_ref idref="oc-74"/>
            <object_component_ref idref="oc-57"/>
            <object_component_ref idref="oc-2e"/>
            <object_component_ref idref="oc-e4"/>
            <object_component_ref idref="oc-ea"/>
         </contents>
      </logical_group>
      <logical_group id="lg-9">
         <name>.const</name>
         <load_address>0x4380</load_address>
         <run_address>0x4380</run_address>
         <size>0x978</size>
         <contents>
            <object_component_ref idref="oc-14"/>
            <object_component_ref idref="oc-f8"/>
            <object_component_ref idref="oc-5d"/>
            <object_component_ref idref="oc-5c"/>
            <object_component_ref idref="oc-f9"/>
            <object_component_ref idref="oc-8d"/>
            <object_component_ref idref="oc-84"/>
            <object_component_ref idref="oc-38"/>
         </contents>
      </logical_group>
      <logical_group id="lg-a">
         <name>.switch</name>
         <load_address>0x4f38</load_address>
         <run_address>0x4f38</run_address>
         <size>0x24</size>
         <contents>
            <object_component_ref idref="oc-f7"/>
         </contents>
      </logical_group>
      <logical_group id="lg-b">
         <name>.sysmem</name>
         <run_address>0x400</run_address>
         <size>0x3f80</size>
         <contents>
            <object_component_ref idref="oc-eb"/>
            <object_component_ref idref="oc-111"/>
         </contents>
      </logical_group>
      <logical_group id="lg-c">
         <name>.cio</name>
         <run_address>0x4cf8</run_address>
         <size>0x240</size>
         <contents>
            <object_component_ref idref="oc-c5"/>
         </contents>
      </logical_group>
      <logical_group id="lg-d">
         <name>.buffer1</name>
         <run_address>0x0</run_address>
         <size>0x0</size>
         <contents>
         </contents>
      </logical_group>
      <logical_group id="lg-e">
         <name>.buffer2</name>
         <run_address>0x0</run_address>
         <size>0x0</size>
         <contents>
         </contents>
      </logical_group>
      <logical_group id="lg-107">
         <name>.debug_info</name>
         <load_address>0x0</load_address>
         <run_address>0x0</run_address>
         <size>0x1a13e</size>
         <contents>
            <object_component_ref idref="oc-12"/>
            <object_component_ref idref="oc-1a"/>
            <object_component_ref idref="oc-1f"/>
            <object_component_ref idref="oc-24"/>
            <object_component_ref idref="oc-28"/>
            <object_component_ref idref="oc-2d"/>
            <object_component_ref idref="oc-33"/>
            <object_component_ref idref="oc-37"/>
            <object_component_ref idref="oc-3c"/>
            <object_component_ref idref="oc-40"/>
            <object_component_ref idref="oc-44"/>
            <object_component_ref idref="oc-48"/>
            <object_component_ref idref="oc-4c"/>
            <object_component_ref idref="oc-51"/>
            <object_component_ref idref="oc-56"/>
            <object_component_ref idref="oc-5b"/>
            <object_component_ref idref="oc-61"/>
            <object_component_ref idref="oc-65"/>
            <object_component_ref idref="oc-69"/>
            <object_component_ref idref="oc-6d"/>
            <object_component_ref idref="oc-70"/>
            <object_component_ref idref="oc-73"/>
            <object_component_ref idref="oc-77"/>
            <object_component_ref idref="oc-7b"/>
            <object_component_ref idref="oc-7f"/>
            <object_component_ref idref="oc-83"/>
            <object_component_ref idref="oc-88"/>
            <object_component_ref idref="oc-8c"/>
            <object_component_ref idref="oc-91"/>
[...]
         <name>_PG4_flag</name>
         <value>0x12818</value>
         <object_component_ref idref="oc-19"/>
      </symbol>
      <symbol id="sm-aa">
         <name>_SYS_setEBSR</name>
         <value>0xc123</value>
         <object_component_ref idref="oc-18"/>
      </symbol>
      <symbol id="sm-ab">
         <name>_SYS_set_DSP_LDO_voltage</name>
         <value>0xc2ce</value>
         <object_component_ref idref="oc-18"/>
      </symbol>
      <symbol id="sm-19a">
         <name>_UART_resetOff</name>
         <value>0x9dcd</value>
         <object_component_ref idref="oc-1e"/>
      </symbol>
      <symbol id="sm-19b">
         <name>_UART_read</name>
         <value>0x9f3f</value>
         <object_component_ref idref="oc-1e"/>
      </symbol>
      <symbol id="sm-19c">
         <name>_UART_reset</name>
         <value>0x9d88</value>
         <object_component_ref idref="oc-1e"/>
      </symbol>
      <symbol id="sm-19d">
         <name>_UART_setCallback</name>
         <value>0xa60e</value>
         <object_component_ref idref="oc-1e"/>
      </symbol>
      <symbol id="sm-19e">
         <name>_UART_setup</name>
         <value>0x96d2</value>
         <object_component_ref idref="oc-1e"/>
      </symbol>
      <symbol id="sm-19f">
         <name>_UART_fputc</name>
         <value>0xa288</value>
         <object_component_ref idref="oc-1e"/>
      </symbol>
      <symbol id="sm-1a0">
         <name>_UART_fgetc</name>
         <value>0xa1ea</value>
         <object_component_ref idref="oc-1e"/>
      </symbol>
      <symbol id="sm-1a1">
         <name>_UART_fputs</name>
         <value>0xa43d</value>
         <object_component_ref idref="oc-1e"/>
      </symbol>
      <symbol id="sm-1a2">
         <name>_UART_fgets</name>
         <value>0xa30d</value>
         <object_component_ref idref="oc-1e"/>
      </symbol>
      <symbol id="sm-1a3">
         <name>_UART_write</name>
         <value>0xa068</value>
         <object_component_ref idref="oc-1e"/>
      </symbol>
      <symbol id="sm-1a4">
         <name>_UART_getConfig</name>
         <value>0xa551</value>
         <object_component_ref idref="oc-1e"/>
      </symbol>
      <symbol id="sm-1a5">
         <name>_UART_eventEnable</name>
         <value>0x9e18</value>
         <object_component_ref idref="oc-1e"/>
      </symbol>
      <symbol id="sm-1a6">
         <name>_UART_config</name>
         <value>0x9b79</value>
         <object_component_ref idref="oc-1e"/>
      </symbol>
      <symbol id="sm-1a7">
         <name>_UART_eventDisable</name>
         <value>0x9eb0</value>
         <object_component_ref idref="oc-1e"/>
      </symbol>
      <symbol id="sm-1a8">
         <name>_UART_init</name>
         <value>0x9629</value>
         <object_component_ref idref="oc-1e"/>
      </symbol>
      <symbol id="sm-1a9">
         <name>_UART_getEventId</name>
         <value>0xa52a</value>
         <object_component_ref idref="oc-1e"/>
      </symbol>
      <symbol id="sm-1aa">
         <name>_UART_setupBaudRate</name>
         <value>0x9c7e</value>
         <object_component_ref idref="oc-1e"/>
      </symbol>
      <symbol id="sm-1b6">
         <name>__sysstack</name>
         <value>0xf914</value>
         <object_component_ref idref="oc-f6"/>
      </symbol>
      <symbol id="sm-1b7">
         <name>_c_int00</name>
         <value>0xd7f1</value>
         <object_component_ref idref="oc-f"/>
      </symbol>
      <symbol id="sm-1b8">
         <name>__stack</name>
         <value>0xd914</value>
         <object_component_ref idref="oc-23"/>
      </symbol>
      <symbol id="sm-1c3">
         <name>__divul</name>
         <value>0xd029</value>
         <object_component_ref idref="oc-27"/>
      </symbol>
      <symbol id="sm-1d3">
         <name>C$$EXIT</name>
         <value>0xd90a</value>
         <object_component_ref idref="oc-2f"/>
      </symbol>
      <symbol id="sm-1d4">
         <name>_exit</name>
         <value>0xd7b3</value>
         <object_component_ref idref="oc-2b"/>
      </symbol>
      <symbol id="sm-1d5">
         <name>_abort</name>
         <value>0xd909</value>
         <object_component_ref idref="oc-2f"/>
      </symbol>
      <symbol id="sm-1d6">
         <name>__cleanup_ptr</name>
         <value>0x12810</value>
         <object_component_ref idref="oc-2c"/>
      </symbol>
      <symbol id="sm-1d7">
         <name>__dtors_ptr</name>
         <value>0x12814</value>
         <object_component_ref idref="oc-2c"/>
      </symbol>
      <symbol id="sm-1e1">
         <name>__fixdul</name>
         <value>0xd1c2</value>
         <object_component_ref idref="oc-32"/>
      </symbol>
      <symbol id="sm-1ed">
         <name>__fltuld</name>
         <value>0xd59e</value>
         <object_component_ref idref="oc-36"/>
      </symbol>
      <symbol id="sm-1f5">
         <name>__mpyli</name>
         <value>0xd8ca</value>
         <object_component_ref idref="oc-3b"/>
      </symbol>
      <symbol id="sm-1f6">
         <name>I$$LMPY</name>
         <value>0xd8ca</value>
         <object_component_ref idref="oc-3b"/>
      </symbol>
      <symbol id="sm-200">
         <name>__mpyd</name>
         <value>0xcaf8</value>
         <object_component_ref idref="oc-3f"/>
      </symbol>
      <symbol id="sm-20a">
         <name>_printf</name>
         <value>0xd5f9</value>
         <object_component_ref idref="oc-43"/>
      </symbol>
      <symbol id="sm-215">
         <name>__remul</name>
         <value>0xd322</value>
         <object_component_ref idref="oc-47"/>
      </symbol>
      <symbol id="sm-21d">
         <name>__remu</name>
         <value>0xd864</value>
         <object_component_ref idref="oc-4b"/>
      </symbol>
      <symbol id="sm-21e">
         <name>__divu</name>
         <value>0xd84f</value>
         <object_component_ref idref="oc-4b"/>
      </symbol>
      <symbol id="sm-21f">
         <name>I$$UMOD</name>
         <value>0xd864</value>
         <object_component_ref idref="oc-4b"/>
      </symbol>
      <symbol id="sm-220">
         <name>I$$UDIV</name>
         <value>0xd84f</value>
         <object_component_ref idref="oc-4b"/>
      </symbol>
      <symbol id="sm-22a">
         <name>_Reset</name>
         <value>0x100</value>
         <object_component_ref idref="oc-50"/>
      </symbol>
      <symbol id="sm-238">
         <name>__unlock</name>
         <value>0x1280c</value>
         <object_component_ref idref="oc-55"/>
      </symbol>
      <symbol id="sm-239">
         <name>__lock</name>
         <value>0x12808</value>
         <object_component_ref idref="oc-55"/>
      </symbol>
      <symbol id="sm-23a">
         <name>__register_lock</name>
         <value>0xd8e5</value>
         <object_component_ref idref="oc-54"/>
      </symbol>
      <symbol id="sm-23b">
         <name>__nop</name>
         <value>0xd8ed</value>
         <object_component_ref idref="oc-54"/>
      </symbol>
      <symbol id="sm-23c">
         <name>__register_unlock</name>
         <value>0xd8dd</value>
         <object_component_ref idref="oc-54"/>
      </symbol>
      <symbol id="sm-24e">
         <name>__printfi</name>
         <value>0x9362</value>
         <object_component_ref idref="oc-5a"/>
      </symbol>
      <symbol id="sm-258">
         <name>__args_main</name>
         <value>0xd696</value>
         <object_component_ref idref="oc-60"/>
      </symbol>
      <symbol id="sm-259">
         <name>__TI_args_main</name>
         <value>0x1</value>
      </symbol>
      <symbol id="sm-263">
         <name>_atoi</name>
         <value>0xd542</value>
         <object_component_ref idref="oc-64"/>
      </symbol>
      <symbol id="sm-26b">
         <name>_auto_init</name>
         <value>0xd649</value>
         <object_component_ref idref="oc-68"/>
      </symbol>
      <symbol id="sm-275">
         <name>__eqld</name>
         <value>0xc909</value>
         <object_component_ref idref="oc-6c"/>
      </symbol>
      <symbol id="sm-276">
         <name>__cmpd</name>
         <value>0xc93d</value>
         <object_component_ref idref="oc-6c"/>
      </symbol>
      <symbol id="sm-277">
         <name>__neqd</name>
         <value>0xc7ab</value>
         <object_component_ref idref="oc-6c"/>
      </symbol>
      <symbol id="sm-278">
         <name>__gtrd</name>
         <value>0xc874</value>
         <object_component_ref idref="oc-6c"/>
      </symbol>
      <symbol id="sm-279">
         <name>__geqd</name>
         <value>0xc8bf</value>
         <object_component_ref idref="oc-6c"/>
      </symbol>
      <symbol id="sm-27a">
         <name>__leqd</name>
         <value>0xc827</value>
         <object_component_ref idref="oc-6c"/>
      </symbol>
      <symbol id="sm-27b">
         <name>__lssd</name>
         <value>0xc7df</value>
         <object_component_ref idref="oc-6c"/>
      </symbol>
      <symbol id="sm-283">
         <name>__ctypes_</name>
         <value>0x4a7a</value>
         <object_component_ref idref="oc-f8"/>
      </symbol>
      <symbol id="sm-28d">
         <name>__tmpnams</name>
         <value>0x12434</value>
         <object_component_ref idref="oc-72"/>
      </symbol>
      <symbol id="sm-28e">
         <name>__ft_end</name>
         <value>0x12574</value>
         <object_component_ref idref="oc-72"/>
      </symbol>
      <symbol id="sm-28f">
         <name>__ftable</name>
         <value>0x12344</value>
         <object_component_ref idref="oc-72"/>
      </symbol>
      <symbol id="sm-29b">
         <name>__divd</name>
         <value>0xba4a</value>
         <object_component_ref idref="oc-76"/>
      </symbol>
      <symbol id="sm-2a5">
         <name>__fixdi</name>
         <value>0xd825</value>
         <object_component_ref idref="oc-7a"/>
      </symbol>
      <symbol id="sm-2af">
         <name>__fixdli</name>
         <value>0xd394</value>
         <object_component_ref idref="oc-7e"/>
      </symbol>
      <symbol id="sm-2bb">
         <name>__fltlid</name>
         <value>0xd4db</value>
         <object_component_ref idref="oc-82"/>
      </symbol>
      <symbol id="sm-2c5">
         <name>_putchar</name>
         <value>0xd01a</value>
         <object_component_ref idref="oc-87"/>
      </symbol>
      <symbol id="sm-2c6">
         <name>_putc</name>
         <value>0xcf83</value>
         <object_component_ref idref="oc-87"/>
      </symbol>
      <symbol id="sm-2c7">
         <name>_fputc</name>
         <value>0xcf83</value>
         <object_component_ref idref="oc-87"/>
      </symbol>
      <symbol id="sm-2d5">
         <name>_puts</name>
         <value>0xcaca</value>
         <object_component_ref idref="oc-8b"/>
      </symbol>
      <symbol id="sm-2d6">
         <name>_fputs</name>
         <value>0xc995</value>
         <object_component_ref idref="oc-8b"/>
      </symbol>
      <symbol id="sm-2e0">
         <name>__frcmpyd</name>
         <value>0xd239</value>
         <object_component_ref idref="oc-90"/>
      </symbol>
      <symbol id="sm-2ea">
         <name>__frcmpyd_div</name>
         <value>0xd2af</value>
         <object_component_ref idref="oc-94"/>
      </symbol>
      <symbol id="sm-2f4">
         <name>___isinf</name>
         <value>0xd89c</value>
         <object_component_ref idref="oc-98"/>
      </symbol>
      <symbol id="sm-2fe">
         <name>__divull</name>
         <value>0xc428</value>
         <object_component_ref idref="oc-9c"/>
      </symbol>
      <symbol id="sm-2ff">
         <name>__mpylli</name>
         <value>0xc370</value>
         <object_component_ref idref="oc-9c"/>
      </symbol>
      <symbol id="sm-300">
         <name>__remlli</name>
         <value>0xc341</value>
         <object_component_ref idref="oc-9c"/>
      </symbol>
      <symbol id="sm-301">
         <name>__divlli</name>
         <value>0xc51c</value>
         <object_component_ref idref="oc-9c"/>
      </symbol>
      <symbol id="sm-302">
         <name>__remull</name>
         <value>0xc2f3</value>
         <object_component_ref idref="oc-9c"/>
      </symbol>
      <symbol id="sm-314">
         <name>_add_device</name>
         <value>0xaac7</value>
         <object_component_ref idref="oc-a0"/>
      </symbol>
      <symbol id="sm-315">
         <name>_rename</name>
         <value>0xa7e9</value>
         <object_component_ref idref="oc-a0"/>
      </symbol>
      <symbol id="sm-316">
         <name>_read</name>
         <value>0xa878</value>
         <object_component_ref idref="oc-a0"/>
      </symbol>
      <symbol id="sm-317">
         <name>_unlink</name>
         <value>0xa7b6</value>
         <object_component_ref idref="oc-a0"/>
      </symbol>
      <symbol id="sm-318">
         <name>_remove_device</name>
         <value>0xa842</value>
         <object_component_ref idref="oc-a0"/>
      </symbol>
      <symbol id="sm-319">
         <name>_open</name>
         <value>0xa926</value>
         <object_component_ref idref="oc-a0"/>
      </symbol>
      <symbol id="sm-31a">
         <name>_find_registered_device</name>
         <value>0xaa4b</value>
         <object_component_ref idref="oc-a0"/>
      </symbol>
      <symbol id="sm-31b">
         <name>_lseek</name>
         <value>0xa9e5</value>
         <object_component_ref idref="oc-a0"/>
      </symbol>
      <symbol id="sm-31c">
         <name>_close</name>
         <value>0xaa54</value>
         <object_component_ref idref="oc-a0"/>
      </symbol>
      <symbol id="sm-31d">
         <name>_write</name>
         <value>0xa674</value>
         <object_component_ref idref="oc-a0"/>
      </symbol>
      <symbol id="sm-327">
         <name>_ltoa</name>
         <value>0xd0ca</value>
         <object_component_ref idref="oc-a6"/>
      </symbol>
      <symbol id="sm-332">
         <name>_memccpy</name>
         <value>0xd879</value>
         <object_component_ref idref="oc-aa"/>
      </symbol>
      <symbol id="sm-33a">
         <name>_memcpy</name>
         <value>0xd774</value>
         <object_component_ref idref="oc-ae"/>
      </symbol>
      <symbol id="sm-344">
         <name>__negd</name>
         <value>0xd8ef</value>
         <object_component_ref idref="oc-b2"/>
      </symbol>
      <symbol id="sm-34e">
         <name>__remli</name>
         <value>0xd6e1</value>
         <object_component_ref idref="oc-b6"/>
      </symbol>
      <symbol id="sm-358">
         <name>__subd</name>
         <value>0xd8b6</value>
         <object_component_ref idref="oc-ba"/>
      </symbol>
      <symbol id="sm-364">
         <name>_HOSTopen</name>
         <value>0xaec2</value>
         <object_component_ref idref="oc-be"/>
      </symbol>
      <symbol id="sm-365">
         <name>_HOSTread</name>
         <value>0xae35</value>
         <object_component_ref idref="oc-be"/>
      </symbol>
      <symbol id="sm-366">
         <name>_HOSTtime</name>
         <value>0xad29</value>
         <object_component_ref idref="oc-be"/>
      </symbol>
      <symbol id="sm-367">
         <name>_getenv</name>
         <value>0xabb7</value>
         <object_component_ref idref="oc-be"/>
      </symbol>
      <symbol id="sm-368">
         <name>_HOSTrename</name>
         <value>0xad87</value>
         <object_component_ref idref="oc-be"/>
      </symbol>
      <symbol id="sm-369">
         <name>_HOSTclock</name>
         <value>0xb081</value>
         <object_component_ref idref="oc-be"/>
      </symbol>
      <symbol id="sm-36a">
         <name>_HOSTwrite</name>
         <value>0xac32</value>
         <object_component_ref idref="oc-be"/>
      </symbol>
      <symbol id="sm-36b">
         <name>_HOSTlseek</name>
         <value>0xaf61</value>
         <object_component_ref idref="oc-be"/>
      </symbol>
      <symbol id="sm-36c">
         <name>_HOSTunlink</name>
         <value>0xacbf</value>
         <object_component_ref idref="oc-be"/>
      </symbol>
      <symbol id="sm-36d">
         <name>_HOSTclose</name>
         <value>0xb016</value>
         <object_component_ref idref="oc-be"/>
      </symbol>
      <symbol id="sm-37f">
         <name>C$$IO$$</name>
         <value>0xcf7e</value>
         <object_component_ref idref="oc-c6"/>
      </symbol>
      <symbol id="sm-380">
         <name>__CIOBUF_</name>
         <value>0x4cf8</value>
         <object_component_ref idref="oc-c5"/>
      </symbol>
      <symbol id="sm-381">
         <name>_readmsg</name>
         <value>0xd403</value>
         <object_component_ref idref="oc-c3"/>
      </symbol>
      <symbol id="sm-382">
         <name>_writemsg</name>
         <value>0xcec9</value>
         <object_component_ref idref="oc-c6"/>
      </symbol>
      <symbol id="sm-38c">
         <name>__rd_ok</name>
         <value>0xcdaa</value>
         <object_component_ref idref="oc-c9"/>
      </symbol>
      <symbol id="sm-38d">
         <name>__wrt_ok</name>
         <value>0xcd2a</value>
         <object_component_ref idref="oc-c9"/>
      </symbol>
      <symbol id="sm-397">
         <name>__addd</name>
         <value>0xc551</value>
         <object_component_ref idref="oc-cd"/>
      </symbol>
      <symbol id="sm-3a1">
         <name>__divli</name>
         <value>0xd72c</value>
         <object_component_ref idref="oc-d1"/>
      </symbol>
      <symbol id="sm-3ab">
         <name>__doflush</name>
         <value>0xce07</value>
         <object_component_ref idref="oc-d5"/>
      </symbol>
      <symbol id="sm-3ac">
         <name>_fflush</name>
         <value>0xce70</value>
         <object_component_ref idref="oc-d5"/>
      </symbol>
      <symbol id="sm-3b6">
         <name>_fseek</name>
         <value>0xd470</value>
         <object_component_ref idref="oc-d9"/>
      </symbol>
      <symbol id="sm-3c0">
         <name>_setvbuf</name>
         <value>0xcc44</value>
         <object_component_ref idref="oc-dd"/>
      </symbol>
      <symbol id="sm-3cf">
         <name>__cleanup</name>
         <value>0xbf37</value>
         <object_component_ref idref="oc-e1"/>
      </symbol>
      <symbol id="sm-3d0">
         <name>_fopen</name>
         <value>0xc05a</value>
         <object_component_ref idref="oc-e1"/>
      </symbol>
      <symbol id="sm-3d1">
         <name>_freopen</name>
         <value>0xbf91</value>
         <object_component_ref idref="oc-e1"/>
      </symbol>
      <symbol id="sm-3e1">
         <name>__sys_memory</name>
         <value>0x400</value>
         <object_component_ref idref="oc-eb"/>
      </symbol>
      <symbol id="sm-3e2">
         <name>_chkheap</name>
         <value>0xba1c</value>
         <object_component_ref idref="oc-e7"/>
      </symbol>
      <symbol id="sm-3e3">
         <name>_realloc</name>
         <value>0xb7bb</value>
         <object_component_ref idref="oc-e7"/>
      </symbol>
      <symbol id="sm-3e4">
         <name>_free_memory</name>
         <value>0xb9c6</value>
         <object_component_ref idref="oc-e7"/>
      </symbol>
      <symbol id="sm-3e5">
         <name>_max_free</name>
         <value>0xb96c</value>
         <object_component_ref idref="oc-e7"/>
      </symbol>
      <symbol id="sm-3e6">
         <name>_free</name>
         <value>0xb595</value>
         <object_component_ref idref="oc-e7"/>
      </symbol>
      <symbol id="sm-3e7">
         <name>_calloc</name>
         <value>0xba24</value>
         <object_component_ref idref="oc-e7"/>
      </symbol>
      <symbol id="sm-3e8">
         <name>_malloc</name>
         <value>0xb6c6</value>
         <object_component_ref idref="oc-e7"/>
      </symbol>
      <symbol id="sm-3e9">
         <name>_minit</name>
         <value>0xb661</value>
         <object_component_ref idref="oc-e7"/>
      </symbol>
      <symbol id="sm-3f3">
         <name>_fclose</name>
         <value>0xd147</value>
         <object_component_ref idref="oc-ee"/>
      </symbol>
      <symbol id="sm-3fd">
         <name>_remove</name>
         <value>0xd8ff</value>
         <object_component_ref idref="oc-f2"/>
      </symbol>
   </symbol_table>
</link_info>
