******************************************************************************
              TMS320C55x Linker PC v4.4.1                      
******************************************************************************
>> Linked Wed Apr 18 11:37:46 2018

OUTPUT FILE NAME:   <CSL_UART_pollExample.out>
ENTRY POINT SYMBOL: "_c_int00"  address: 0000d708


MEMORY CONFIGURATION

         name            origin    length      used     unused   attr    fill
                        (bytes)   (bytes)    (bytes)   (bytes)
----------------------  --------  ---------  --------  --------  ----  --------
  MMR                   00000000   000000c0  00000000  000000c0  RW  
  VEC                   000000c0   00000300  00000100  00000200  R  X
  DARAM                 00000400   00007a00  00004970  00003090  RW  
  SARAM                 00008000   00020000  0000a306  00015cfa  RW  


SECTION ALLOCATION MAP
(Addresses surrounded by []'s are displayed for convenience only!)

output                                                          attributes/
section   page  orgn(bytes) orgn(words) len(bytes) len(words)   input sections
--------  ----  ----------- ----------- ---------- ----------   --------------
vectors      0     00000100  [ 00000080 ] 00000100          *   
                   00000100  [ 00000080 ] 00000100          *   rts55x.lib : vectors.obj (vectors)

.sysmem      0   [ 00000400 ]  00000200          *   00001fc0   UNINITIALIZED
                 [ 00000400 ]  00000200          *   00001fc0   --HOLE--

.const       0   [ 00004380 ]  000021c0          *   000003c6   
                 [ 00004380 ]  000021c0          *   00000287   csl_uart_polled_example.obj (.const:.string)
                 [ 0000488e ]  00002447          *   00000101   rts55x.lib : ctype.obj (.const:__ctypes_)
                 [ 00004a90 ]  00002548          *   00000024              : _printfi.obj (.const:.string)
                 [ 00004ad8 ]  0000256c          *   0000000c              : _printfi.obj (.const)
                 [ 00004af0 ]  00002578          *   00000008              : divd.obj (.const:_initial_approx$1)
                 [ 00004b00 ]  00002580          *   00000002              : fputs.obj (.const:.string)
                 [ 00004b04 ]  00002582          *   00000002              : fltlid.obj (.const)
                 [ 00004b08 ]  00002584          *   00000002              : fltuld.obj (.const)

.cio         0   [ 00004b10 ]  00002588          *   00000120   UNINITIALIZED
                 [ 00004b10 ]  00002588          *   00000120   rts55x.lib : trgmsg.obj (.cio)

.switch      0   [ 00004d50 ]  000026a8          *   00000012   
                 [ 00004d50 ]  000026a8          *   00000012   C55XXCSL_LP.lib : csl_sysctrl.obj (.switch:_SYS_setEBSR)

.text        0     00008000  [ 00004000 ] 0000583c          *   
                   00008000  [ 00004000 ] 000015a4          *   rts55x.lib : _printfi.obj (.text)
                   000095a4  [ 00004ad2 ] 000010d0          *   C55XXCSL_LP.lib : csl_uart.obj (.text)
                   0000a674  [ 0000533a ] 00000543          *   rts55x.lib : lowlev.obj (.text)
                   0000abb7  [ 000055db+] 00000528          *              : trgdrv.obj (.text)
                   0000b0df  [ 0000586f+] 000004b5          *              : memory.obj (.text)
                   0000b594  [ 00005aca ] 000003cc          *              : divd.obj (.text)
                   0000b960  [ 00005cb0 ] 00000327          *   csl_uart_polled_example.obj (.text)
                   0000bc87  [ 00005e43+] 0000027f          *   rts55x.lib : fopen.obj (.text)
                   0000bf06  [ 00005f83 ] 0000025e          *   C55XXCSL_LP.lib : csl_sysctrl.obj (.text)
                   0000c164  [ 000060b2 ] 0000025e          *   rts55x.lib : llmpy.obj (.text)
                   0000c3c2  [ 000061e1 ] 0000025a          *              : addd.obj (.text)
                   0000c61c  [ 0000630e ] 000001ea          *              : cmpd.obj (.text)
                   0000c806  [ 00006403 ] 00000163          *              : fputs.obj (.text)
                   0000c969  [ 000064b4+] 0000014c          *              : mpyd.obj (.text)
                   0000cab5  [ 0000655a+] 000000e6          *              : setvbuf.obj (.text)
                   0000cb9b  [ 000065cd+] 000000dd          *              : _io_perm.obj (.text)
                   0000cc78  [ 0000663c ] 000000c2          *              : fflush.obj (.text)
                   0000cd3a  [ 0000669d ] 000000ba          *              : trgmsg.obj (.text:CIO_breakpoint)
                   0000cdf4  [ 000066fa ] 000000a6          *              : fputc.obj (.text)
                   0000ce9a  [ 0000674d ] 000000a1          *              : divul.obj (.text)
                   0000cf3b  [ 0000679d+] 0000007d          *              : ltoa.obj (.text)
                   0000cfb8  [ 000067dc ] 0000007b          *              : fclose.obj (.text)
                   0000d033  [ 00006819+] 00000077          *              : fixdul.obj (.text)
                   0000d0aa  [ 00006855 ] 00000076          *              : frcmpyd.obj (.text)
                   0000d120  [ 00006890 ] 00000073          *              : frcmpyd_div.obj (.text)
                   0000d193  [ 000068c9+] 00000072          *              : remul.obj (.text)
                   0000d205  [ 00006902+] 0000006f          *              : fixdli.obj (.text)
                   0000d274  [ 0000693a ] 0000006d          *              : trgmsg.obj (.text)
                   0000d2e1  [ 00006970+] 0000006b          *              : fseek.obj (.text)
                   0000d34c  [ 000069a6 ] 0000006a          *              : vsprintf.obj (.text)
                   0000d3b6  [ 000069db ] 00000067          *              : fltlid.obj (.text)
                   0000d41d  [ 00006a0e+] 0000005c          *              : atoi.obj (.text)
                   0000d479  [ 00006a3c+] 0000005b          *              : fltuld.obj (.text)
                   0000d4d4  [ 00006a6a ] 00000050          *              : printf.obj (.text)
                   0000d524  [ 00006a92 ] 0000004d          *              : autoinit.obj (.text)
                   0000d571  [ 00006ab8+] 0000004b          *              : args_main.obj (.text)
                   0000d5bc  [ 00006ade ] 0000004b          *              : remli.obj (.text)
                   0000d607  [ 00006b03+] 00000048          *              : divli.obj (.text)
                   0000d64f  [ 00006b27+] 0000003f          *              : memcpy.obj (.text)
                   0000d68e  [ 00006b47 ] 0000003e          *              : exit.obj (.text)
                   0000d6cc  [ 00006b66 ] 0000003c          *              : idiv.obj (.text)
                   0000d708  [ 00006b84 ] 00000034          *              : boot.obj (.text)
                   0000d73c  [ 00006b9e ] 0000002a          *              : fixdi.obj (.text)
                   0000d766  [ 00006bb3 ] 0000002a          *              : udiv.obj (.text)
                   0000d790  [ 00006bc8 ] 00000023          *              : memccpy.obj (.text)
                   0000d7b3  [ 00006bd9+] 0000001a          *              : isinf.obj (.text)
                   0000d7cd  [ 00006be6+] 00000014          *              : subd.obj (.text)
                   0000d7e1  [ 00006bf0+] 00000013          *              : lmpy.obj (.text)
                   0000d7f4  [ 00006bfa ] 00000012          *              : _lock.obj (.text)
                   0000d806  [ 00006c03 ] 00000011          *              : strlen.obj (.text)
                   0000d817  [ 00006c0b+] 00000010          *              : negd.obj (.text)
                   0000d827  [ 00006c13+] 0000000a          *              : remove.obj (.text)
                   0000d831  [ 00006c18+] 00000007          *              : exit.obj (.text:CIO_breakpoint)
                   0000d838  [ 00006c1c ] 00000002          *              : vectors.obj (.text)
                   0000d83a  [ 00006c1d ] 00000002          *   --HOLE-- [fill = 20]

.data        0   [ 00008000 ]  00004000          *   00000000   UNINITIALIZED

.stack       0   [ 0000d83c ]  00006c1e          *   00001000   UNINITIALIZED
                 [ 0000d83c ]  00006c1e          *   00001000   --HOLE--

.sysstack 
*            0   [ 0000f83c ]  00007c1e          *   00001000   UNINITIALIZED
                 [ 0000f83c ]  00007c1e          *   00001000   --HOLE--

.bss         0   [ 0001183c ]  00008c1e          *   0000044d   
                 [ 0001183c ]  00008c1e          *   000001e0   csl_uart_polled_example.obj (.bss) [fill = 0]
                 [ 00011bfc ]  00008dfe          *   00000119   rts55x.lib : defs.obj (.bss) [fill = 0]
                 [ 00011e2e ]  00008f17          *   000000d0              : trgdrv.obj (.bss) [fill = 0]
                 [ 00011fce ]  00008fe7          *   00000001              : fopen.obj (.bss) [fill = 0]
                 [ 00011fd0 ]  00008fe8          *   00000071              : lowlev.obj (.bss) [fill = 0]
                 [ 000120b2 ]  00009059          *   00000001   --HOLE-- [fill = 0]
                 [ 000120b4 ]  0000905a          *   00000006              : memory.obj (.bss) [fill = 0]
                 [ 000120c0 ]  00009060          *   00000004              : _lock.obj (.bss) [fill = 0]
                 [ 000120c8 ]  00009064          *   00000004              : exit.obj (.bss) [fill = 0]
                 [ 000120d0 ]  00009068          *   00000003   C55XXCSL_LP.lib : csl_sysctrl.obj (.bss) [fill = 0]

.cinit       0   [ 000120d6 ]  0000906b          *   00000118   
                 [ 000120d6 ]  0000906b          *   000000a4   csl_uart_polled_example.obj (.cinit)
                 [ 0001221e ]  0000910f          *   0000002d   rts55x.lib : lowlev.obj (.cinit)
                 [ 00012278 ]  0000913c          *   0000002a              : defs.obj (.cinit)
                 [ 000122cc ]  00009166          *   0000000a              : _lock.obj (.cinit)
                 [ 000122e0 ]  00009170          *   0000000a              : exit.obj (.cinit)
                 [ 000122f4 ]  0000917a          *   00000004              : fopen.obj (.cinit)
                 [ 000122fc ]  0000917e          *   00000004              : memory.obj (.cinit)
                 [ 00012304 ]  00009182          *   00000001   --HOLE-- [fill = 0]


GLOBAL SYMBOLS: SORTED ALPHABETICALLY BY Name 

abs. value/
byte addr   word addr   name
---------   ---------   ----
00000002                $TI_capability$C5500$CallingConvention
00000002                $TI_capability$C5500$MemoryModel
00000001                $TI_capability_requires_rev3
            00008c1e    .bss
            00004000    .data
00008000                .text
0000d832                C$$EXIT
0000cdef                C$$IO$$
0000d6cc                I$$DIV
0000d7e1                I$$LMPY
0000d6eb                I$$MOD
0000d766                I$$UDIV
0000d77b                I$$UMOD
0000baec                _C55x_msgWrite
0000ba08                _CSL_uartInitialize
0000b081                _HOSTclock
0000b016                _HOSTclose
0000af61                _HOSTlseek
0000aec2                _HOSTopen
0000ae35                _HOSTread
0000ad87                _HOSTrename
0000ad29                _HOSTtime
0000acbf                _HOSTunlink
0000ac32                _HOSTwrite
            0000906a    _PG1_flag
            00009069    _PG3_flag
            00009068    _PG4_flag
            00008dfd    _PaSs
            00008dfc    _PaSs_StAtE
00000100                _Reset
0000bf06                _SYS_peripheralReset
0000bf94                _SYS_setEBSR
0000c13f                _SYS_set_DSP_LDO_voltage
00009b79                _UART_config
00009eb0                _UART_eventDisable
00009e18                _UART_eventEnable
0000a1ea                _UART_fgetc
0000a30d                _UART_fgets
0000a288                _UART_fputc
0000a43d                _UART_fputs
0000a551                _UART_getConfig
0000a52a                _UART_getEventId
00009629                _UART_init
00009f3f                _UART_read
00009d88                _UART_reset
00009dcd                _UART_resetOff
0000a60e                _UART_setCallback
000096d2                _UART_setup
00009c7e                _UART_setupBaudRate
0000a068                _UART_write
            00002588    __CIOBUF_
            00007c1e    __STACK_END
00002000                __STACK_SIZE
00003f80                __SYSMEM_SIZE
00002000                __SYSSTACK_SIZE
00000001                __TI_args_main
ffffffff                ___binit__
            00008c1e    ___bss__
ffffffff                ___c_args__
            0000906b    ___cinit__
            00004000    ___data__
            00004000    ___edata__
            0000906b    ___end__
0000d83c                ___etext__
0000d7b3                ___isinf
ffffffff                ___pinit__
00008000                ___text__
0000c3c2                __addd
0000d571                __args_main
0000bda8                __cleanup
            00009064    __cleanup_ptr
0000c7ae                __cmpd
            00002447    __ctypes_
0000b594                __divd
0000d6cc                __divi
0000d607                __divli
0000c38d                __divlli
0000d766                __divu
0000ce9a                __divul
0000c299                __divull
0000cc78                __doflush
            00009066    __dtors_ptr
0000c77a                __eqld
0000d73c                __fixdi
0000d205                __fixdli
0000d033                __fixdul
0000d3b6                __fltlid
0000d479                __fltuld
0000d0aa                __frcmpyd
0000d120                __frcmpyd_div
            00008f16    __ft_end
            00008dfe    __ftable
0000c730                __geqd
0000c6e5                __gtrd
0000c698                __leqd
            00009060    __lock
0000c650                __lssd
0000c969                __mpyd
0000d7e1                __mpyli
0000c1e1                __mpylli
0000d817                __negd
0000c61c                __neqd
0000d804                __nop
00009362                __printfi
0000cc1b                __rd_ok
0000d7fc                __register_lock
0000d7f4                __register_unlock
0000d6eb                __remi
0000d5bc                __remli
0000c1b2                __remlli
0000d77b                __remu
0000d193                __remul
0000c164                __remull
            00006c1e    __stack
0000d7cd                __subd
            00000200    __sys_memory
            00007c1e    __sysstack
            00008e76    __tmpnams
            00009062    __unlock
0000cb9b                __wrt_ok
0000d831                _abort
0000aac7                _add_device
0000d41d                _atoi
0000d524                _auto_init
            00008da2    _buffer1
            00008dc0    _buffer2
0000d708                _c_int00
0000b56e                _calloc
0000b566                _chkheap
0000aa54                _close
0000d68e                _exit
0000cfb8                _fclose
0000cce1                _fflush
0000aa4b                _find_registered_device
0000becb                _fopen
0000cdf4                _fputc
0000c806                _fputs
0000b0df                _free
0000b510                _free_memory
0000be02                _freopen
0000d2e1                _fseek
0000bbb5                _getSysClk
0000abb7                _getenv
0000a9e5                _lseek
0000cf3b                _ltoa
0000b960                _main
0000b210                _malloc
0000b4b6                _max_free
0000d790                _memccpy
0000d64f                _memcpy
0000b1ab                _minit
0000a926                _open
0000d4d4                _printf
0000cdf4                _putc
0000ce8b                _putchar
0000c93b                _puts
            00008d07    _rdbuffer
0000a878                _read
0000d274                _readmsg
0000b305                _realloc
0000d827                _remove
0000a842                _remove_device
0000a7e9                _rename
0000cab5                _setvbuf
0000d806                _strlen
            00008cf2    _uartObj
            00008ce6    _uartSetup
0000a7b6                _unlink
0000d34c                _vsprintf
            00008d6b    _wrbuffer
0000a674                _write
0000cd3a                _writemsg
ffffffff                binit
            0000906b    cinit
            00004000    edata
            0000906b    end
0000d83c                etext
ffffffff                pinit


GLOBAL SYMBOLS: SORTED BY Symbol Address 

abs. value/
byte addr   word addr   name
---------   ---------   ----
00000001                $TI_capability_requires_rev3
00000001                __TI_args_main
00000002                $TI_capability$C5500$CallingConvention
00000002                $TI_capability$C5500$MemoryModel
00000100                _Reset
            00000200    __sys_memory
00002000                __STACK_SIZE
00002000                __SYSSTACK_SIZE
00003f80                __SYSMEM_SIZE
            00002447    __ctypes_
            00002588    __CIOBUF_
            00004000    .data
00008000                .text
            00004000    ___data__
            00004000    ___edata__
00008000                ___text__
            00004000    edata
00009362                __printfi
00009629                _UART_init
000096d2                _UART_setup
00009b79                _UART_config
00009c7e                _UART_setupBaudRate
00009d88                _UART_reset
00009dcd                _UART_resetOff
00009e18                _UART_eventEnable
00009eb0                _UART_eventDisable
00009f3f                _UART_read
0000a068                _UART_write
0000a1ea                _UART_fgetc
0000a288                _UART_fputc
0000a30d                _UART_fgets
0000a43d                _UART_fputs
0000a52a                _UART_getEventId
0000a551                _UART_getConfig
0000a60e                _UART_setCallback
0000a674                _write
0000a7b6                _unlink
0000a7e9                _rename
0000a842                _remove_device
0000a878                _read
0000a926                _open
0000a9e5                _lseek
0000aa4b                _find_registered_device
0000aa54                _close
0000aac7                _add_device
0000abb7                _getenv
0000ac32                _HOSTwrite
0000acbf                _HOSTunlink
0000ad29                _HOSTtime
0000ad87                _HOSTrename
0000ae35                _HOSTread
0000aec2                _HOSTopen
0000af61                _HOSTlseek
0000b016                _HOSTclose
0000b081                _HOSTclock
0000b0df                _free
0000b1ab                _minit
0000b210                _malloc
0000b305                _realloc
0000b4b6                _max_free
0000b510                _free_memory
0000b566                _chkheap
0000b56e                _calloc
0000b594                __divd
0000b960                _main
0000ba08                _CSL_uartInitialize
0000baec                _C55x_msgWrite
0000bbb5                _getSysClk
0000bda8                __cleanup
0000be02                _freopen
0000becb                _fopen
0000bf06                _SYS_peripheralReset
0000bf94                _SYS_setEBSR
0000c13f                _SYS_set_DSP_LDO_voltage
0000c164                __remull
0000c1b2                __remlli
0000c1e1                __mpylli
0000c299                __divull
0000c38d                __divlli
0000c3c2                __addd
0000c61c                __neqd
0000c650                __lssd
0000c698                __leqd
0000c6e5                __gtrd
0000c730                __geqd
0000c77a                __eqld
0000c7ae                __cmpd
0000c806                _fputs
0000c93b                _puts
0000c969                __mpyd
0000cab5                _setvbuf
0000cb9b                __wrt_ok
0000cc1b                __rd_ok
0000cc78                __doflush
0000cce1                _fflush
0000cd3a                _writemsg
0000cdef                C$$IO$$
0000cdf4                _fputc
0000cdf4                _putc
0000ce8b                _putchar
0000ce9a                __divul
0000cf3b                _ltoa
0000cfb8                _fclose
0000d033                __fixdul
0000d0aa                __frcmpyd
0000d120                __frcmpyd_div
0000d193                __remul
0000d205                __fixdli
0000d274                _readmsg
0000d2e1                _fseek
0000d34c                _vsprintf
0000d3b6                __fltlid
0000d41d                _atoi
0000d479                __fltuld
0000d4d4                _printf
0000d524                _auto_init
0000d571                __args_main
0000d5bc                __remli
0000d607                __divli
0000d64f                _memcpy
0000d68e                _exit
0000d6cc                I$$DIV
0000d6cc                __divi
0000d6eb                I$$MOD
0000d6eb                __remi
0000d708                _c_int00
0000d73c                __fixdi
0000d766                I$$UDIV
0000d766                __divu
0000d77b                I$$UMOD
0000d77b                __remu
0000d790                _memccpy
0000d7b3                ___isinf
0000d7cd                __subd
0000d7e1                I$$LMPY
0000d7e1                __mpyli
0000d7f4                __register_unlock
0000d7fc                __register_lock
0000d804                __nop
0000d806                _strlen
0000d817                __negd
0000d827                _remove
0000d831                _abort
0000d832                C$$EXIT
0000d83c                ___etext__
            00006c1e    __stack
0000d83c                etext
            00007c1e    __STACK_END
            00007c1e    __sysstack
            00008c1e    .bss
            00008c1e    ___bss__
            00008ce6    _uartSetup
            00008cf2    _uartObj
            00008d07    _rdbuffer
            00008d6b    _wrbuffer
            00008da2    _buffer1
            00008dc0    _buffer2
            00008dfc    _PaSs_StAtE
            00008dfd    _PaSs
            00008dfe    __ftable
            00008e76    __tmpnams
            00008f16    __ft_end
            00009060    __lock
            00009062    __unlock
            00009064    __cleanup_ptr
            00009066    __dtors_ptr
            00009068    _PG4_flag
            00009069    _PG3_flag
            0000906a    _PG1_flag
            0000906b    ___cinit__
            0000906b    ___end__
            0000906b    cinit
            0000906b    end
ffffffff                ___binit__
ffffffff                ___c_args__
ffffffff                ___pinit__
ffffffff                binit
ffffffff                pinit

[178 symbols]
