******************************************************************************
              TMS320C55x Linker PC v4.4.1                      
******************************************************************************
>> Linked Tue Apr 17 18:32:21 2018

OUTPUT FILE NAME:   <CSL_UART_pollExample.out>
ENTRY POINT SYMBOL: "_c_int00"  address: 0000d7f1


MEMORY CONFIGURATION

         name            origin    length      used     unused   attr    fill
                        (bytes)   (bytes)    (bytes)   (bytes)
----------------------  --------  ---------  --------  --------  ----  --------
  MMR                   00000000   000000c0  00000000  000000c0  RW  
  VEC                   000000c0   00000300  00000100  00000200  R  X
  DARAM                 00000400   00007a00  00004b5c  00002ea4  RW  
  SARAM                 00008000   00020000  0000aa56  000155aa  RW  


SECTION ALLOCATION MAP
(Addresses surrounded by []'s are displayed for convenience only!)

output                                                          attributes/
section   page  orgn(bytes) orgn(words) len(bytes) len(words)   input sections
--------  ----  ----------- ----------- ---------- ----------   --------------
vectors      0     00000100  [ 00000080 ] 00000100          *   
                   00000100  [ 00000080 ] 00000100          *   rts55x.lib : vectors.obj (vectors)

.sysmem      0   [ 00000400 ]  00000200          *   00001fc0   UNINITIALIZED
                 [ 00000400 ]  00000200          *   00001fc0   --HOLE--

.const       0   [ 00004380 ]  000021c0          *   000004bc   
                 [ 00004380 ]  000021c0          *   0000037d   csl_uart_polled_example.obj (.const:.string)
                 [ 00004a7a ]  0000253d          *   00000101   rts55x.lib : ctype.obj (.const:__ctypes_)
                 [ 00004c7c ]  0000263e          *   00000024              : _printfi.obj (.const:.string)
                 [ 00004cc4 ]  00002662          *   0000000c              : _printfi.obj (.const)
                 [ 00004cdc ]  0000266e          *   00000008              : divd.obj (.const:_initial_approx$1)
                 [ 00004cec ]  00002676          *   00000002              : fputs.obj (.const:.string)
                 [ 00004cf0 ]  00002678          *   00000002              : fltlid.obj (.const)
                 [ 00004cf4 ]  0000267a          *   00000002              : fltuld.obj (.const)

.cio         0   [ 00004cf8 ]  0000267c          *   00000120   UNINITIALIZED
                 [ 00004cf8 ]  0000267c          *   00000120   rts55x.lib : trgmsg.obj (.cio)

.switch      0   [ 00004f38 ]  0000279c          *   00000012   
                 [ 00004f38 ]  0000279c          *   00000012   C55XXCSL_LP.lib : csl_sysctrl.obj (.switch:_SYS_setEBSR)

.text        0     00008000  [ 00004000 ] 00005914          *   
                   00008000  [ 00004000 ] 000015a4          *   rts55x.lib : _printfi.obj (.text)
                   000095a4  [ 00004ad2 ] 000010d0          *   C55XXCSL_LP.lib : csl_uart.obj (.text)
                   0000a674  [ 0000533a ] 00000543          *   rts55x.lib : lowlev.obj (.text)
                   0000abb7  [ 000055db+] 00000528          *              : trgdrv.obj (.text)
                   0000b0df  [ 0000586f+] 000004b6          *   csl_uart_polled_example.obj (.text)
                   0000b595  [ 00005aca+] 000004b5          *   rts55x.lib : memory.obj (.text)
                   0000ba4a  [ 00005d25 ] 000003cc          *              : divd.obj (.text)
                   0000be16  [ 00005f0b ] 0000027f          *              : fopen.obj (.text)
                   0000c095  [ 0000604a+] 0000025e          *   C55XXCSL_LP.lib : csl_sysctrl.obj (.text)
                   0000c2f3  [ 00006179+] 0000025e          *   rts55x.lib : llmpy.obj (.text)
                   0000c551  [ 000062a8+] 0000025a          *              : addd.obj (.text)
                   0000c7ab  [ 000063d5+] 000001ea          *              : cmpd.obj (.text)
                   0000c995  [ 000064ca+] 00000163          *              : fputs.obj (.text)
                   0000caf8  [ 0000657c ] 0000014c          *              : mpyd.obj (.text)
                   0000cc44  [ 00006622 ] 000000e6          *              : setvbuf.obj (.text)
                   0000cd2a  [ 00006695 ] 000000dd          *              : _io_perm.obj (.text)
                   0000ce07  [ 00006703+] 000000c2          *              : fflush.obj (.text)
                   0000cec9  [ 00006764+] 000000ba          *              : trgmsg.obj (.text:CIO_breakpoint)
                   0000cf83  [ 000067c1+] 000000a6          *              : fputc.obj (.text)
                   0000d029  [ 00006814+] 000000a1          *              : divul.obj (.text)
                   0000d0ca  [ 00006865 ] 0000007d          *              : ltoa.obj (.text)
                   0000d147  [ 000068a3+] 0000007b          *              : fclose.obj (.text)
                   0000d1c2  [ 000068e1 ] 00000077          *              : fixdul.obj (.text)
                   0000d239  [ 0000691c+] 00000076          *              : frcmpyd.obj (.text)
                   0000d2af  [ 00006957+] 00000073          *              : frcmpyd_div.obj (.text)
                   0000d322  [ 00006991 ] 00000072          *              : remul.obj (.text)
                   0000d394  [ 000069ca ] 0000006f          *              : fixdli.obj (.text)
                   0000d403  [ 00006a01+] 0000006d          *              : trgmsg.obj (.text)
                   0000d470  [ 00006a38 ] 0000006b          *              : fseek.obj (.text)
                   0000d4db  [ 00006a6d+] 00000067          *              : fltlid.obj (.text)
                   0000d542  [ 00006aa1 ] 0000005c          *              : atoi.obj (.text)
                   0000d59e  [ 00006acf ] 0000005b          *              : fltuld.obj (.text)
                   0000d5f9  [ 00006afc+] 00000050          *              : printf.obj (.text)
                   0000d649  [ 00006b24+] 0000004d          *              : autoinit.obj (.text)
                   0000d696  [ 00006b4b ] 0000004b          *              : args_main.obj (.text)
                   0000d6e1  [ 00006b70+] 0000004b          *              : remli.obj (.text)
                   0000d72c  [ 00006b96 ] 00000048          *              : divli.obj (.text)
                   0000d774  [ 00006bba ] 0000003f          *              : memcpy.obj (.text)
                   0000d7b3  [ 00006bd9+] 0000003e          *              : exit.obj (.text)
                   0000d7f1  [ 00006bf8+] 00000034          *              : boot.obj (.text)
                   0000d825  [ 00006c12+] 0000002a          *              : fixdi.obj (.text)
                   0000d84f  [ 00006c27+] 0000002a          *              : udiv.obj (.text)
                   0000d879  [ 00006c3c+] 00000023          *              : memccpy.obj (.text)
                   0000d89c  [ 00006c4e ] 0000001a          *              : isinf.obj (.text)
                   0000d8b6  [ 00006c5b ] 00000014          *              : subd.obj (.text)
                   0000d8ca  [ 00006c65 ] 00000013          *              : lmpy.obj (.text)
                   0000d8dd  [ 00006c6e+] 00000012          *              : _lock.obj (.text)
                   0000d8ef  [ 00006c77+] 00000010          *              : negd.obj (.text)
                   0000d8ff  [ 00006c7f+] 0000000a          *              : remove.obj (.text)
                   0000d909  [ 00006c84+] 00000007          *              : exit.obj (.text:CIO_breakpoint)
                   0000d910  [ 00006c88 ] 00000002          *              : vectors.obj (.text)
                   0000d912  [ 00006c89 ] 00000002          *   --HOLE-- [fill = 20]

.data        0   [ 00008000 ]  00004000          *   00000000   UNINITIALIZED

.stack       0   [ 0000d914 ]  00006c8a          *   00001000   UNINITIALIZED
                 [ 0000d914 ]  00006c8a          *   00001000   --HOLE--

.sysstack 
*            0   [ 0000f914 ]  00007c8a          *   00001000   UNINITIALIZED
                 [ 0000f914 ]  00007c8a          *   00001000   --HOLE--

.bss         0   [ 00011914 ]  00008c8a          *   00000785   
                 [ 00011914 ]  00008c8a          *   00000517   csl_uart_polled_example.obj (.bss) [fill = 0]
                 [ 00012342 ]  000091a1          *   00000001   rts55x.lib : fopen.obj (.bss) [fill = 0]
                 [ 00012344 ]  000091a2          *   00000119              : defs.obj (.bss) [fill = 0]
                 [ 00012576 ]  000092bb          *   000000d0              : trgdrv.obj (.bss) [fill = 0]
                 [ 00012716 ]  0000938b          *   00000001   --HOLE-- [fill = 0]
                 [ 00012718 ]  0000938c          *   00000071              : lowlev.obj (.bss) [fill = 0]
                 [ 000127fa ]  000093fd          *   00000001   --HOLE-- [fill = 0]
                 [ 000127fc ]  000093fe          *   00000006              : memory.obj (.bss) [fill = 0]
                 [ 00012808 ]  00009404          *   00000004              : _lock.obj (.bss) [fill = 0]
                 [ 00012810 ]  00009408          *   00000004              : exit.obj (.bss) [fill = 0]
                 [ 00012818 ]  0000940c          *   00000003   C55XXCSL_LP.lib : csl_sysctrl.obj (.bss) [fill = 0]

.cinit       0   [ 0001281e ]  0000940f          *   0000011c   
                 [ 0001281e ]  0000940f          *   000000a8   csl_uart_polled_example.obj (.cinit)
                 [ 0001296e ]  000094b7          *   0000002d   rts55x.lib : lowlev.obj (.cinit)
                 [ 000129c8 ]  000094e4          *   0000002a              : defs.obj (.cinit)
                 [ 00012a1c ]  0000950e          *   0000000a              : _lock.obj (.cinit)
                 [ 00012a30 ]  00009518          *   0000000a              : exit.obj (.cinit)
                 [ 00012a44 ]  00009522          *   00000004              : fopen.obj (.cinit)
                 [ 00012a4c ]  00009526          *   00000004              : memory.obj (.cinit)
                 [ 00012a54 ]  0000952a          *   00000001   --HOLE-- [fill = 0]


GLOBAL SYMBOLS: SORTED ALPHABETICALLY BY Name 

abs. value/
byte addr   word addr   name
---------   ---------   ----
00000002                $TI_capability$C5500$CallingConvention
00000002                $TI_capability$C5500$MemoryModel
00000001                $TI_capability_requires_rev3
            00008c8a    .bss
            00004000    .data
00008000                .text
0000d90a                C$$EXIT
0000cf7e                C$$IO$$
0000d8ca                I$$LMPY
0000d84f                I$$UDIV
0000d864                I$$UMOD
0000b17c                _CSL_uartPolledTest
0000b081                _HOSTclock
0000b016                _HOSTclose
0000af61                _HOSTlseek
0000aec2                _HOSTopen
0000ae35                _HOSTread
0000ad87                _HOSTrename
0000ad29                _HOSTtime
0000acbf                _HOSTunlink
0000ac32                _HOSTwrite
            0000940e    _PG1_flag
            0000940d    _PG3_flag
            0000940c    _PG4_flag
            000091a0    _PaSs
            0000919f    _PaSs_StAtE
00000100                _Reset
0000c095                _SYS_peripheralReset
0000c123                _SYS_setEBSR
0000c2ce                _SYS_set_DSP_LDO_voltage
00009b79                _UART_config
00009eb0                _UART_eventDisable
00009e18                _UART_eventEnable
0000a1ea                _UART_fgetc
0000a30d                _UART_fgets
0000a288                _UART_fputc
0000a43d                _UART_fputs
0000a551                _UART_getConfig
0000a52a                _UART_getEventId
00009629                _UART_init
00009f3f                _UART_read
00009d88                _UART_reset
00009dcd                _UART_resetOff
0000a60e                _UART_setCallback
000096d2                _UART_setup
00009c7e                _UART_setupBaudRate
0000a068                _UART_write
            0000267c    __CIOBUF_
            00007c8a    __STACK_END
00002000                __STACK_SIZE
00003f80                __SYSMEM_SIZE
00002000                __SYSSTACK_SIZE
00000001                __TI_args_main
ffffffff                ___binit__
            00008c8a    ___bss__
ffffffff                ___c_args__
            0000940f    ___cinit__
            00004000    ___data__
            00004000    ___edata__
            0000940f    ___end__
0000d914                ___etext__
0000d89c                ___isinf
ffffffff                ___pinit__
00008000                ___text__
0000c551                __addd
0000d696                __args_main
0000bf37                __cleanup
            00009408    __cleanup_ptr
0000c93d                __cmpd
            0000253d    __ctypes_
0000ba4a                __divd
0000d72c                __divli
0000c51c                __divlli
0000d84f                __divu
0000d029                __divul
0000c428                __divull
0000ce07                __doflush
            0000940a    __dtors_ptr
0000c909                __eqld
0000d825                __fixdi
0000d394                __fixdli
0000d1c2                __fixdul
0000d4db                __fltlid
0000d59e                __fltuld
0000d239                __frcmpyd
0000d2af                __frcmpyd_div
            000092ba    __ft_end
            000091a2    __ftable
0000c8bf                __geqd
0000c874                __gtrd
0000c827                __leqd
            00009404    __lock
0000c7df                __lssd
0000caf8                __mpyd
0000d8ca                __mpyli
0000c370                __mpylli
0000d8ef                __negd
0000c7ab                __neqd
0000d8ed                __nop
00009362                __printfi
0000cdaa                __rd_ok
0000d8e5                __register_lock
0000d8dd                __register_unlock
0000d6e1                __remli
0000c341                __remlli
0000d864                __remu
0000d322                __remul
0000c2f3                __remull
            00006c8a    __stack
0000d8b6                __subd
            00000200    __sys_memory
            00007c8a    __sysstack
            0000921a    __tmpnams
            00009406    __unlock
0000cd2a                __wrt_ok
0000d909                _abort
0000aac7                _add_device
0000d542                _atoi
0000d649                _auto_init
            00008d45    _buffer1
            00008d63    _buffer2
            00008d9f    _buffer_test
0000d7f1                _c_int00
0000ba24                _calloc
0000ba1c                _chkheap
0000aa54                _close
0000d7b3                _exit
0000d147                _fclose
0000ce70                _fflush
0000aa4b                _find_registered_device
0000c05a                _fopen
0000cf83                _fputc
0000c995                _fputs
0000b595                _free
0000b9c6                _free_memory
0000bf91                _freopen
0000d470                _fseek
0000b4c3                _getSysClk
0000abb7                _getenv
0000a9e5                _lseek
0000d0ca                _ltoa
0000b0df                _main
0000b6c6                _malloc
0000b96c                _max_free
0000d879                _memccpy
0000d774                _memcpy
0000b661                _minit
0000a926                _open
0000d5f9                _printf
0000cf83                _putc
0000d01a                _putchar
0000caca                _puts
            00008caa    _rdbuffer
0000a878                _read
0000d403                _readmsg
0000b7bb                _realloc
0000d8ff                _remove
0000a842                _remove_device
0000a7e9                _rename
0000cc44                _setvbuf
            00008c96    _uartObj
            00008c8a    _uartSetup
0000a7b6                _unlink
            00008d0e    _wrbuffer
0000a674                _write
0000cec9                _writemsg
ffffffff                binit
            0000940f    cinit
            00004000    edata
            0000940f    end
0000d914                etext
ffffffff                pinit


GLOBAL SYMBOLS: SORTED BY Symbol Address 

abs. value/
byte addr   word addr   name
---------   ---------   ----
00000001                $TI_capability_requires_rev3
00000001                __TI_args_main
00000002                $TI_capability$C5500$CallingConvention
00000002                $TI_capability$C5500$MemoryModel
00000100                _Reset
            00000200    __sys_memory
00002000                __STACK_SIZE
00002000                __SYSSTACK_SIZE
00003f80                __SYSMEM_SIZE
            0000253d    __ctypes_
            0000267c    __CIOBUF_
            00004000    .data
00008000                .text
            00004000    ___data__
            00004000    ___edata__
00008000                ___text__
            00004000    edata
00009362                __printfi
00009629                _UART_init
000096d2                _UART_setup
00009b79                _UART_config
00009c7e                _UART_setupBaudRate
00009d88                _UART_reset
00009dcd                _UART_resetOff
00009e18                _UART_eventEnable
00009eb0                _UART_eventDisable
00009f3f                _UART_read
0000a068                _UART_write
0000a1ea                _UART_fgetc
0000a288                _UART_fputc
0000a30d                _UART_fgets
0000a43d                _UART_fputs
0000a52a                _UART_getEventId
0000a551                _UART_getConfig
0000a60e                _UART_setCallback
0000a674                _write
0000a7b6                _unlink
0000a7e9                _rename
0000a842                _remove_device
0000a878                _read
0000a926                _open
0000a9e5                _lseek
0000aa4b                _find_registered_device
0000aa54                _close
0000aac7                _add_device
0000abb7                _getenv
0000ac32                _HOSTwrite
0000acbf                _HOSTunlink
0000ad29                _HOSTtime
0000ad87                _HOSTrename
0000ae35                _HOSTread
0000aec2                _HOSTopen
0000af61                _HOSTlseek
0000b016                _HOSTclose
0000b081                _HOSTclock
0000b0df                _main
0000b17c                _CSL_uartPolledTest
0000b4c3                _getSysClk
0000b595                _free
0000b661                _minit
0000b6c6                _malloc
0000b7bb                _realloc
0000b96c                _max_free
0000b9c6                _free_memory
0000ba1c                _chkheap
0000ba24                _calloc
0000ba4a                __divd
0000bf37                __cleanup
0000bf91                _freopen
0000c05a                _fopen
0000c095                _SYS_peripheralReset
0000c123                _SYS_setEBSR
0000c2ce                _SYS_set_DSP_LDO_voltage
0000c2f3                __remull
0000c341                __remlli
0000c370                __mpylli
0000c428                __divull
0000c51c                __divlli
0000c551                __addd
0000c7ab                __neqd
0000c7df                __lssd
0000c827                __leqd
0000c874                __gtrd
0000c8bf                __geqd
0000c909                __eqld
0000c93d                __cmpd
0000c995                _fputs
0000caca                _puts
0000caf8                __mpyd
0000cc44                _setvbuf
0000cd2a                __wrt_ok
0000cdaa                __rd_ok
0000ce07                __doflush
0000ce70                _fflush
0000cec9                _writemsg
0000cf7e                C$$IO$$
0000cf83                _fputc
0000cf83                _putc
0000d01a                _putchar
0000d029                __divul
0000d0ca                _ltoa
0000d147                _fclose
0000d1c2                __fixdul
0000d239                __frcmpyd
0000d2af                __frcmpyd_div
0000d322                __remul
0000d394                __fixdli
0000d403                _readmsg
0000d470                _fseek
0000d4db                __fltlid
0000d542                _atoi
0000d59e                __fltuld
0000d5f9                _printf
0000d649                _auto_init
0000d696                __args_main
0000d6e1                __remli
0000d72c                __divli
0000d774                _memcpy
0000d7b3                _exit
0000d7f1                _c_int00
0000d825                __fixdi
0000d84f                I$$UDIV
0000d84f                __divu
0000d864                I$$UMOD
0000d864                __remu
0000d879                _memccpy
0000d89c                ___isinf
0000d8b6                __subd
0000d8ca                I$$LMPY
0000d8ca                __mpyli
0000d8dd                __register_unlock
0000d8e5                __register_lock
0000d8ed                __nop
0000d8ef                __negd
0000d8ff                _remove
0000d909                _abort
0000d90a                C$$EXIT
0000d914                ___etext__
            00006c8a    __stack
0000d914                etext
            00007c8a    __STACK_END
            00007c8a    __sysstack
            00008c8a    .bss
            00008c8a    ___bss__
            00008c8a    _uartSetup
            00008c96    _uartObj
            00008caa    _rdbuffer
            00008d0e    _wrbuffer
            00008d45    _buffer1
            00008d63    _buffer2
            00008d9f    _buffer_test
            0000919f    _PaSs_StAtE
            000091a0    _PaSs
            000091a2    __ftable
            0000921a    __tmpnams
            000092ba    __ft_end
            00009404    __lock
            00009406    __unlock
            00009408    __cleanup_ptr
            0000940a    __dtors_ptr
            0000940c    _PG4_flag
            0000940d    _PG3_flag
            0000940e    _PG1_flag
            0000940f    ___cinit__
            0000940f    ___end__
            0000940f    cinit
            0000940f    end
ffffffff                ___binit__
ffffffff                ___c_args__
ffffffff                ___pinit__
ffffffff                binit
ffffffff                pinit

[172 symbols]
