<?xml version="1.0"?>
<link_info>
   <banner>TMS320C55x Linker PC v4.4.1</banner>
   <copyright>Copyright (c) 1996-2012 Texas Instruments Incorporated</copyright>
   <link_time>0x5ad6cb9a</link_time>
   <output_file>CSL_UART_pollExample.out</output_file>
   <entry_point>
      <name>_c_int00</name>
      <address>0xd708</address>
   </entry_point>
   <input_file_list>
      <input_file id="fl-2">
         <path>.\</path>
         <kind>object</kind>
         <file>csl_uart_polled_example.obj</file>
         <name>csl_uart_polled_example.obj</name>
      </input_file>
      <input_file id="fl-8">
         <path>D:\Digital signal process_TMS320C5517\HUONG_DAN_SU_DUNG_BOARD\project_example_sine_750hz_1khz\ccs_v6.x_examples\C55XXCSL_LP\Debug\</path>
         <kind>archive</kind>
         <file>C55XXCSL_LP.lib</file>
         <name>csl_sysctrl.obj</name>
      </input_file>
      <input_file id="fl-9">
         <path>D:\Digital signal process_TMS320C5517\HUONG_DAN_SU_DUNG_BOARD\project_example_sine_750hz_1khz\ccs_v6.x_examples\C55XXCSL_LP\Debug\</path>
         <kind>archive</kind>
         <file>C55XXCSL_LP.lib</file>
         <name>csl_uart.obj</name>
      </input_file>
      <input_file id="fl-a">
         <path>C:\ti\ccsv8\tools\compiler\c5500_4.4.1\lib\</path>
         <kind>archive</kind>
         <file>rts55x.lib</file>
         <name>boot.obj</name>
      </input_file>
      <input_file id="fl-b">
         <path>C:\ti\ccsv8\tools\compiler\c5500_4.4.1\lib\</path>
         <kind>archive</kind>
         <file>rts55x.lib</file>
         <name>defs.obj</name>
      </input_file>
      <input_file id="fl-c">
         <path>C:\ti\ccsv8\tools\compiler\c5500_4.4.1\lib\</path>
         <kind>archive</kind>
         <file>rts55x.lib</file>
         <name>divul.obj</name>
      </input_file>
      <input_file id="fl-d">
         <path>C:\ti\ccsv8\tools\compiler\c5500_4.4.1\lib\</path>
         <kind>archive</kind>
         <file>rts55x.lib</file>
         <name>exit.obj</name>
      </input_file>
      <input_file id="fl-e">
         <path>C:\ti\ccsv8\tools\compiler\c5500_4.4.1\lib\</path>
         <kind>archive</kind>
         <file>rts55x.lib</file>
         <name>fflush.obj</name>
      </input_file>
      <input_file id="fl-f">
         <path>C:\ti\ccsv8\tools\compiler\c5500_4.4.1\lib\</path>
         <kind>archive</kind>
         <file>rts55x.lib</file>
         <name>fixdul.obj</name>
      </input_file>
      <input_file id="fl-10">
         <path>C:\ti\ccsv8\tools\compiler\c5500_4.4.1\lib\</path>
         <kind>archive</kind>
         <file>rts55x.lib</file>
         <name>fltuld.obj</name>
      </input_file>
      <input_file id="fl-11">
         <path>C:\ti\ccsv8\tools\compiler\c5500_4.4.1\lib\</path>
         <kind>archive</kind>
         <file>rts55x.lib</file>
         <name>idiv.obj</name>
      </input_file>
      <input_file id="fl-12">
         <path>C:\ti\ccsv8\tools\compiler\c5500_4.4.1\lib\</path>
         <kind>archive</kind>
         <file>rts55x.lib</file>
         <name>lmpy.obj</name>
      </input_file>
      <input_file id="fl-13">
         <path>C:\ti\ccsv8\tools\compiler\c5500_4.4.1\lib\</path>
         <kind>archive</kind>
         <file>rts55x.lib</file>
         <name>lowlev.obj</name>
      </input_file>
      <input_file id="fl-14">
         <path>C:\ti\ccsv8\tools\compiler\c5500_4.4.1\lib\</path>
         <kind>archive</kind>
         <file>rts55x.lib</file>
         <name>mpyd.obj</name>
      </input_file>
      <input_file id="fl-15">
         <path>C:\ti\ccsv8\tools\compiler\c5500_4.4.1\lib\</path>
         <kind>archive</kind>
         <file>rts55x.lib</file>
         <name>printf.obj</name>
      </input_file>
      <input_file id="fl-16">
         <path>C:\ti\ccsv8\tools\compiler\c5500_4.4.1\lib\</path>
         <kind>archive</kind>
         <file>rts55x.lib</file>
         <name>remul.obj</name>
      </input_file>
      <input_file id="fl-17">
         <path>C:\ti\ccsv8\tools\compiler\c5500_4.4.1\lib\</path>
         <kind>archive</kind>
         <file>rts55x.lib</file>
         <name>strlen.obj</name>
      </input_file>
      <input_file id="fl-18">
         <path>C:\ti\ccsv8\tools\compiler\c5500_4.4.1\lib\</path>
         <kind>archive</kind>
         <file>rts55x.lib</file>
         <name>trgdrv.obj</name>
      </input_file>
      <input_file id="fl-19">
         <path>C:\ti\ccsv8\tools\compiler\c5500_4.4.1\lib\</path>
         <kind>archive</kind>
         <file>rts55x.lib</file>
         <name>trgmsg.obj</name>
      </input_file>
      <input_file id="fl-1a">
         <path>C:\ti\ccsv8\tools\compiler\c5500_4.4.1\lib\</path>
         <kind>archive</kind>
         <file>rts55x.lib</file>
         <name>udiv.obj</name>
      </input_file>
      <input_file id="fl-1b">
         <path>C:\ti\ccsv8\tools\compiler\c5500_4.4.1\lib\</path>
         <kind>archive</kind>
         <file>rts55x.lib</file>
         <name>vectors.obj</name>
      </input_file>
      <input_file id="fl-1c">
         <path>C:\ti\ccsv8\tools\compiler\c5500_4.4.1\lib\</path>
         <kind>archive</kind>
         <file>rts55x.lib</file>
         <name>vsprintf.obj</name>
      </input_file>
      <input_file id="fl-1d">
         <path>C:\ti\ccsv8\tools\compiler\c5500_4.4.1\lib\</path>
         <kind>archive</kind>
         <file>rts55x.lib</file>
         <name>_lock.obj</name>
      </input_file>
      <input_file id="fl-1e">
         <path>C:\ti\ccsv8\tools\compiler\c5500_4.4.1\lib\</path>
         <kind>archive</kind>
         <file>rts55x.lib</file>
         <name>_printfi.obj</name>
      </input_file>
      <input_file id="fl-1f">
         <path>C:\ti\ccsv8\tools\compiler\c5500_4.4.1\lib\</path>
         <kind>archive</kind>
         <file>rts55x.lib</file>
         <name>args_main.obj</name>
      </input_file>
      <input_file id="fl-20">
         <path>C:\ti\ccsv8\tools\compiler\c5500_4.4.1\lib\</path>
         <kind>archive</kind>
         <file>rts55x.lib</file>
         <name>atoi.obj</name>
      </input_file>
      <input_file id="fl-21">
         <path>C:\ti\ccsv8\tools\compiler\c5500_4.4.1\lib\</path>
         <kind>archive</kind>
         <file>rts55x.lib</file>
         <name>autoinit.obj</name>
      </input_file>
      <input_file id="fl-22">
         <path>C:\ti\ccsv8\tools\compiler\c5500_4.4.1\lib\</path>
         <kind>archive</kind>
         <file>rts55x.lib</file>
         <name>cmpd.obj</name>
      </input_file>
      <input_file id="fl-23">
         <path>C:\ti\ccsv8\tools\compiler\c5500_4.4.1\lib\</path>
         <kind>archive</kind>
         <file>rts55x.lib</file>
         <name>ctype.obj</name>
      </input_file>
      <input_file id="fl-24">
         <path>C:\ti\ccsv8\tools\compiler\c5500_4.4.1\lib\</path>
         <kind>archive</kind>
         <file>rts55x.lib</file>
         <name>divd.obj</name>
      </input_file>
      <input_file id="fl-25">
         <path>C:\ti\ccsv8\tools\compiler\c5500_4.4.1\lib\</path>
         <kind>archive</kind>
         <file>rts55x.lib</file>
         <name>fixdi.obj</name>
      </input_file>
      <input_file id="fl-26">
         <path>C:\ti\ccsv8\tools\compiler\c5500_4.4.1\lib\</path>
         <kind>archive</kind>
         <file>rts55x.lib</file>
         <name>fixdli.obj</name>
      </input_file>
      <input_file id="fl-27">
         <path>C:\ti\ccsv8\tools\compiler\c5500_4.4.1\lib\</path>
         <kind>archive</kind>
         <file>rts55x.lib</file>
         <name>fltlid.obj</name>
      </input_file>
      <input_file id="fl-28">
         <path>C:\ti\ccsv8\tools\compiler\c5500_4.4.1\lib\</path>
         <kind>archive</kind>
         <file>rts55x.lib</file>
         <name>fputc.obj</name>
      </input_file>
      <input_file id="fl-29">
         <path>C:\ti\ccsv8\tools\compiler\c5500_4.4.1\lib\</path>
         <kind>archive</kind>
         <file>rts55x.lib</file>
         <name>fputs.obj</name>
      </input_file>
      <input_file id="fl-2a">
         <path>C:\ti\ccsv8\tools\compiler\c5500_4.4.1\lib\</path>
         <kind>archive</kind>
         <file>rts55x.lib</file>
         <name>frcmpyd.obj</name>
      </input_file>
      <input_file id="fl-2b">
         <path>C:\ti\ccsv8\tools\compiler\c5500_4.4.1\lib\</path>
         <kind>archive</kind>
         <file>rts55x.lib</file>
         <name>frcmpyd_div.obj</name>
      </input_file>
      <input_file id="fl-2c">
         <path>C:\ti\ccsv8\tools\compiler\c5500_4.4.1\lib\</path>
         <kind>archive</kind>
         <file>rts55x.lib</file>
         <name>isinf.obj</name>
      </input_file>
      <input_file id="fl-2d">
         <path>C:\ti\ccsv8\tools\compiler\c5500_4.4.1\lib\</path>
         <kind>archive</kind>
         <file>rts55x.lib</file>
         <name>llmpy.obj</name>
      </input_file>
      <input_file id="fl-2e">
         <path>C:\ti\ccsv8\tools\compiler\c5500_4.4.1\lib\</path>
         <kind>archive</kind>
         <file>rts55x.lib</file>
         <name>ltoa.obj</name>
      </input_file>
      <input_file id="fl-2f">
         <path>C:\ti\ccsv8\tools\compiler\c5500_4.4.1\lib\</path>
         <kind>archive</kind>
         <file>rts55x.lib</file>
         <name>memccpy.obj</name>
      </input_file>
      <input_file id="fl-30">
         <path>C:\ti\ccsv8\tools\compiler\c5500_4.4.1\lib\</path>
         <kind>archive</kind>
         <file>rts55x.lib</file>
         <name>memcpy.obj</name>
      </input_file>
      <input_file id="fl-31">
         <path>C:\ti\ccsv8\tools\compiler\c5500_4.4.1\lib\</path>
         <kind>archive</kind>
         <file>rts55x.lib</file>
         <name>negd.obj</name>
      </input_file>
      <input_file id="fl-32">
         <path>C:\ti\ccsv8\tools\compiler\c5500_4.4.1\lib\</path>
         <kind>archive</kind>
         <file>rts55x.lib</file>
         <name>remli.obj</name>
      </input_file>
      <input_file id="fl-33">
         <path>C:\ti\ccsv8\tools\compiler\c5500_4.4.1\lib\</path>
         <kind>archive</kind>
         <file>rts55x.lib</file>
         <name>subd.obj</name>
      </input_file>
      <input_file id="fl-34">
         <path>C:\ti\ccsv8\tools\compiler\c5500_4.4.1\lib\</path>
         <kind>archive</kind>
         <file>rts55x.lib</file>
         <name>_io_perm.obj</name>
      </input_file>
      <input_file id="fl-35">
         <path>C:\ti\ccsv8\tools\compiler\c5500_4.4.1\lib\</path>
         <kind>archive</kind>
         <file>rts55x.lib</file>
         <name>addd.obj</name>
      </input_file>
      <input_file id="fl-36">
         <path>C:\ti\ccsv8\tools\compiler\c5500_4.4.1\lib\</path>
         <kind>archive</kind>
         <file>rts55x.lib</file>
         <name>divli.obj</name>
      </input_file>
      <input_file id="fl-37">
         <path>C:\ti\ccsv8\tools\compiler\c5500_4.4.1\lib\</path>
         <kind>archive</kind>
         <file>rts55x.lib</file>
         <name>fseek.obj</name>
      </input_file>
      <input_file id="fl-38">
         <path>C:\ti\ccsv8\tools\compiler\c5500_4.4.1\lib\</path>
         <kind>archive</kind>
         <file>rts55x.lib</file>
         <name>setvbuf.obj</name>
      </input_file>
      <input_file id="fl-39">
         <path>C:\ti\ccsv8\tools\compiler\c5500_4.4.1\lib\</path>
         <kind>archive</kind>
         <file>rts55x.lib</file>
         <name>fopen.obj</name>
      </input_file>
      <input_file id="fl-3a">
         <path>C:\ti\ccsv8\tools\compiler\c5500_4.4.1\lib\</path>
         <kind>archive</kind>
         <file>rts55x.lib</file>
         <name>memory.obj</name>
      </input_file>
      <input_file id="fl-3b">
         <path>C:\ti\ccsv8\tools\compiler\c5500_4.4.1\lib\</path>
         <kind>archive</kind>
         <file>rts55x.lib</file>
         <name>fclose.obj</name>
      </input_file>
      <input_file id="fl-3c">
         <path>C:\ti\ccsv8\tools\compiler\c5500_4.4.1\lib\</path>
         <kind>archive</kind>
         <file>rts55x.lib</file>
         <name>remove.obj</name>
      </input_file>
   </input_file_list>
   <object_component_list>
      <object_component id="oc-71">
         <name>vectors</name>
         <load_address>0x100</load_address>
         <run_address>0x100</run_address>
         <size>0x100</size>
         <input_file_ref idref="fl-1b"/>
      </object_component>
      <object_component id="oc-7f">
         <name>.text</name>
         <load_address>0x8000</load_address>
         <run_address>0x8000</run_address>
         <size>0x15a4</size>
         <input_file_ref idref="fl-1e"/>
      </object_component>
      <object_component id="oc-1e">
         <name>.text</name>
         <load_address>0x95a4</load_address>
         <run_address>0x95a4</run_address>
         <size>0x10d0</size>
         <input_file_ref idref="fl-9"/>
      </object_component>
      <object_component id="oc-4b">
         <name>.text</name>
         <load_address>0xa674</load_address>
         <run_address>0xa674</run_address>
         <size>0x543</size>
         <input_file_ref idref="fl-13"/>
      </object_component>
      <object_component id="oc-61">
         <name>.text</name>
         <load_address>0xabb7</load_address>
         <run_address>0xabb7</run_address>
         <size>0x528</size>
         <input_file_ref idref="fl-18"/>
      </object_component>
      <object_component id="oc-f3">
         <name>.text</name>
         <load_address>0xb0df</load_address>
         <run_address>0xb0df</run_address>
         <size>0x4b5</size>
         <input_file_ref idref="fl-3a"/>
      </object_component>
      <object_component id="oc-97">
         <name>.text</name>
         <load_address>0xb594</load_address>
         <run_address>0xb594</run_address>
         <size>0x3cc</size>
         <input_file_ref idref="fl-24"/>
      </object_component>
      <object_component id="oc-10">
         <name>.text</name>
         <load_address>0xb960</load_address>
         <run_address>0xb960</run_address>
         <size>0x327</size>
         <input_file_ref idref="fl-2"/>
      </object_component>
      <object_component id="oc-ed">
         <name>.text</name>
         <load_address>0xbc87</load_address>
         <run_address>0xbc87</run_address>
         <size>0x27f</size>
         <input_file_ref idref="fl-39"/>
      </object_component>
      <object_component id="oc-18">
         <name>.text</name>
         <load_address>0xbf06</load_address>
         <run_address>0xbf06</run_address>
         <size>0x25e</size>
         <input_file_ref idref="fl-8"/>
      </object_component>
      <object_component id="oc-bd">
         <name>.text</name>
         <load_address>0xc164</load_address>
         <run_address>0xc164</run_address>
         <size>0x25e</size>
         <input_file_ref idref="fl-2d"/>
      </object_component>
      <object_component id="oc-dd">
         <name>.text</name>
         <load_address>0xc3c2</load_address>
         <run_address>0xc3c2</run_address>
         <size>0x25a</size>
         <input_file_ref idref="fl-35"/>
      </object_component>
      <object_component id="oc-91">
         <name>.text</name>
         <load_address>0xc61c</load_address>
         <run_address>0xc61c</run_address>
         <size>0x1ea</size>
         <input_file_ref idref="fl-22"/>
      </object_component>
      <object_component id="oc-ac">
         <name>.text</name>
         <load_address>0xc806</load_address>
         <run_address>0xc806</run_address>
         <size>0x163</size>
         <input_file_ref idref="fl-29"/>
      </object_component>
      <object_component id="oc-51">
         <name>.text</name>
         <load_address>0xc969</load_address>
         <run_address>0xc969</run_address>
         <size>0x14c</size>
         <input_file_ref idref="fl-14"/>
      </object_component>
      <object_component id="oc-e9">
         <name>.text</name>
         <load_address>0xcab5</load_address>
         <run_address>0xcab5</run_address>
         <size>0xe6</size>
         <input_file_ref idref="fl-38"/>
      </object_component>
      <object_component id="oc-d9">
         <name>.text</name>
         <load_address>0xcb9b</load_address>
         <run_address>0xcb9b</run_address>
         <size>0xdd</size>
         <input_file_ref idref="fl-34"/>
      </object_component>
      <object_component id="oc-36">
         <name>.text</name>
         <load_address>0xcc78</load_address>
         <run_address>0xcc78</run_address>
         <size>0xc2</size>
         <input_file_ref idref="fl-e"/>
      </object_component>
      <object_component id="oc-69">
         <name>.text:CIO_breakpoint</name>
         <load_address>0xcd3a</load_address>
         <run_address>0xcd3a</run_address>
         <size>0xba</size>
         <input_file_ref idref="fl-19"/>
      </object_component>
      <object_component id="oc-a8">
         <name>.text</name>
         <load_address>0xcdf4</load_address>
         <run_address>0xcdf4</run_address>
         <size>0xa6</size>
         <input_file_ref idref="fl-28"/>
      </object_component>
      <object_component id="oc-2b">
         <name>.text</name>
         <load_address>0xce9a</load_address>
         <run_address>0xce9a</run_address>
         <size>0xa1</size>
         <input_file_ref idref="fl-c"/>
      </object_component>
      <object_component id="oc-c1">
         <name>.text</name>
         <load_address>0xcf3b</load_address>
         <run_address>0xcf3b</run_address>
         <size>0x7d</size>
         <input_file_ref idref="fl-2e"/>
      </object_component>
      <object_component id="oc-fa">
         <name>.text</name>
         <load_address>0xcfb8</load_address>
         <run_address>0xcfb8</run_address>
         <size>0x7b</size>
         <input_file_ref idref="fl-3b"/>
      </object_component>
      <object_component id="oc-3a">
         <name>.text</name>
         <load_address>0xd033</load_address>
         <run_address>0xd033</run_address>
         <size>0x77</size>
         <input_file_ref idref="fl-f"/>
      </object_component>
      <object_component id="oc-b1">
         <name>.text</name>
         <load_address>0xd0aa</load_address>
         <run_address>0xd0aa</run_address>
         <size>0x76</size>
         <input_file_ref idref="fl-2a"/>
      </object_component>
      <object_component id="oc-b5">
         <name>.text</name>
         <load_address>0xd120</load_address>
         <run_address>0xd120</run_address>
         <size>0x73</size>
         <input_file_ref idref="fl-2b"/>
      </object_component>
      <object_component id="oc-59">
         <name>.text</name>
         <load_address>0xd193</load_address>
         <run_address>0xd193</run_address>
         <size>0x72</size>
         <input_file_ref idref="fl-16"/>
      </object_component>
      <object_component id="oc-9f">
         <name>.text</name>
         <load_address>0xd205</load_address>
         <run_address>0xd205</run_address>
         <size>0x6f</size>
         <input_file_ref idref="fl-26"/>
      </object_component>
      <object_component id="oc-66">
         <name>.text</name>
         <load_address>0xd274</load_address>
         <run_address>0xd274</run_address>
         <size>0x6d</size>
         <input_file_ref idref="fl-19"/>
      </object_component>
      <object_component id="oc-e5">
         <name>.text</name>
         <load_address>0xd2e1</load_address>
         <run_address>0xd2e1</run_address>
         <size>0x6b</size>
         <input_file_ref idref="fl-37"/>
      </object_component>
      <object_component id="oc-75">
         <name>.text</name>
         <load_address>0xd34c</load_address>
         <run_address>0xd34c</run_address>
         <size>0x6a</size>
         <input_file_ref idref="fl-1c"/>
      </object_component>
      <object_component id="oc-a3">
         <name>.text</name>
         <load_address>0xd3b6</load_address>
         <run_address>0xd3b6</run_address>
         <size>0x67</size>
         <input_file_ref idref="fl-27"/>
      </object_component>
      <object_component id="oc-89">
         <name>.text</name>
         <load_address>0xd41d</load_address>
         <run_address>0xd41d</run_address>
         <size>0x5c</size>
         <input_file_ref idref="fl-20"/>
      </object_component>
      <object_component id="oc-3e">
         <name>.text</name>
         <load_address>0xd479</load_address>
         <run_address>0xd479</run_address>
         <size>0x5b</size>
         <input_file_ref idref="fl-10"/>
      </object_component>
      <object_component id="oc-55">
         <name>.text</name>
         <load_address>0xd4d4</load_address>
         <run_address>0xd4d4</run_address>
         <size>0x50</size>
         <input_file_ref idref="fl-15"/>
      </object_component>
      <object_component id="oc-8d">
         <name>.text</name>
         <load_address>0xd524</load_address>
         <run_address>0xd524</run_address>
         <size>0x4d</size>
         <input_file_ref idref="fl-21"/>
      </object_component>
      <object_component id="oc-85">
         <name>.text</name>
         <load_address>0xd571</load_address>
         <run_address>0xd571</run_address>
         <size>0x4b</size>
         <input_file_ref idref="fl-1f"/>
      </object_component>
      <object_component id="oc-d1">
         <name>.text</name>
         <load_address>0xd5bc</load_address>
         <run_address>0xd5bc</run_address>
         <size>0x4b</size>
         <input_file_ref idref="fl-32"/>
      </object_component>
      <object_component id="oc-e1">
         <name>.text</name>
         <load_address>0xd607</load_address>
         <run_address>0xd607</run_address>
         <size>0x48</size>
         <input_file_ref idref="fl-36"/>
      </object_component>
      <object_component id="oc-c9">
         <name>.text</name>
         <load_address>0xd64f</load_address>
         <run_address>0xd64f</run_address>
         <size>0x3f</size>
         <input_file_ref idref="fl-30"/>
      </object_component>
      <object_component id="oc-2f">
         <name>.text</name>
         <load_address>0xd68e</load_address>
         <run_address>0xd68e</run_address>
         <size>0x3e</size>
         <input_file_ref idref="fl-d"/>
      </object_component>
      <object_component id="oc-43">
         <name>.text</name>
         <load_address>0xd6cc</load_address>
         <run_address>0xd6cc</run_address>
         <size>0x3c</size>
         <input_file_ref idref="fl-11"/>
      </object_component>
      <object_component id="oc-f">
         <name>.text</name>
         <load_address>0xd708</load_address>
         <run_address>0xd708</run_address>
         <size>0x34</size>
         <input_file_ref idref="fl-a"/>
      </object_component>
      <object_component id="oc-9b">
         <name>.text</name>
         <load_address>0xd73c</load_address>
         <run_address>0xd73c</run_address>
         <size>0x2a</size>
         <input_file_ref idref="fl-25"/>
      </object_component>
      <object_component id="oc-6c">
         <name>.text</name>
         <load_address>0xd766</load_address>
         <run_address>0xd766</run_address>
         <size>0x2a</size>
         <input_file_ref idref="fl-1a"/>
      </object_component>
      <object_component id="oc-c5">
         <name>.text</name>
         <load_address>0xd790</load_address>
         <run_address>0xd790</run_address>
         <size>0x23</size>
         <input_file_ref idref="fl-2f"/>
      </object_component>
      <object_component id="oc-b9">
         <name>.text</name>
         <load_address>0xd7b3</load_address>
         <run_address>0xd7b3</run_address>
         <size>0x1a</size>
         <input_file_ref idref="fl-2c"/>
      </object_component>
      <object_component id="oc-d5">
         <name>.text</name>
         <load_address>0xd7cd</load_address>
         <run_address>0xd7cd</run_address>
         <size>0x14</size>
         <input_file_ref idref="fl-33"/>
      </object_component>
      <object_component id="oc-47">
         <name>.text</name>
         <load_address>0xd7e1</load_address>
         <run_address>0xd7e1</run_address>
         <size>0x13</size>
         <input_file_ref idref="fl-12"/>
      </object_component>
      <object_component id="oc-79">
         <name>.text</name>
         <load_address>0xd7f4</load_address>
         <run_address>0xd7f4</run_address>
         <size>0x12</size>
         <input_file_ref idref="fl-1d"/>
      </object_component>
      <object_component id="oc-5d">
         <name>.text</name>
         <load_address>0xd806</load_address>
         <run_address>0xd806</run_address>
         <size>0x11</size>
         <input_file_ref idref="fl-17"/>
      </object_component>
      <object_component id="oc-cd">
         <name>.text</name>
         <load_address>0xd817</load_address>
         <run_address>0xd817</run_address>
         <size>0x10</size>
         <input_file_ref idref="fl-31"/>
      </object_component>
      <object_component id="oc-fe">
         <name>.text</name>
         <load_address>0xd827</load_address>
         <run_address>0xd827</run_address>
         <size>0xa</size>
         <input_file_ref idref="fl-3c"/>
      </object_component>
      <object_component id="oc-33">
         <name>.text:CIO_breakpoint</name>
         <load_address>0xd831</load_address>
         <run_address>0xd831</run_address>
         <size>0x7</size>
         <input_file_ref idref="fl-d"/>
      </object_component>
      <object_component id="oc-70">
         <name>.text</name>
         <load_address>0xd838</load_address>
         <run_address>0xd838</run_address>
         <size>0x2</size>
         <input_file_ref idref="fl-1b"/>
      </object_component>
      <object_component id="oc-23">
         <name>.stack</name>
         <uninitialized>true</uninitialized>
         <run_address>0xd83c</run_address>
         <size>0x0</size>
         <input_file_ref idref="fl-a"/>
      </object_component>
      <object_component id="oc-11c">
         <name>.stack</name>
         <uninitialized>true</uninitialized>
         <run_address>0xd83c</run_address>
         <size>0x0</size>
      </object_component>
      <object_component id="oc-102">
         <name>.sysstack</name>
         <uninitialized>true</uninitialized>
         <run_address>0xf83c</run_address>
         <size>0x0</size>
         <input_file_ref idref="fl-a"/>
      </object_component>
      <object_component id="oc-11e">
         <name>.sysstack</name>
         <uninitialized>true</uninitialized>
         <run_address>0xf83c</run_address>
         <size>0x0</size>
      </object_component>
      <object_component id="oc-11">
         <name>.bss</name>
         <load_address>0x1183c</load_address>
         <run_address>0x1183c</run_address>
         <size>0x3c0</size>
         <input_file_ref idref="fl-2"/>
      </object_component>
      <object_component id="oc-27">
         <name>.bss</name>
         <load_address>0x11bfc</load_address>
         <run_address>0x11bfc</run_address>
         <size>0x232</size>
         <input_file_ref idref="fl-b"/>
      </object_component>
      <object_component id="oc-62">
         <name>.bss</name>
         <load_address>0x11e2e</load_address>
         <run_address>0x11e2e</run_address>
         <size>0x1a0</size>
         <input_file_ref idref="fl-18"/>
      </object_component>
      <object_component id="oc-ee">
         <name>.bss</name>
         <load_address>0x11fce</load_address>
         <run_address>0x11fce</run_address>
         <size>0x2</size>
         <input_file_ref idref="fl-39"/>
      </object_component>
      <object_component id="oc-4c">
         <name>.bss</name>
         <load_address>0x11fd0</load_address>
         <run_address>0x11fd0</run_address>
         <size>0xe2</size>
         <input_file_ref idref="fl-13"/>
      </object_component>
      <object_component id="oc-f4">
         <name>.bss</name>
         <load_address>0x120b4</load_address>
         <run_address>0x120b4</run_address>
         <size>0xc</size>
         <input_file_ref idref="fl-3a"/>
      </object_component>
      <object_component id="oc-7a">
         <name>.bss</name>
         <load_address>0x120c0</load_address>
         <run_address>0x120c0</run_address>
         <size>0x8</size>
         <input_file_ref idref="fl-1d"/>
      </object_component>
      <object_component id="oc-30">
         <name>.bss</name>
         <load_address>0x120c8</load_address>
         <run_address>0x120c8</run_address>
         <size>0x8</size>
         <input_file_ref idref="fl-d"/>
      </object_component>
      <object_component id="oc-19">
         <name>.bss</name>
         <load_address>0x120d0</load_address>
         <run_address>0x120d0</run_address>
         <size>0x6</size>
         <input_file_ref idref="fl-8"/>
      </object_component>
      <object_component id="oc-13">
         <name>.cinit</name>
         <load_address>0x120d6</load_address>
         <run_address>0x120d6</run_address>
         <size>0x148</size>
         <input_file_ref idref="fl-2"/>
      </object_component>
      <object_component id="oc-4e">
         <name>.cinit</name>
         <load_address>0x1221e</load_address>
         <run_address>0x1221e</run_address>
         <size>0x5a</size>
         <input_file_ref idref="fl-13"/>
      </object_component>
      <object_component id="oc-29">
         <name>.cinit</name>
         <load_address>0x12278</load_address>
         <run_address>0x12278</run_address>
         <size>0x54</size>
         <input_file_ref idref="fl-b"/>
      </object_component>
      <object_component id="oc-7c">
         <name>.cinit</name>
         <load_address>0x122cc</load_address>
         <run_address>0x122cc</run_address>
         <size>0x14</size>
         <input_file_ref idref="fl-1d"/>
      </object_component>
      <object_component id="oc-32">
         <name>.cinit</name>
         <load_address>0x122e0</load_address>
         <run_address>0x122e0</run_address>
         <size>0x14</size>
         <input_file_ref idref="fl-d"/>
      </object_component>
      <object_component id="oc-f0">
         <name>.cinit</name>
         <load_address>0x122f4</load_address>
         <run_address>0x122f4</run_address>
         <size>0x8</size>
         <input_file_ref idref="fl-39"/>
      </object_component>
      <object_component id="oc-f6">
         <name>.cinit</name>
         <load_address>0x122fc</load_address>
         <run_address>0x122fc</run_address>
         <size>0x8</size>
         <input_file_ref idref="fl-3a"/>
      </object_component>
      <object_component id="oc-14">
         <name>.const:.string</name>
         <load_address>0x4380</load_address>
         <run_address>0x4380</run_address>
         <size>0x50e</size>
         <input_file_ref idref="fl-2"/>
      </object_component>
      <object_component id="oc-104">
         <name>.const:__ctypes_</name>
         <load_address>0x488e</load_address>
         <run_address>0x488e</run_address>
         <size>0x202</size>
         <input_file_ref idref="fl-23"/>
      </object_component>
      <object_component id="oc-82">
         <name>.const:.string</name>
         <load_address>0x4a90</load_address>
         <run_address>0x4a90</run_address>
         <size>0x48</size>
         <input_file_ref idref="fl-1e"/>
      </object_component>
      <object_component id="oc-81">
         <name>.const</name>
         <load_address>0x4ad8</load_address>
         <run_address>0x4ad8</run_address>
         <size>0x18</size>
         <input_file_ref idref="fl-1e"/>
      </object_component>
      <object_component id="oc-105">
         <name>.const:_initial_approx$1</name>
         <load_address>0x4af0</load_address>
         <run_address>0x4af0</run_address>
         <size>0x10</size>
         <input_file_ref idref="fl-24"/>
      </object_component>
      <object_component id="oc-ae">
         <name>.const:.string</name>
         <load_address>0x4b00</load_address>
         <run_address>0x4b00</run_address>
         <size>0x4</size>
         <input_file_ref idref="fl-29"/>
      </object_component>
      <object_component id="oc-a5">
         <name>.const</name>
         <load_address>0x4b04</load_address>
         <run_address>0x4b04</run_address>
         <size>0x4</size>
         <input_file_ref idref="fl-27"/>
      </object_component>
      <object_component id="oc-40">
         <name>.const</name>
         <load_address>0x4b08</load_address>
         <run_address>0x4b08</run_address>
         <size>0x4</size>
         <input_file_ref idref="fl-10"/>
      </object_component>
      <object_component id="oc-103">
         <name>.switch:_SYS_setEBSR</name>
         <load_address>0x4d50</load_address>
         <run_address>0x4d50</run_address>
         <size>0x24</size>
         <input_file_ref idref="fl-8"/>
      </object_component>
      <object_component id="oc-f7">
         <name>.sysmem</name>
         <uninitialized>true</uninitialized>
         <run_address>0x400</run_address>
         <size>0x0</size>
         <input_file_ref idref="fl-3a"/>
      </object_component>
      <object_component id="oc-11d">
         <name>.sysmem</name>
         <uninitialized>true</uninitialized>
         <run_address>0x400</run_address>
         <size>0x0</size>
      </object_component>
      <object_component id="oc-68">
         <name>.cio</name>
         <uninitialized>true</uninitialized>
         <run_address>0x4b10</run_address>
         <size>0x240</size>
         <input_file_ref idref="fl-19"/>
      </object_component>
      <object_component id="oc-12">
         <name>.debug_info</name>
         <load_address>0x0</load_address>
         <run_address>0x0</run_address>
         <size>0x1c41</size>
         <input_file_ref idref="fl-2"/>
      </object_component>
      <object_component id="oc-1a">
         <name>.debug_info</name>
         <load_address>0x1c41</load_address>
         <run_address>0x1c41</run_address>
         <size>0x136d</size>
         <input_file_ref idref="fl-8"/>
      </object_component>
      <object_component id="oc-1f">
         <name>.debug_info</name>
         <load_address>0x2fae</load_address>
         <run_address>0x2fae</run_address>
         <size>0x44d4</size>
         <input_file_ref idref="fl-9"/>
      </object_component>
      <object_component id="oc-24">
         <name>.debug_info</name>
         <load_address>0x7482</load_address>
         <run_address>0x7482</run_address>
         <size>0xe8</size>
         <input_file_ref idref="fl-a"/>
      </object_component>
      <object_component id="oc-28">
         <name>.debug_info</name>
         <load_address>0x756a</load_address>
         <run_address>0x756a</run_address>
         <size>0x57e</size>
         <input_file_ref idref="fl-b"/>
      </object_component>
      <object_component id="oc-2c">
         <name>.debug_info</name>
         <load_address>0x7ae8</load_address>
         <run_address>0x7ae8</run_address>
         <size>0x534</size>
         <input_file_ref idref="fl-c"/>
      </object_component>
      <object_component id="oc-31">
         <name>.debug_info</name>
         <load_address>0x801c</load_address>
         <run_address>0x801c</run_address>
         <size>0x5fb</size>
         <input_file_ref idref="fl-d"/>
      </object_component>
      <object_component id="oc-37">
         <name>.debug_info</name>
         <load_address>0x8617</load_address>
         <run_address>0x8617</run_address>
         <size>0x706</size>
         <input_file_ref idref="fl-e"/>
      </object_component>
      <object_component id="oc-3b">
         <name>.debug_info</name>
         <load_address>0x8d1d</load_address>
         <run_address>0x8d1d</run_address>
         <size>0x534</size>
         <input_file_ref idref="fl-f"/>
      </object_component>
      <object_component id="oc-3f">
         <name>.debug_info</name>
         <load_address>0x9251</load_address>
         <run_address>0x9251</run_address>
         <size>0x549</size>
         <input_file_ref idref="fl-10"/>
      </object_component>
      <object_component id="oc-44">
         <name>.debug_info</name>
         <load_address>0x979a</load_address>
         <run_address>0x979a</run_address>
         <size>0xeb</size>
         <input_file_ref idref="fl-11"/>
      </object_component>
      <object_component id="oc-48">
         <name>.debug_info</name>
         <load_address>0x9885</load_address>
         <run_address>0x9885</run_address>
         <size>0xbd</size>
         <input_file_ref idref="fl-12"/>
      </object_component>
      <object_component id="oc-4d">
         <name>.debug_info</name>
         <load_address>0x9942</load_address>
         <run_address>0x9942</run_address>
         <size>0x144b</size>
         <input_file_ref idref="fl-13"/>
      </object_component>
      <object_component id="oc-52">
         <name>.debug_info</name>
         <load_address>0xad8d</load_address>
         <run_address>0xad8d</run_address>
         <size>0x55b</size>
         <input_file_ref idref="fl-14"/>
      </object_component>
      <object_component id="oc-56">
         <name>.debug_info</name>
         <load_address>0xb2e8</load_address>
         <run_address>0xb2e8</run_address>
         <size>0x76c</size>
         <input_file_ref idref="fl-15"/>
      </object_component>
      <object_component id="oc-5a">
         <name>.debug_info</name>
         <load_address>0xba54</load_address>
         <run_address>0xba54</run_address>
         <size>0x534</size>
         <input_file_ref idref="fl-16"/>
      </object_component>
      <object_component id="oc-5e">
         <name>.debug_info</name>
         <load_address>0xbf88</load_address>
         <run_address>0xbf88</run_address>
         <size>0x589</size>
         <input_file_ref idref="fl-17"/>
      </object_component>
      <object_component id="oc-63">
         <name>.debug_info</name>
         <load_address>0xc511</load_address>
         <run_address>0xc511</run_address>
         <size>0xed4</size>
         <input_file_ref idref="fl-18"/>
      </object_component>
      <object_component id="oc-67">
         <name>.debug_info</name>
         <load_address>0xd3e5</load_address>
         <run_address>0xd3e5</run_address>
         <size>0x744</size>
         <input_file_ref idref="fl-19"/>
      </object_component>
      <object_component id="oc-6d">
         <name>.debug_info</name>
         <load_address>0xdb29</load_address>
         <run_address>0xdb29</run_address>
         <size>0xef</size>
         <input_file_ref idref="fl-1a"/>
      </object_component>
      <object_component id="oc-72">
         <name>.debug_info</name>
         <load_address>0xdc18</load_address>
         <run_address>0xdc18</run_address>
         <size>0xbc</size>
         <input_file_ref idref="fl-1b"/>
      </object_component>
      <object_component id="oc-76">
         <name>.debug_info</name>
         <load_address>0xdcd4</load_address>
         <run_address>0xdcd4</run_address>
         <size>0x6dc</size>
         <input_file_ref idref="fl-1c"/>
      </object_component>
      <object_component id="oc-7b">
         <name>.debug_info</name>
         <load_address>0xe3b0</load_address>
         <run_address>0xe3b0</run_address>
         <size>0x5bc</size>
         <input_file_ref idref="fl-1d"/>
      </object_component>
      <object_component id="oc-80">
         <name>.debug_info</name>
         <load_address>0xe96c</load_address>
         <run_address>0xe96c</run_address>
         <size>0x27bd</size>
         <input_file_ref idref="fl-1e"/>
      </object_component>
      <object_component id="oc-86">
         <name>.debug_info</name>
         <load_address>0x11129</load_address>
         <run_address>0x11129</run_address>
         <size>0x586</size>
         <input_file_ref idref="fl-1f"/>
      </object_component>
      <object_component id="oc-8a">
         <name>.debug_info</name>
         <load_address>0x116af</load_address>
         <run_address>0x116af</run_address>
         <size>0x5a4</size>
         <input_file_ref idref="fl-20"/>
      </object_component>
      <object_component id="oc-8e">
         <name>.debug_info</name>
         <load_address>0x11c53</load_address>
         <run_address>0x11c53</run_address>
         <size>0xcd</size>
         <input_file_ref idref="fl-21"/>
      </object_component>
      <object_component id="oc-92">
         <name>.debug_info</name>
         <load_address>0x11d20</load_address>
         <run_address>0x11d20</run_address>
         <size>0x81f</size>
         <input_file_ref idref="fl-22"/>
      </object_component>
      <object_component id="oc-95">
         <name>.debug_info</name>
         <load_address>0x1253f</load_address>
         <run_address>0x1253f</run_address>
         <size>0x498</size>
         <input_file_ref idref="fl-23"/>
      </object_component>
      <object_component id="oc-98">
         <name>.debug_info</name>
         <load_address>0x129d7</load_address>
         <run_address>0x129d7</run_address>
         <size>0x7e8</size>
         <input_file_ref idref="fl-24"/>
      </object_component>
      <object_component id="oc-9c">
         <name>.debug_info</name>
         <load_address>0x131bf</load_address>
         <run_address>0x131bf</run_address>
         <size>0x4cf</size>
         <input_file_ref idref="fl-25"/>
      </object_component>
      <object_component id="oc-a0">
         <name>.debug_info</name>
         <load_address>0x1368e</load_address>
         <run_address>0x1368e</run_address>
         <size>0x534</size>
         <input_file_ref idref="fl-26"/>
      </object_component>
      <object_component id="oc-a4">
         <name>.debug_info</name>
         <load_address>0x13bc2</load_address>
         <run_address>0x13bc2</run_address>
         <size>0x549</size>
         <input_file_ref idref="fl-27"/>
      </object_component>
      <object_component id="oc-a9">
         <name>.debug_info</name>
         <load_address>0x1410b</load_address>
         <run_address>0x1410b</run_address>
         <size>0x6aa</size>
         <input_file_ref idref="fl-28"/>
      </object_component>
      <object_component id="oc-ad">
         <name>.debug_info</name>
         <load_address>0x147b5</load_address>
         <run_address>0x147b5</run_address>
         <size>0x942</size>
         <input_file_ref idref="fl-29"/>
      </object_component>
      <object_component id="oc-b2">
         <name>.debug_info</name>
         <load_address>0x150f7</load_address>
         <run_address>0x150f7</run_address>
         <size>0x4d2</size>
         <input_file_ref idref="fl-2a"/>
      </object_component>
      <object_component id="oc-b6">
         <name>.debug_info</name>
         <load_address>0x155c9</load_address>
         <run_address>0x155c9</run_address>
         <size>0x53e</size>
         <input_file_ref idref="fl-2b"/>
      </object_component>
      <object_component id="oc-ba">
         <name>.debug_info</name>
         <load_address>0x15b07</load_address>
         <run_address>0x15b07</run_address>
         <size>0x680</size>
         <input_file_ref idref="fl-2c"/>
      </object_component>
      <object_component id="oc-be">
         <name>.debug_info</name>
         <load_address>0x16187</load_address>
         <run_address>0x16187</run_address>
         <size>0x7d4</size>
         <input_file_ref idref="fl-2d"/>
      </object_component>
      <object_component id="oc-c2">
         <name>.debug_info</name>
         <load_address>0x1695b</load_address>
         <run_address>0x1695b</run_address>
         <size>0x5ad</size>
         <input_file_ref idref="fl-2e"/>
      </object_component>
      <object_component id="oc-c6">
         <name>.debug_info</name>
         <load_address>0x16f08</load_address>
         <run_address>0x16f08</run_address>
         <size>0x574</size>
         <input_file_ref idref="fl-2f"/>
      </object_component>
      <object_component id="oc-ca">
         <name>.debug_info</name>
         <load_address>0x1747c</load_address>
         <run_address>0x1747c</run_address>
         <size>0xd1</size>
         <input_file_ref idref="fl-30"/>
      </object_component>
      <object_component id="oc-ce">
         <name>.debug_info</name>
         <load_address>0x1754d</load_address>
         <run_address>0x1754d</run_address>
         <size>0x4b7</size>
         <input_file_ref idref="fl-31"/>
      </object_component>
      <object_component id="oc-d2">
         <name>.debug_info</name>
         <load_address>0x17a04</load_address>
         <run_address>0x17a04</run_address>
         <size>0x4f2</size>
         <input_file_ref idref="fl-32"/>
      </object_component>
      <object_component id="oc-d6">
         <name>.debug_info</name>
         <load_address>0x17ef6</load_address>
         <run_address>0x17ef6</run_address>
         <size>0x4de</size>
         <input_file_ref idref="fl-33"/>
      </object_component>
      <object_component id="oc-da">
         <name>.debug_info</name>
         <load_address>0x183d4</load_address>
         <run_address>0x183d4</run_address>
         <size>0x662</size>
         <input_file_ref idref="fl-34"/>
      </object_component>
      <object_component id="oc-de">
         <name>.debug_info</name>
         <load_address>0x18a36</load_address>
         <run_address>0x18a36</run_address>
         <size>0x5ab</size>
         <input_file_ref idref="fl-35"/>
      </object_component>
      <object_component id="oc-e2">
         <name>.debug_info</name>
         <load_address>0x18fe1</load_address>
         <run_address>0x18fe1</run_address>
         <size>0x4f2</size>
         <input_file_ref idref="fl-36"/>
      </object_component>
      <object_component id="oc-e6">
         <name>.debug_info</name>
         <load_address>0x194d3</load_address>
         <run_address>0x194d3</run_address>
         <size>0x5f7</size>
         <input_file_ref idref="fl-37"/>
      </object_component>
      <object_component id="oc-ea">
         <name>.debug_info</name>
         <load_address>0x19aca</load_address>
         <run_address>0x19aca</run_address>
         <size>0x64a</size>
         <input_file_ref idref="fl-38"/>
      </object_component>
      <object_component id="oc-ef">
         <name>.debug_info</name>
         <load_address>0x1a114</load_address>
         <run_address>0x1a114</run_address>
         <size>0xa1c</size>
         <input_file_ref idref="fl-39"/>
      </object_component>
      <object_component id="oc-f5">
         <name>.debug_info</name>
         <load_address>0x1ab30</load_address>
         <run_address>0x1ab30</run_address>
         <size>0xb97</size>
         <input_file_ref idref="fl-3a"/>
      </object_component>
      <object_component id="oc-fb">
         <name>.debug_info</name>
         <load_address>0x1b6c7</load_address>
         <run_address>0x1b6c7</run_address>
         <size>0x64f</size>
         <input_file_ref idref="fl-3b"/>
      </object_component>
      <object_component id="oc-ff">
         <name>.debug_info</name>
         <load_address>0x1bd16</load_address>
         <run_address>0x1bd16</run_address>
         <size>0x510</size>
         <input_file_ref idref="fl-3c"/>
      </object_component>
      <object_component id="oc-120">
         <name>.debug_info</name>
         <load_address>0x1c226</load_address>
         <run_address>0x1c226</run_address>
         <size>0x6e</size>
      </object_component>
      <object_component id="oc-15">
         <name>.debug_frame</name>
         <load_address>0x0</load_address>
         <run_address>0x0</run_address>
         <size>0x139</size>
         <input_file_ref idref="fl-2"/>
      </object_component>
      <object_component id="oc-1b">
         <name>.debug_frame</name>
         <load_address>0x139</load_address>
         <run_address>0x139</run_address>
         <size>0x11f</size>
         <input_file_ref idref="fl-8"/>
      </object_component>
      <object_component id="oc-20">
         <name>.debug_frame</name>
         <load_address>0x258</load_address>
         <run_address>0x258</run_address>
         <size>0x30e</size>
         <input_file_ref idref="fl-9"/>
      </object_component>
      <object_component id="oc-16">
         <name>.debug_line</name>
         <load_address>0x0</load_address>
         <run_address>0x0</run_address>
         <size>0x13c</size>
         <input_file_ref idref="fl-2"/>
      </object_component>
      <object_component id="oc-1c">
         <name>.debug_line</name>
         <load_address>0x13c</load_address>
         <run_address>0x13c</run_address>
         <size>0x1f4</size>
         <input_file_ref idref="fl-8"/>
      </object_component>
      <object_component id="oc-21">
         <name>.debug_line</name>
         <load_address>0x330</load_address>
         <run_address>0x330</run_address>
         <size>0x85b</size>
         <input_file_ref idref="fl-9"/>
      </object_component>
      <object_component id="oc-25">
         <name>.debug_line</name>
         <load_address>0xb8b</load_address>
         <run_address>0xb8b</run_address>
         <size>0x54</size>
         <input_file_ref idref="fl-a"/>
      </object_component>
      <object_component id="oc-2d">
         <name>.debug_line</name>
         <load_address>0xbdf</load_address>
         <run_address>0xbdf</run_address>
         <size>0x44</size>
         <input_file_ref idref="fl-c"/>
      </object_component>
      <object_component id="oc-34">
         <name>.debug_line</name>
         <load_address>0xc23</load_address>
         <run_address>0xc23</run_address>
         <size>0x51</size>
         <input_file_ref idref="fl-d"/>
      </object_component>
      <object_component id="oc-38">
         <name>.debug_line</name>
         <load_address>0xc74</load_address>
         <run_address>0xc74</run_address>
         <size>0x5b</size>
         <input_file_ref idref="fl-e"/>
      </object_component>
      <object_component id="oc-3c">
         <name>.debug_line</name>
         <load_address>0xccf</load_address>
         <run_address>0xccf</run_address>
         <size>0x3d</size>
         <input_file_ref idref="fl-f"/>
      </object_component>
      <object_component id="oc-41">
         <name>.debug_line</name>
         <load_address>0xd0c</load_address>
         <run_address>0xd0c</run_address>
         <size>0x44</size>
         <input_file_ref idref="fl-10"/>
      </object_component>
      <object_component id="oc-45">
         <name>.debug_line</name>
         <load_address>0xd50</load_address>
         <run_address>0xd50</run_address>
         <size>0x5c</size>
         <input_file_ref idref="fl-11"/>
      </object_component>
      <object_component id="oc-49">
         <name>.debug_line</name>
         <load_address>0xdac</load_address>
         <run_address>0xdac</run_address>
         <size>0x3c</size>
         <input_file_ref idref="fl-12"/>
      </object_component>
      <object_component id="oc-4f">
         <name>.debug_line</name>
         <load_address>0xde8</load_address>
         <run_address>0xde8</run_address>
         <size>0x1b0</size>
         <input_file_ref idref="fl-13"/>
      </object_component>
      <object_component id="oc-53">
         <name>.debug_line</name>
         <load_address>0xf98</load_address>
         <run_address>0xf98</run_address>
         <size>0x3c</size>
         <input_file_ref idref="fl-14"/>
      </object_component>
      <object_component id="oc-57">
         <name>.debug_line</name>
         <load_address>0xfd4</load_address>
         <run_address>0xfd4</run_address>
         <size>0x69</size>
         <input_file_ref idref="fl-15"/>
      </object_component>
      <object_component id="oc-5b">
         <name>.debug_line</name>
         <load_address>0x103d</load_address>
         <run_address>0x103d</run_address>
         <size>0x44</size>
         <input_file_ref idref="fl-16"/>
      </object_component>
      <object_component id="oc-5f">
         <name>.debug_line</name>
         <load_address>0x1081</load_address>
         <run_address>0x1081</run_address>
         <size>0x57</size>
         <input_file_ref idref="fl-17"/>
      </object_component>
      <object_component id="oc-64">
         <name>.debug_line</name>
         <load_address>0x10d8</load_address>
         <run_address>0x10d8</run_address>
         <size>0x15d</size>
         <input_file_ref idref="fl-18"/>
      </object_component>
      <object_component id="oc-6a">
         <name>.debug_line</name>
         <load_address>0x1235</load_address>
         <run_address>0x1235</run_address>
         <size>0x6a</size>
         <input_file_ref idref="fl-19"/>
      </object_component>
      <object_component id="oc-6e">
         <name>.debug_line</name>
         <load_address>0x129f</load_address>
         <run_address>0x129f</run_address>
         <size>0x58</size>
         <input_file_ref idref="fl-1a"/>
      </object_component>
      <object_component id="oc-73">
         <name>.debug_line</name>
         <load_address>0x12f7</load_address>
         <run_address>0x12f7</run_address>
         <size>0x37</size>
         <input_file_ref idref="fl-1b"/>
      </object_component>
      <object_component id="oc-77">
         <name>.debug_line</name>
         <load_address>0x132e</load_address>
         <run_address>0x132e</run_address>
         <size>0x69</size>
         <input_file_ref idref="fl-1c"/>
      </object_component>
      <object_component id="oc-7d">
         <name>.debug_line</name>
         <load_address>0x1397</load_address>
         <run_address>0x1397</run_address>
         <size>0x57</size>
         <input_file_ref idref="fl-1d"/>
      </object_component>
      <object_component id="oc-83">
         <name>.debug_line</name>
         <load_address>0x13ee</load_address>
         <run_address>0x13ee</run_address>
         <size>0x328</size>
         <input_file_ref idref="fl-1e"/>
      </object_component>
      <object_component id="oc-87">
         <name>.debug_line</name>
         <load_address>0x1716</load_address>
         <run_address>0x1716</run_address>
         <size>0x41</size>
         <input_file_ref idref="fl-1f"/>
      </object_component>
      <object_component id="oc-8b">
         <name>.debug_line</name>
         <load_address>0x1757</load_address>
         <run_address>0x1757</run_address>
         <size>0x46</size>
         <input_file_ref idref="fl-20"/>
      </object_component>
      <object_component id="oc-8f">
         <name>.debug_line</name>
         <load_address>0x179d</load_address>
         <run_address>0x179d</run_address>
         <size>0x55</size>
         <input_file_ref idref="fl-21"/>
      </object_component>
      <object_component id="oc-93">
         <name>.debug_line</name>
         <load_address>0x17f2</load_address>
         <run_address>0x17f2</run_address>
         <size>0xad</size>
         <input_file_ref idref="fl-22"/>
      </object_component>
      <object_component id="oc-99">
         <name>.debug_line</name>
         <load_address>0x189f</load_address>
         <run_address>0x189f</run_address>
         <size>0x5b</size>
         <input_file_ref idref="fl-24"/>
      </object_component>
      <object_component id="oc-9d">
         <name>.debug_line</name>
         <load_address>0x18fa</load_address>
         <run_address>0x18fa</run_address>
         <size>0x3d</size>
         <input_file_ref idref="fl-25"/>
      </object_component>
      <object_component id="oc-a1">
         <name>.debug_line</name>
         <load_address>0x1937</load_address>
         <run_address>0x1937</run_address>
         <size>0x3d</size>
         <input_file_ref idref="fl-26"/>
      </object_component>
      <object_component id="oc-a6">
         <name>.debug_line</name>
         <load_address>0x1974</load_address>
         <run_address>0x1974</run_address>
         <size>0x44</size>
         <input_file_ref idref="fl-27"/>
      </object_component>
      <object_component id="oc-aa">
         <name>.debug_line</name>
         <load_address>0x19b8</load_address>
         <run_address>0x19b8</run_address>
         <size>0x56</size>
         <input_file_ref idref="fl-28"/>
      </object_component>
      <object_component id="oc-af">
         <name>.debug_line</name>
         <load_address>0x1a0e</load_address>
         <run_address>0x1a0e</run_address>
         <size>0xa8</size>
         <input_file_ref idref="fl-29"/>
      </object_component>
      <object_component id="oc-b3">
         <name>.debug_line</name>
         <load_address>0x1ab6</load_address>
         <run_address>0x1ab6</run_address>
         <size>0x3a</size>
         <input_file_ref idref="fl-2a"/>
      </object_component>
      <object_component id="oc-b7">
         <name>.debug_line</name>
         <load_address>0x1af0</load_address>
         <run_address>0x1af0</run_address>
         <size>0x40</size>
         <input_file_ref idref="fl-2b"/>
      </object_component>
      <object_component id="oc-bb">
         <name>.debug_line</name>
         <load_address>0x1b30</load_address>
         <run_address>0x1b30</run_address>
         <size>0x38</size>
         <input_file_ref idref="fl-2c"/>
      </object_component>
      <object_component id="oc-bf">
         <name>.debug_line</name>
         <load_address>0x1b68</load_address>
         <run_address>0x1b68</run_address>
         <size>0xa8</size>
         <input_file_ref idref="fl-2d"/>
      </object_component>
      <object_component id="oc-c3">
         <name>.debug_line</name>
         <load_address>0x1c10</load_address>
         <run_address>0x1c10</run_address>
         <size>0x40</size>
         <input_file_ref idref="fl-2e"/>
      </object_component>
      <object_component id="oc-c7">
         <name>.debug_line</name>
         <load_address>0x1c50</load_address>
         <run_address>0x1c50</run_address>
         <size>0x3c</size>
         <input_file_ref idref="fl-2f"/>
      </object_component>
      <object_component id="oc-cb">
         <name>.debug_line</name>
         <load_address>0x1c8c</load_address>
         <run_address>0x1c8c</run_address>
         <size>0x4d</size>
         <input_file_ref idref="fl-30"/>
      </object_component>
      <object_component id="oc-cf">
         <name>.debug_line</name>
         <load_address>0x1cd9</load_address>
         <run_address>0x1cd9</run_address>
         <size>0x37</size>
         <input_file_ref idref="fl-31"/>
      </object_component>
      <object_component id="oc-d3">
         <name>.debug_line</name>
         <load_address>0x1d10</load_address>
         <run_address>0x1d10</run_address>
         <size>0x3c</size>
         <input_file_ref idref="fl-32"/>
      </object_component>
      <object_component id="oc-d7">
         <name>.debug_line</name>
         <load_address>0x1d4c</load_address>
         <run_address>0x1d4c</run_address>
         <size>0x37</size>
         <input_file_ref idref="fl-33"/>
      </object_component>
      <object_component id="oc-db">
         <name>.debug_line</name>
         <load_address>0x1d83</load_address>
         <run_address>0x1d83</run_address>
         <size>0x57</size>
         <input_file_ref idref="fl-34"/>
      </object_component>
      <object_component id="oc-df">
         <name>.debug_line</name>
         <load_address>0x1dda</load_address>
         <run_address>0x1dda</run_address>
         <size>0x5c</size>
         <input_file_ref idref="fl-35"/>
      </object_component>
      <object_component id="oc-e3">
         <name>.debug_line</name>
         <load_address>0x1e36</load_address>
         <run_address>0x1e36</run_address>
         <size>0x3c</size>
         <input_file_ref idref="fl-36"/>
      </object_component>
      <object_component id="oc-e7">
         <name>.debug_line</name>
         <load_address>0x1e72</load_address>
         <run_address>0x1e72</run_address>
         <size>0x3c</size>
         <input_file_ref idref="fl-37"/>
      </object_component>
      <object_component id="oc-eb">
         <name>.debug_line</name>
         <load_address>0x1eae</load_address>
         <run_address>0x1eae</run_address>
         <size>0x3f</size>
         <input_file_ref idref="fl-38"/>
      </object_component>
      <object_component id="oc-f1">
         <name>.debug_line</name>
         <load_address>0x1eed</load_address>
         <run_address>0x1eed</run_address>
         <size>0xd7</size>
         <input_file_ref idref="fl-39"/>
      </object_component>
      <object_component id="oc-f8">
         <name>.debug_line</name>
         <load_address>0x1fc4</load_address>
         <run_address>0x1fc4</run_address>
         <size>0x112</size>
         <input_file_ref idref="fl-3a"/>
      </object_component>
      <object_component id="oc-fc">
         <name>.debug_line</name>
         <load_address>0x20d6</load_address>
         <run_address>0x20d6</run_address>
         <size>0x3d</size>
         <input_file_ref idref="fl-3b"/>
      </object_component>
      <object_component id="oc-100">
         <name>.debug_line</name>
         <load_address>0x2113</load_address>
         <run_address>0x2113</run_address>
         <size>0x39</size>
         <input_file_ref idref="fl-3c"/>
      </object_component>
      <object_component id="oc-17">
         <name>.debug_abbrev</name>
         <load_address>0x0</load_address>
         <run_address>0x0</run_address>
         <size>0x18b</size>
         <input_file_ref idref="fl-2"/>
      </object_component>
      <object_component id="oc-1d">
         <name>.debug_abbrev</name>
         <load_address>0x18b</load_address>
         <run_address>0x18b</run_address>
         <size>0x122</size>
         <input_file_ref idref="fl-8"/>
      </object_component>
      <object_component id="oc-22">
         <name>.debug_abbrev</name>
         <load_address>0x2ad</load_address>
         <run_address>0x2ad</run_address>
         <size>0x1e7</size>
         <input_file_ref idref="fl-9"/>
      </object_component>
      <object_component id="oc-26">
         <name>.debug_abbrev</name>
         <load_address>0x494</load_address>
         <run_address>0x494</run_address>
         <size>0x3a</size>
         <input_file_ref idref="fl-a"/>
      </object_component>
      <object_component id="oc-2a">
         <name>.debug_abbrev</name>
         <load_address>0x4ce</load_address>
         <run_address>0x4ce</run_address>
         <size>0x83</size>
         <input_file_ref idref="fl-b"/>
      </object_component>
      <object_component id="oc-2e">
         <name>.debug_abbrev</name>
         <load_address>0x551</load_address>
         <run_address>0x551</run_address>
         <size>0xb5</size>
         <input_file_ref idref="fl-c"/>
      </object_component>
      <object_component id="oc-35">
         <name>.debug_abbrev</name>
         <load_address>0x606</load_address>
         <run_address>0x606</run_address>
         <size>0xf7</size>
         <input_file_ref idref="fl-d"/>
      </object_component>
      <object_component id="oc-39">
         <name>.debug_abbrev</name>
         <load_address>0x6fd</load_address>
         <run_address>0x6fd</run_address>
         <size>0x136</size>
         <input_file_ref idref="fl-e"/>
      </object_component>
      <object_component id="oc-3d">
         <name>.debug_abbrev</name>
         <load_address>0x833</load_address>
         <run_address>0x833</run_address>
         <size>0xb7</size>
         <input_file_ref idref="fl-f"/>
      </object_component>
      <object_component id="oc-42">
         <name>.debug_abbrev</name>
         <load_address>0x8ea</load_address>
         <run_address>0x8ea</run_address>
         <size>0xc2</size>
         <input_file_ref idref="fl-10"/>
      </object_component>
      <object_component id="oc-46">
         <name>.debug_abbrev</name>
         <load_address>0x9ac</load_address>
         <run_address>0x9ac</run_address>
         <size>0x38</size>
         <input_file_ref idref="fl-11"/>
      </object_component>
      <object_component id="oc-4a">
         <name>.debug_abbrev</name>
         <load_address>0x9e4</load_address>
         <run_address>0x9e4</run_address>
         <size>0x38</size>
         <input_file_ref idref="fl-12"/>
      </object_component>
      <object_component id="oc-50">
         <name>.debug_abbrev</name>
         <load_address>0xa1c</load_address>
         <run_address>0xa1c</run_address>
         <size>0x225</size>
         <input_file_ref idref="fl-13"/>
      </object_component>
      <object_component id="oc-54">
         <name>.debug_abbrev</name>
         <load_address>0xc41</load_address>
         <run_address>0xc41</run_address>
         <size>0xdc</size>
         <input_file_ref idref="fl-14"/>
      </object_component>
      <object_component id="oc-58">
         <name>.debug_abbrev</name>
         <load_address>0xd1d</load_address>
         <run_address>0xd1d</run_address>
         <size>0x145</size>
         <input_file_ref idref="fl-15"/>
      </object_component>
      <object_component id="oc-5c">
         <name>.debug_abbrev</name>
         <load_address>0xe62</load_address>
         <run_address>0xe62</run_address>
         <size>0xb5</size>
         <input_file_ref idref="fl-16"/>
      </object_component>
      <object_component id="oc-60">
         <name>.debug_abbrev</name>
         <load_address>0xf17</load_address>
         <run_address>0xf17</run_address>
         <size>0xc2</size>
         <input_file_ref idref="fl-17"/>
      </object_component>
      <object_component id="oc-65">
         <name>.debug_abbrev</name>
         <load_address>0xfd9</load_address>
         <run_address>0xfd9</run_address>
         <size>0x15a</size>
         <input_file_ref idref="fl-18"/>
      </object_component>
      <object_component id="oc-6b">
         <name>.debug_abbrev</name>
         <load_address>0x1133</load_address>
         <run_address>0x1133</run_address>
         <size>0xde</size>
         <input_file_ref idref="fl-19"/>
      </object_component>
      <object_component id="oc-6f">
         <name>.debug_abbrev</name>
         <load_address>0x1211</load_address>
         <run_address>0x1211</run_address>
         <size>0x38</size>
         <input_file_ref idref="fl-1a"/>
      </object_component>
      <object_component id="oc-74">
         <name>.debug_abbrev</name>
         <load_address>0x1249</load_address>
         <run_address>0x1249</run_address>
         <size>0x26</size>
         <input_file_ref idref="fl-1b"/>
      </object_component>
      <object_component id="oc-78">
         <name>.debug_abbrev</name>
         <load_address>0x126f</load_address>
         <run_address>0x126f</run_address>
         <size>0x10e</size>
         <input_file_ref idref="fl-1c"/>
      </object_component>
      <object_component id="oc-7e">
         <name>.debug_abbrev</name>
         <load_address>0x137d</load_address>
         <run_address>0x137d</run_address>
         <size>0x9f</size>
         <input_file_ref idref="fl-1d"/>
      </object_component>
      <object_component id="oc-84">
         <name>.debug_abbrev</name>
         <load_address>0x141c</load_address>
         <run_address>0x141c</run_address>
         <size>0x1f8</size>
         <input_file_ref idref="fl-1e"/>
      </object_component>
      <object_component id="oc-88">
         <name>.debug_abbrev</name>
         <load_address>0x1614</load_address>
         <run_address>0x1614</run_address>
         <size>0xec</size>
         <input_file_ref idref="fl-1f"/>
      </object_component>
      <object_component id="oc-8c">
         <name>.debug_abbrev</name>
         <load_address>0x1700</load_address>
         <run_address>0x1700</run_address>
         <size>0xd5</size>
         <input_file_ref idref="fl-20"/>
      </object_component>
      <object_component id="oc-90">
         <name>.debug_abbrev</name>
         <load_address>0x17d5</load_address>
         <run_address>0x17d5</run_address>
         <size>0x44</size>
         <input_file_ref idref="fl-21"/>
      </object_component>
      <object_component id="oc-94">
         <name>.debug_abbrev</name>
         <load_address>0x1819</load_address>
         <run_address>0x1819</run_address>
         <size>0xb7</size>
         <input_file_ref idref="fl-22"/>
      </object_component>
      <object_component id="oc-96">
         <name>.debug_abbrev</name>
         <load_address>0x18d0</load_address>
         <run_address>0x18d0</run_address>
         <size>0x68</size>
         <input_file_ref idref="fl-23"/>
      </object_component>
      <object_component id="oc-9a">
         <name>.debug_abbrev</name>
         <load_address>0x1938</load_address>
         <run_address>0x1938</run_address>
         <size>0x112</size>
         <input_file_ref idref="fl-24"/>
      </object_component>
      <object_component id="oc-9e">
         <name>.debug_abbrev</name>
         <load_address>0x1a4a</load_address>
         <run_address>0x1a4a</run_address>
         <size>0x8f</size>
         <input_file_ref idref="fl-25"/>
      </object_component>
      <object_component id="oc-a2">
         <name>.debug_abbrev</name>
         <load_address>0x1ad9</load_address>
         <run_address>0x1ad9</run_address>
         <size>0xb7</size>
         <input_file_ref idref="fl-26"/>
      </object_component>
      <object_component id="oc-a7">
         <name>.debug_abbrev</name>
         <load_address>0x1b90</load_address>
         <run_address>0x1b90</run_address>
         <size>0xc2</size>
         <input_file_ref idref="fl-27"/>
      </object_component>
      <object_component id="oc-ab">
         <name>.debug_abbrev</name>
         <load_address>0x1c52</load_address>
         <run_address>0x1c52</run_address>
         <size>0x103</size>
         <input_file_ref idref="fl-28"/>
      </object_component>
      <object_component id="oc-b0">
         <name>.debug_abbrev</name>
         <load_address>0x1d55</load_address>
         <run_address>0x1d55</run_address>
         <size>0x140</size>
         <input_file_ref idref="fl-29"/>
      </object_component>
      <object_component id="oc-b4">
         <name>.debug_abbrev</name>
         <load_address>0x1e95</load_address>
         <run_address>0x1e95</run_address>
         <size>0x81</size>
         <input_file_ref idref="fl-2a"/>
      </object_component>
      <object_component id="oc-b8">
         <name>.debug_abbrev</name>
         <load_address>0x1f16</load_address>
         <run_address>0x1f16</run_address>
         <size>0x9a</size>
         <input_file_ref idref="fl-2b"/>
      </object_component>
      <object_component id="oc-bc">
         <name>.debug_abbrev</name>
         <load_address>0x1fb0</load_address>
         <run_address>0x1fb0</run_address>
         <size>0xd0</size>
         <input_file_ref idref="fl-2c"/>
      </object_component>
      <object_component id="oc-c0">
         <name>.debug_abbrev</name>
         <load_address>0x2080</load_address>
         <run_address>0x2080</run_address>
         <size>0xb7</size>
         <input_file_ref idref="fl-2d"/>
      </object_component>
      <object_component id="oc-c4">
         <name>.debug_abbrev</name>
         <load_address>0x2137</load_address>
         <run_address>0x2137</run_address>
         <size>0xec</size>
         <input_file_ref idref="fl-2e"/>
      </object_component>
      <object_component id="oc-c8">
         <name>.debug_abbrev</name>
         <load_address>0x2223</load_address>
         <run_address>0x2223</run_address>
         <size>0xb7</size>
         <input_file_ref idref="fl-2f"/>
      </object_component>
      <object_component id="oc-cc">
         <name>.debug_abbrev</name>
         <load_address>0x22da</load_address>
         <run_address>0x22da</run_address>
         <size>0x38</size>
         <input_file_ref idref="fl-30"/>
      </object_component>
      <object_component id="oc-d0">
         <name>.debug_abbrev</name>
         <load_address>0x2312</load_address>
         <run_address>0x2312</run_address>
         <size>0x81</size>
         <input_file_ref idref="fl-31"/>
      </object_component>
      <object_component id="oc-d4">
         <name>.debug_abbrev</name>
         <load_address>0x2393</load_address>
         <run_address>0x2393</run_address>
         <size>0xa6</size>
         <input_file_ref idref="fl-32"/>
      </object_component>
      <object_component id="oc-d8">
         <name>.debug_abbrev</name>
         <load_address>0x2439</load_address>
         <run_address>0x2439</run_address>
         <size>0x8f</size>
         <input_file_ref idref="fl-33"/>
      </object_component>
      <object_component id="oc-dc">
         <name>.debug_abbrev</name>
         <load_address>0x24c8</load_address>
         <run_address>0x24c8</run_address>
         <size>0xd1</size>
         <input_file_ref idref="fl-34"/>
      </object_component>
      <object_component id="oc-e0">
         <name>.debug_abbrev</name>
         <load_address>0x2599</load_address>
         <run_address>0x2599</run_address>
         <size>0xd4</size>
         <input_file_ref idref="fl-35"/>
      </object_component>
      <object_component id="oc-e4">
         <name>.debug_abbrev</name>
         <load_address>0x266d</load_address>
         <run_address>0x266d</run_address>
         <size>0xa6</size>
         <input_file_ref idref="fl-36"/>
      </object_component>
      <object_component id="oc-e8">
         <name>.debug_abbrev</name>
         <load_address>0x2713</load_address>
         <run_address>0x2713</run_address>
         <size>0xd1</size>
         <input_file_ref idref="fl-37"/>
      </object_component>
      <object_component id="oc-ec">
         <name>.debug_abbrev</name>
         <load_address>0x27e4</load_address>
         <run_address>0x27e4</run_address>
         <size>0x10b</size>
         <input_file_ref idref="fl-38"/>
      </object_component>
      <object_component id="oc-f2">
         <name>.debug_abbrev</name>
         <load_address>0x28ef</load_address>
         <run_address>0x28ef</run_address>
         <size>0x1a2</size>
         <input_file_ref idref="fl-39"/>
      </object_component>
      <object_component id="oc-f9">
         <name>.debug_abbrev</name>
         <load_address>0x2a91</load_address>
         <run_address>0x2a91</run_address>
         <size>0x1de</size>
         <input_file_ref idref="fl-3a"/>
      </object_component>
      <object_component id="oc-fd">
         <name>.debug_abbrev</name>
         <load_address>0x2c6f</load_address>
         <run_address>0x2c6f</run_address>
         <size>0x118</size>
         <input_file_ref idref="fl-3b"/>
      </object_component>
      <object_component id="oc-101">
         <name>.debug_abbrev</name>
         <load_address>0x2d87</load_address>
         <run_address>0x2d87</run_address>
         <size>0xbf</size>
         <input_file_ref idref="fl-3c"/>
      </object_component>
      <object_component id="oc-121">
         <name>.debug_abbrev</name>
         <load_address>0x2e46</load_address>
         <run_address>0x2e46</run_address>
         <size>0xd</size>
      </object_component>
   </object_component_list>
   <logical_group_list>
      <logical_group id="lg-2">
         <name>vectors</name>
         <load_address>0x100</load_address>
         <run_address>0x100</run_address>
         <size>0x100</size>
         <contents>
            <object_component_ref idref="oc-71"/>
         </contents>
      </logical_group>
      <logical_group id="lg-3">
         <name>.text</name>
         <load_address>0x8000</load_address>
         <run_address>0x8000</run_address>
         <size>0x583c</size>
         <contents>
            <object_component_ref idref="oc-7f"/>
            <object_component_ref idref="oc-1e"/>
            <object_component_ref idref="oc-4b"/>
            <object_component_ref idref="oc-61"/>
            <object_component_ref idref="oc-f3"/>
            <object_component_ref idref="oc-97"/>
            <object_component_ref idref="oc-10"/>
            <object_component_ref idref="oc-ed"/>
            <object_component_ref idref="oc-18"/>
            <object_component_ref idref="oc-bd"/>
            <object_component_ref idref="oc-dd"/>
            <object_component_ref idref="oc-91"/>
            <object_component_ref idref="oc-ac"/>
            <object_component_ref idref="oc-51"/>
            <object_component_ref idref="oc-e9"/>
            <object_component_ref idref="oc-d9"/>
            <object_component_ref idref="oc-36"/>
            <object_component_ref idref="oc-69"/>
            <object_component_ref idref="oc-a8"/>
            <object_component_ref idref="oc-2b"/>
            <object_component_ref idref="oc-c1"/>
            <object_component_ref idref="oc-fa"/>
            <object_component_ref idref="oc-3a"/>
            <object_component_ref idref="oc-b1"/>
            <object_component_ref idref="oc-b5"/>
            <object_component_ref idref="oc-59"/>
            <object_component_ref idref="oc-9f"/>
            <object_component_ref idref="oc-66"/>
            <object_component_ref idref="oc-e5"/>
            <object_component_ref idref="oc-75"/>
            <object_component_ref idref="oc-a3"/>
            <object_component_ref idref="oc-89"/>
            <object_component_ref idref="oc-3e"/>
            <object_component_ref idref="oc-55"/>
            <object_component_ref idref="oc-8d"/>
            <object_component_ref idref="oc-85"/>
            <object_component_ref idref="oc-d1"/>
            <object_component_ref idref="oc-e1"/>
            <object_component_ref idref="oc-c9"/>
            <object_component_ref idref="oc-2f"/>
            <object_component_ref idref="oc-43"/>
            <object_component_ref idref="oc-f"/>
            <object_component_ref idref="oc-9b"/>
            <object_component_ref idref="oc-6c"/>
            <object_component_ref idref="oc-c5"/>
            <object_component_ref idref="oc-b9"/>
            <object_component_ref idref="oc-d5"/>
            <object_component_ref idref="oc-47"/>
            <object_component_ref idref="oc-79"/>
            <object_component_ref idref="oc-5d"/>
            <object_component_ref idref="oc-cd"/>
            <object_component_ref idref="oc-fe"/>
            <object_component_ref idref="oc-33"/>
            <object_component_ref idref="oc-70"/>
         </contents>
      </logical_group>
      <logical_group id="lg-4">
         <name>.stack</name>
         <run_address>0xd83c</run_address>
         <size>0x2000</size>
         <contents>
            <object_component_ref idref="oc-23"/>
            <object_component_ref idref="oc-11c"/>
         </contents>
      </logical_group>
      <logical_group id="lg-5">
         <name>.sysstack</name>
         <run_address>0xf83c</run_address>
         <size>0x2000</size>
         <contents>
            <object_component_ref idref="oc-102"/>
            <object_component_ref idref="oc-11e"/>
         </contents>
      </logical_group>
      <logical_group id="lg-6">
         <name>.data</name>
         <run_address>0x8000</run_address>
         <size>0x0</size>
         <contents>
         </contents>
      </logical_group>
      <logical_group id="lg-7">
         <name>.bss</name>
         <load_address>0x1183c</load_address>
         <run_address>0x1183c</run_address>
         <size>0x89a</size>
         <contents>
            <object_component_ref idref="oc-11"/>
            <object_component_ref idref="oc-27"/>
            <object_component_ref idref="oc-62"/>
            <object_component_ref idref="oc-ee"/>
            <object_component_ref idref="oc-4c"/>
            <object_component_ref idref="oc-f4"/>
            <object_component_ref idref="oc-7a"/>
            <object_component_ref idref="oc-30"/>
            <object_component_ref idref="oc-19"/>
         </contents>
      </logical_group>
      <logical_group id="lg-8">
         <name>.cinit</name>
         <load_address>0x120d6</load_address>
         <run_address>0x120d6</run_address>
[...]
      </symbol>
      <symbol id="sm-19d">
         <name>_UART_setCallback</name>
         <value>0xa60e</value>
         <object_component_ref idref="oc-1e"/>
      </symbol>
      <symbol id="sm-19e">
         <name>_UART_setup</name>
         <value>0x96d2</value>
         <object_component_ref idref="oc-1e"/>
      </symbol>
      <symbol id="sm-19f">
         <name>_UART_fputc</name>
         <value>0xa288</value>
         <object_component_ref idref="oc-1e"/>
      </symbol>
      <symbol id="sm-1a0">
         <name>_UART_fgetc</name>
         <value>0xa1ea</value>
         <object_component_ref idref="oc-1e"/>
      </symbol>
      <symbol id="sm-1a1">
         <name>_UART_fputs</name>
         <value>0xa43d</value>
         <object_component_ref idref="oc-1e"/>
      </symbol>
      <symbol id="sm-1a2">
         <name>_UART_fgets</name>
         <value>0xa30d</value>
         <object_component_ref idref="oc-1e"/>
      </symbol>
      <symbol id="sm-1a3">
         <name>_UART_write</name>
         <value>0xa068</value>
         <object_component_ref idref="oc-1e"/>
      </symbol>
      <symbol id="sm-1a4">
         <name>_UART_getConfig</name>
         <value>0xa551</value>
         <object_component_ref idref="oc-1e"/>
      </symbol>
      <symbol id="sm-1a5">
         <name>_UART_eventEnable</name>
         <value>0x9e18</value>
         <object_component_ref idref="oc-1e"/>
      </symbol>
      <symbol id="sm-1a6">
         <name>_UART_config</name>
         <value>0x9b79</value>
         <object_component_ref idref="oc-1e"/>
      </symbol>
      <symbol id="sm-1a7">
         <name>_UART_eventDisable</name>
         <value>0x9eb0</value>
         <object_component_ref idref="oc-1e"/>
      </symbol>
      <symbol id="sm-1a8">
         <name>_UART_init</name>
         <value>0x9629</value>
         <object_component_ref idref="oc-1e"/>
      </symbol>
      <symbol id="sm-1a9">
         <name>_UART_getEventId</name>
         <value>0xa52a</value>
         <object_component_ref idref="oc-1e"/>
      </symbol>
      <symbol id="sm-1aa">
         <name>_UART_setupBaudRate</name>
         <value>0x9c7e</value>
         <object_component_ref idref="oc-1e"/>
      </symbol>
      <symbol id="sm-1b6">
         <name>__sysstack</name>
         <value>0xf83c</value>
         <object_component_ref idref="oc-102"/>
      </symbol>
      <symbol id="sm-1b7">
         <name>_c_int00</name>
         <value>0xd708</value>
         <object_component_ref idref="oc-f"/>
      </symbol>
      <symbol id="sm-1b8">
         <name>__stack</name>
         <value>0xd83c</value>
         <object_component_ref idref="oc-23"/>
      </symbol>
      <symbol id="sm-1c2">
         <name>__tmpnams</name>
         <value>0x11cec</value>
         <object_component_ref idref="oc-27"/>
      </symbol>
      <symbol id="sm-1c3">
         <name>__ft_end</name>
         <value>0x11e2c</value>
         <object_component_ref idref="oc-27"/>
      </symbol>
      <symbol id="sm-1c4">
         <name>__ftable</name>
         <value>0x11bfc</value>
         <object_component_ref idref="oc-27"/>
      </symbol>
      <symbol id="sm-1cf">
         <name>__divul</name>
         <value>0xce9a</value>
         <object_component_ref idref="oc-2b"/>
      </symbol>
      <symbol id="sm-1df">
         <name>C$$EXIT</name>
         <value>0xd832</value>
         <object_component_ref idref="oc-33"/>
      </symbol>
      <symbol id="sm-1e0">
         <name>_exit</name>
         <value>0xd68e</value>
         <object_component_ref idref="oc-2f"/>
      </symbol>
      <symbol id="sm-1e1">
         <name>_abort</name>
         <value>0xd831</value>
         <object_component_ref idref="oc-33"/>
      </symbol>
      <symbol id="sm-1e2">
         <name>__cleanup_ptr</name>
         <value>0x120c8</value>
         <object_component_ref idref="oc-30"/>
      </symbol>
      <symbol id="sm-1e3">
         <name>__dtors_ptr</name>
         <value>0x120cc</value>
         <object_component_ref idref="oc-30"/>
      </symbol>
      <symbol id="sm-1ed">
         <name>__doflush</name>
         <value>0xcc78</value>
         <object_component_ref idref="oc-36"/>
      </symbol>
      <symbol id="sm-1ee">
         <name>_fflush</name>
         <value>0xcce1</value>
         <object_component_ref idref="oc-36"/>
      </symbol>
      <symbol id="sm-1f8">
         <name>__fixdul</name>
         <value>0xd033</value>
         <object_component_ref idref="oc-3a"/>
      </symbol>
      <symbol id="sm-204">
         <name>__fltuld</name>
         <value>0xd479</value>
         <object_component_ref idref="oc-3e"/>
      </symbol>
      <symbol id="sm-20c">
         <name>__remi</name>
         <value>0xd6eb</value>
         <object_component_ref idref="oc-43"/>
      </symbol>
      <symbol id="sm-20d">
         <name>__divi</name>
         <value>0xd6cc</value>
         <object_component_ref idref="oc-43"/>
      </symbol>
      <symbol id="sm-20e">
         <name>I$$MOD</name>
         <value>0xd6eb</value>
         <object_component_ref idref="oc-43"/>
      </symbol>
      <symbol id="sm-20f">
         <name>I$$DIV</name>
         <value>0xd6cc</value>
         <object_component_ref idref="oc-43"/>
      </symbol>
      <symbol id="sm-217">
         <name>__mpyli</name>
         <value>0xd7e1</value>
         <object_component_ref idref="oc-47"/>
      </symbol>
      <symbol id="sm-218">
         <name>I$$LMPY</name>
         <value>0xd7e1</value>
         <object_component_ref idref="oc-47"/>
      </symbol>
      <symbol id="sm-22a">
         <name>_add_device</name>
         <value>0xaac7</value>
         <object_component_ref idref="oc-4b"/>
      </symbol>
      <symbol id="sm-22b">
         <name>_rename</name>
         <value>0xa7e9</value>
         <object_component_ref idref="oc-4b"/>
      </symbol>
      <symbol id="sm-22c">
         <name>_read</name>
         <value>0xa878</value>
         <object_component_ref idref="oc-4b"/>
      </symbol>
      <symbol id="sm-22d">
         <name>_unlink</name>
         <value>0xa7b6</value>
         <object_component_ref idref="oc-4b"/>
      </symbol>
      <symbol id="sm-22e">
         <name>_remove_device</name>
         <value>0xa842</value>
         <object_component_ref idref="oc-4b"/>
      </symbol>
      <symbol id="sm-22f">
         <name>_open</name>
         <value>0xa926</value>
         <object_component_ref idref="oc-4b"/>
      </symbol>
      <symbol id="sm-230">
         <name>_find_registered_device</name>
         <value>0xaa4b</value>
         <object_component_ref idref="oc-4b"/>
      </symbol>
      <symbol id="sm-231">
         <name>_lseek</name>
         <value>0xa9e5</value>
         <object_component_ref idref="oc-4b"/>
      </symbol>
      <symbol id="sm-232">
         <name>_close</name>
         <value>0xaa54</value>
         <object_component_ref idref="oc-4b"/>
      </symbol>
      <symbol id="sm-233">
         <name>_write</name>
         <value>0xa674</value>
         <object_component_ref idref="oc-4b"/>
      </symbol>
      <symbol id="sm-23d">
         <name>__mpyd</name>
         <value>0xc969</value>
         <object_component_ref idref="oc-51"/>
      </symbol>
      <symbol id="sm-247">
         <name>_printf</name>
         <value>0xd4d4</value>
         <object_component_ref idref="oc-55"/>
      </symbol>
      <symbol id="sm-252">
         <name>__remul</name>
         <value>0xd193</value>
         <object_component_ref idref="oc-59"/>
      </symbol>
      <symbol id="sm-25c">
         <name>_strlen</name>
         <value>0xd806</value>
         <object_component_ref idref="oc-5d"/>
      </symbol>
      <symbol id="sm-268">
         <name>_HOSTopen</name>
         <value>0xaec2</value>
         <object_component_ref idref="oc-61"/>
      </symbol>
      <symbol id="sm-269">
         <name>_HOSTread</name>
         <value>0xae35</value>
         <object_component_ref idref="oc-61"/>
      </symbol>
      <symbol id="sm-26a">
         <name>_HOSTtime</name>
         <value>0xad29</value>
         <object_component_ref idref="oc-61"/>
      </symbol>
      <symbol id="sm-26b">
         <name>_getenv</name>
         <value>0xabb7</value>
         <object_component_ref idref="oc-61"/>
      </symbol>
      <symbol id="sm-26c">
         <name>_HOSTrename</name>
         <value>0xad87</value>
         <object_component_ref idref="oc-61"/>
      </symbol>
      <symbol id="sm-26d">
         <name>_HOSTclock</name>
         <value>0xb081</value>
         <object_component_ref idref="oc-61"/>
      </symbol>
      <symbol id="sm-26e">
         <name>_HOSTwrite</name>
         <value>0xac32</value>
         <object_component_ref idref="oc-61"/>
      </symbol>
      <symbol id="sm-26f">
         <name>_HOSTlseek</name>
         <value>0xaf61</value>
         <object_component_ref idref="oc-61"/>
      </symbol>
      <symbol id="sm-270">
         <name>_HOSTunlink</name>
         <value>0xacbf</value>
         <object_component_ref idref="oc-61"/>
      </symbol>
      <symbol id="sm-271">
         <name>_HOSTclose</name>
         <value>0xb016</value>
         <object_component_ref idref="oc-61"/>
      </symbol>
      <symbol id="sm-283">
         <name>C$$IO$$</name>
         <value>0xcdef</value>
         <object_component_ref idref="oc-69"/>
      </symbol>
      <symbol id="sm-284">
         <name>__CIOBUF_</name>
         <value>0x4b10</value>
         <object_component_ref idref="oc-68"/>
      </symbol>
      <symbol id="sm-285">
         <name>_readmsg</name>
         <value>0xd274</value>
         <object_component_ref idref="oc-66"/>
      </symbol>
      <symbol id="sm-286">
         <name>_writemsg</name>
         <value>0xcd3a</value>
         <object_component_ref idref="oc-69"/>
      </symbol>
      <symbol id="sm-28e">
         <name>__remu</name>
         <value>0xd77b</value>
         <object_component_ref idref="oc-6c"/>
      </symbol>
      <symbol id="sm-28f">
         <name>__divu</name>
         <value>0xd766</value>
         <object_component_ref idref="oc-6c"/>
      </symbol>
      <symbol id="sm-290">
         <name>I$$UMOD</name>
         <value>0xd77b</value>
         <object_component_ref idref="oc-6c"/>
      </symbol>
      <symbol id="sm-291">
         <name>I$$UDIV</name>
         <value>0xd766</value>
         <object_component_ref idref="oc-6c"/>
      </symbol>
      <symbol id="sm-29b">
         <name>_Reset</name>
         <value>0x100</value>
         <object_component_ref idref="oc-71"/>
      </symbol>
      <symbol id="sm-2a5">
         <name>_vsprintf</name>
         <value>0xd34c</value>
         <object_component_ref idref="oc-75"/>
      </symbol>
      <symbol id="sm-2b3">
         <name>__unlock</name>
         <value>0x120c4</value>
         <object_component_ref idref="oc-7a"/>
      </symbol>
      <symbol id="sm-2b4">
         <name>__lock</name>
         <value>0x120c0</value>
         <object_component_ref idref="oc-7a"/>
      </symbol>
      <symbol id="sm-2b5">
         <name>__register_lock</name>
         <value>0xd7fc</value>
         <object_component_ref idref="oc-79"/>
      </symbol>
      <symbol id="sm-2b6">
         <name>__nop</name>
         <value>0xd804</value>
         <object_component_ref idref="oc-79"/>
      </symbol>
      <symbol id="sm-2b7">
         <name>__register_unlock</name>
         <value>0xd7f4</value>
         <object_component_ref idref="oc-79"/>
      </symbol>
      <symbol id="sm-2c9">
         <name>__printfi</name>
         <value>0x9362</value>
         <object_component_ref idref="oc-7f"/>
      </symbol>
      <symbol id="sm-2d3">
         <name>__args_main</name>
         <value>0xd571</value>
         <object_component_ref idref="oc-85"/>
      </symbol>
      <symbol id="sm-2d4">
         <name>__TI_args_main</name>
         <value>0x1</value>
      </symbol>
      <symbol id="sm-2de">
         <name>_atoi</name>
         <value>0xd41d</value>
         <object_component_ref idref="oc-89"/>
      </symbol>
      <symbol id="sm-2e6">
         <name>_auto_init</name>
         <value>0xd524</value>
         <object_component_ref idref="oc-8d"/>
      </symbol>
      <symbol id="sm-2f0">
         <name>__eqld</name>
         <value>0xc77a</value>
         <object_component_ref idref="oc-91"/>
      </symbol>
      <symbol id="sm-2f1">
         <name>__cmpd</name>
         <value>0xc7ae</value>
         <object_component_ref idref="oc-91"/>
      </symbol>
      <symbol id="sm-2f2">
         <name>__neqd</name>
         <value>0xc61c</value>
         <object_component_ref idref="oc-91"/>
      </symbol>
      <symbol id="sm-2f3">
         <name>__gtrd</name>
         <value>0xc6e5</value>
         <object_component_ref idref="oc-91"/>
      </symbol>
      <symbol id="sm-2f4">
         <name>__geqd</name>
         <value>0xc730</value>
         <object_component_ref idref="oc-91"/>
      </symbol>
      <symbol id="sm-2f5">
         <name>__leqd</name>
         <value>0xc698</value>
         <object_component_ref idref="oc-91"/>
      </symbol>
      <symbol id="sm-2f6">
         <name>__lssd</name>
         <value>0xc650</value>
         <object_component_ref idref="oc-91"/>
      </symbol>
      <symbol id="sm-2fe">
         <name>__ctypes_</name>
         <value>0x488e</value>
         <object_component_ref idref="oc-104"/>
      </symbol>
      <symbol id="sm-30a">
         <name>__divd</name>
         <value>0xb594</value>
         <object_component_ref idref="oc-97"/>
      </symbol>
      <symbol id="sm-314">
         <name>__fixdi</name>
         <value>0xd73c</value>
         <object_component_ref idref="oc-9b"/>
      </symbol>
      <symbol id="sm-31e">
         <name>__fixdli</name>
         <value>0xd205</value>
         <object_component_ref idref="oc-9f"/>
      </symbol>
      <symbol id="sm-32a">
         <name>__fltlid</name>
         <value>0xd3b6</value>
         <object_component_ref idref="oc-a3"/>
      </symbol>
      <symbol id="sm-334">
         <name>_putchar</name>
         <value>0xce8b</value>
         <object_component_ref idref="oc-a8"/>
      </symbol>
      <symbol id="sm-335">
         <name>_putc</name>
         <value>0xcdf4</value>
         <object_component_ref idref="oc-a8"/>
      </symbol>
      <symbol id="sm-336">
         <name>_fputc</name>
         <value>0xcdf4</value>
         <object_component_ref idref="oc-a8"/>
      </symbol>
      <symbol id="sm-344">
         <name>_puts</name>
         <value>0xc93b</value>
         <object_component_ref idref="oc-ac"/>
      </symbol>
      <symbol id="sm-345">
         <name>_fputs</name>
         <value>0xc806</value>
         <object_component_ref idref="oc-ac"/>
      </symbol>
      <symbol id="sm-34f">
         <name>__frcmpyd</name>
         <value>0xd0aa</value>
         <object_component_ref idref="oc-b1"/>
      </symbol>
      <symbol id="sm-359">
         <name>__frcmpyd_div</name>
         <value>0xd120</value>
         <object_component_ref idref="oc-b5"/>
      </symbol>
      <symbol id="sm-363">
         <name>___isinf</name>
         <value>0xd7b3</value>
         <object_component_ref idref="oc-b9"/>
      </symbol>
      <symbol id="sm-36d">
         <name>__divull</name>
         <value>0xc299</value>
         <object_component_ref idref="oc-bd"/>
      </symbol>
      <symbol id="sm-36e">
         <name>__mpylli</name>
         <value>0xc1e1</value>
         <object_component_ref idref="oc-bd"/>
      </symbol>
      <symbol id="sm-36f">
         <name>__remlli</name>
         <value>0xc1b2</value>
         <object_component_ref idref="oc-bd"/>
      </symbol>
      <symbol id="sm-370">
         <name>__divlli</name>
         <value>0xc38d</value>
         <object_component_ref idref="oc-bd"/>
      </symbol>
      <symbol id="sm-371">
         <name>__remull</name>
         <value>0xc164</value>
         <object_component_ref idref="oc-bd"/>
      </symbol>
      <symbol id="sm-37b">
         <name>_ltoa</name>
         <value>0xcf3b</value>
         <object_component_ref idref="oc-c1"/>
      </symbol>
      <symbol id="sm-386">
         <name>_memccpy</name>
         <value>0xd790</value>
         <object_component_ref idref="oc-c5"/>
      </symbol>
      <symbol id="sm-38e">
         <name>_memcpy</name>
         <value>0xd64f</value>
         <object_component_ref idref="oc-c9"/>
      </symbol>
      <symbol id="sm-398">
         <name>__negd</name>
         <value>0xd817</value>
         <object_component_ref idref="oc-cd"/>
      </symbol>
      <symbol id="sm-3a2">
         <name>__remli</name>
         <value>0xd5bc</value>
         <object_component_ref idref="oc-d1"/>
      </symbol>
      <symbol id="sm-3ac">
         <name>__subd</name>
         <value>0xd7cd</value>
         <object_component_ref idref="oc-d5"/>
      </symbol>
      <symbol id="sm-3b6">
         <name>__rd_ok</name>
         <value>0xcc1b</value>
         <object_component_ref idref="oc-d9"/>
      </symbol>
      <symbol id="sm-3b7">
         <name>__wrt_ok</name>
         <value>0xcb9b</value>
         <object_component_ref idref="oc-d9"/>
      </symbol>
      <symbol id="sm-3c1">
         <name>__addd</name>
         <value>0xc3c2</value>
         <object_component_ref idref="oc-dd"/>
      </symbol>
      <symbol id="sm-3cb">
         <name>__divli</name>
         <value>0xd607</value>
         <object_component_ref idref="oc-e1"/>
      </symbol>
      <symbol id="sm-3d5">
         <name>_fseek</name>
         <value>0xd2e1</value>
         <object_component_ref idref="oc-e5"/>
      </symbol>
      <symbol id="sm-3df">
         <name>_setvbuf</name>
         <value>0xcab5</value>
         <object_component_ref idref="oc-e9"/>
      </symbol>
      <symbol id="sm-3ee">
         <name>__cleanup</name>
         <value>0xbda8</value>
         <object_component_ref idref="oc-ed"/>
      </symbol>
      <symbol id="sm-3ef">
         <name>_fopen</name>
         <value>0xbecb</value>
         <object_component_ref idref="oc-ed"/>
      </symbol>
      <symbol id="sm-3f0">
         <name>_freopen</name>
         <value>0xbe02</value>
         <object_component_ref idref="oc-ed"/>
      </symbol>
      <symbol id="sm-400">
         <name>__sys_memory</name>
         <value>0x400</value>
         <object_component_ref idref="oc-f7"/>
      </symbol>
      <symbol id="sm-401">
         <name>_chkheap</name>
         <value>0xb566</value>
         <object_component_ref idref="oc-f3"/>
      </symbol>
      <symbol id="sm-402">
         <name>_realloc</name>
         <value>0xb305</value>
         <object_component_ref idref="oc-f3"/>
      </symbol>
      <symbol id="sm-403">
         <name>_free_memory</name>
         <value>0xb510</value>
         <object_component_ref idref="oc-f3"/>
      </symbol>
      <symbol id="sm-404">
         <name>_max_free</name>
         <value>0xb4b6</value>
         <object_component_ref idref="oc-f3"/>
      </symbol>
      <symbol id="sm-405">
         <name>_free</name>
         <value>0xb0df</value>
         <object_component_ref idref="oc-f3"/>
      </symbol>
      <symbol id="sm-406">
         <name>_calloc</name>
         <value>0xb56e</value>
         <object_component_ref idref="oc-f3"/>
      </symbol>
      <symbol id="sm-407">
         <name>_malloc</name>
         <value>0xb210</value>
         <object_component_ref idref="oc-f3"/>
      </symbol>
      <symbol id="sm-408">
         <name>_minit</name>
         <value>0xb1ab</value>
         <object_component_ref idref="oc-f3"/>
      </symbol>
      <symbol id="sm-412">
         <name>_fclose</name>
         <value>0xcfb8</value>
         <object_component_ref idref="oc-fa"/>
      </symbol>
      <symbol id="sm-41c">
         <name>_remove</name>
         <value>0xd827</value>
         <object_component_ref idref="oc-fe"/>
      </symbol>
   </symbol_table>
</link_info>
