******************************************************************************
              TMS320C55x Linker PC v4.4.1                      
******************************************************************************
>> Linked Mon Apr 16 16:36:37 2018

OUTPUT FILE NAME:   <CSL_I2S_IdleLoop_Out.out>
ENTRY POINT SYMBOL: "_c_int00"  address: 00019945


MEMORY CONFIGURATION

         name            origin    length      used     unused   attr    fill
                        (bytes)   (bytes)    (bytes)   (bytes)
----------------------  --------  ---------  --------  --------  ----  --------
  MMR                   00000000   000000c0  00000000  000000c0  RW  
  DARAM_0               000000c0   00001f40  00000100  00001e40  RW  
  DARAM_1               00002000   00002000  00000000  00002000  RW  
  DARAM_2               00004000   00002000  00002000  00000000  RW  
  DARAM_3               00006000   00002000  00000000  00002000  RW  
  DARAM_4               00008000   00002000  00000000  00002000  RW  
  DARAM_5               0000a000   00002000  00000000  00002000  RW  
  DARAM_6               0000c000   00002000  00000f00  00001100  RW  
  DARAM_7               0000e000   00002000  00000000  00002000  RW  
  SARAM                 00010000   00040000  000108ef  0002f711  RW  
  SAROM_0               00ff0000   00008000  00000000  00008000  R  X
  SAROM_1               00ff8000   00007f00  00000000  00007f00  R  X
  VECS                  00ffff00   00000100  00000000  00000100  R  X


SECTION ALLOCATION MAP
(Addresses surrounded by []'s are displayed for convenience only!)

output                                                          attributes/
section   page  orgn(bytes) orgn(words) len(bytes) len(words)   input sections
--------  ----  ----------- ----------- ---------- ----------   --------------
.pinit       0   [ 00010000 ]  00008000          *   00000000   UNINITIALIZED

vectors      0     00000100  [ 00000080 ] 00000100          *   
                   00000100  [ 00000080 ] 00000100          *   C55XXCSL_LP.lib : vectors.obj (vectors)

.stack       0   [ 00004000 ]  00002000          *   00000800   UNINITIALIZED
                 [ 00004000 ]  00002000          *   00000800   --HOLE--

.sysstack 
*            0   [ 00005000 ]  00002800          *   00000800   UNINITIALIZED
                 [ 00005000 ]  00002800          *   00000800   --HOLE--

.inputDataBufLeft 
*            0   [ 0000c000 ]  00006000          *   000003c0   UNINITIALIZED
                 [ 0000c000 ]  00006000          *   000003c0   IdleLoop.obj (.inputDataBufLeft)

.inputDataBufRight 
*            0   [ 0000c780 ]  000063c0          *   000003c0   UNINITIALIZED
                 [ 0000c780 ]  000063c0          *   000003c0   IdleLoop.obj (.inputDataBufRight)

.text        0     00010000  [ 00008000 ] 00009a9f          *   
                   00010000  [ 00008000 ] 00001f50          *   C55XXCSL_LP.lib : csl_dma.obj (.text)
                   00011f50  [ 00008fa8 ] 000015a4          *   rts55x.lib : _printfi.obj (.text)
                   000134f4  [ 00009a7a ] 00000e8f          *   C55XXCSL_LP.lib : csl_i2c.obj (.text)
                   00014383  [ 0000a1c1+] 0000095f          *                   : csl_i2s.obj (.text)
                   00014ce2  [ 0000a671 ] 0000068d          *                   : csl_gpio.obj (.text)
                   0001536f  [ 0000a9b7+] 00000543          *   rts55x.lib : lowlev.obj (.text)
                   000158b2  [ 0000ac59 ] 00000528          *              : trgdrv.obj (.text)
                   00015dda  [ 0000aeed ] 00000524          *   codec_aic3254.obj (.text:_AIC3254_init)
                   000162fe  [ 0000b17f ] 00000508          *   C55XXCSL_LP.lib : csl_intc.obj (.text)
                   00016806  [ 0000b403 ] 000004b5          *   rts55x.lib : memory.obj (.text)
                   00016cbb  [ 0000b65d+] 000003cc          *              : divd.obj (.text)
                   00017087  [ 0000b843+] 00000372          *   C55XXCSL_LP.lib : csl_pll.obj (.text)
                   000173f9  [ 0000b9fc+] 0000027f          *   rts55x.lib : fopen.obj (.text)
                   00017678  [ 0000bb3c ] 0000025e          *   C55XXCSL_LP.lib : csl_sysctrl.obj (.text)
                   000178d6  [ 0000bc6b ] 0000025e          *   rts55x.lib : llmpy.obj (.text)
                   00017b34  [ 0000bd9a ] 0000025a          *              : addd.obj (.text)
                   00017d8e  [ 0000bec7 ] 00000231          *   IdleLoop.obj (.text:_I2sDmaInit)
                   00017fbf  [ 0000bfdf+] 000001f9          *   IdleLoop.obj (.text:_main)
                   000181b8  [ 0000c0dc ] 000001f2          *   csl_i2c_ioExpander.obj (.text:_ioExpander_Write)
                   000183aa  [ 0000c1d5 ] 000001ea          *   rts55x.lib : cmpd.obj (.text)
                   00018594  [ 0000c2ca ] 00000163          *              : fputs.obj (.text)
                   000186f7  [ 0000c37b+] 0000014c          *              : mpyd.obj (.text)
                   00018843  [ 0000c421+] 00000149          *   pll_control.obj (.text:_pll_sample)
                   0001898c  [ 0000c4c6 ] 000000e6          *   rts55x.lib : setvbuf.obj (.text)
                   00018a72  [ 0000c539 ] 000000dd          *              : _io_perm.obj (.text)
                   00018b4f  [ 0000c5a7+] 000000c2          *              : fflush.obj (.text)
                   00018c11  [ 0000c608+] 000000ba          *              : trgmsg.obj (.text:CIO_breakpoint)
                   00018ccb  [ 0000c665+] 000000a6          *              : fputc.obj (.text)
                   00018d71  [ 0000c6b8+] 000000a1          *              : divul.obj (.text)
                   00018e12  [ 0000c709 ] 000000a0          *   codec_aic3254.obj (.text:_AIC3254_Write)
                   00018eb2  [ 0000c759 ] 0000008c          *   C55XXCSL_LP.lib : csl_irqplug.obj (.text)
                   00018f3e  [ 0000c79f ] 0000007f          *   IdleLoop.obj (.text:_GpioInit)
                   00018fbd  [ 0000c7de+] 0000007d          *   rts55x.lib : ltoa.obj (.text)
                   0001903a  [ 0000c81d ] 0000007b          *   pll_control.obj (.text:_PLL_getConfig)
                   000190b5  [ 0000c85a+] 0000007b          *   rts55x.lib : fclose.obj (.text)
                   00019130  [ 0000c898 ] 00000077          *              : fixdul.obj (.text)
                   000191a7  [ 0000c8d3+] 00000076          *              : frcmpyd.obj (.text)
                   0001921d  [ 0000c90e+] 00000073          *              : frcmpyd_div.obj (.text)
                   00019290  [ 0000c948 ] 00000072          *              : remul.obj (.text)
                   00019302  [ 0000c981 ] 00000070          *   IdleLoop.obj (.text:_DmaIsr)
                   00019372  [ 0000c9b9 ] 0000006f          *   rts55x.lib : fixdli.obj (.text)
                   000193e1  [ 0000c9f0+] 0000006d          *   C55XXCSL_LP.lib : vectors.obj (.text)
                   0001944e  [ 0000ca27 ] 0000006d          *   rts55x.lib : trgmsg.obj (.text)
                   000194bb  [ 0000ca5d+] 0000006b          *              : fseek.obj (.text)
                   00019526  [ 0000ca93 ] 00000067          *              : fltlid.obj (.text)
                   0001958d  [ 0000cac6+] 00000062          *   IdleLoop.obj (.text:_DeviceInit)
                   000195ef  [ 0000caf7+] 00000061          *   csl_i2c_ioExpander.obj (.text:_ioExpander_Setup)
                   00019650  [ 0000cb28 ] 0000005c          *   rts55x.lib : atoi.obj (.text)
                   000196ac  [ 0000cb56 ] 0000005b          *              : fltuld.obj (.text)
                   00019707  [ 0000cb83+] 00000050          *              : printf.obj (.text)
                   00019757  [ 0000cbab+] 0000004d          *              : autoinit.obj (.text)
                   000197a4  [ 0000cbd2 ] 0000004b          *              : args_main.obj (.text)
                   000197ef  [ 0000cbf7+] 0000004b          *              : remli.obj (.text)
                   0001983a  [ 0000cc1d ] 00000048          *              : divli.obj (.text)
                   00019882  [ 0000cc41 ] 00000046          *   IdleLoop.obj (.text:_DmaInit)
                   000198c8  [ 0000cc64 ] 0000003f          *   rts55x.lib : memcpy.obj (.text)
                   00019907  [ 0000cc83+] 0000003e          *              : exit.obj (.text)
                   00019945  [ 0000cca2+] 00000034          *              : boot.obj (.text)
                   00019979  [ 0000ccbc+] 00000030          *   IdleLoop.obj (.text:_UsbLdoSwitch)
                   000199a9  [ 0000ccd4+] 0000002a          *   rts55x.lib : fixdi.obj (.text)
                   000199d3  [ 0000cce9+] 0000002a          *              : udiv.obj (.text)
                   000199fd  [ 0000ccfe+] 00000023          *              : memccpy.obj (.text)
                   00019a20  [ 0000cd10 ] 0000001a          *              : isinf.obj (.text)
                   00019a3a  [ 0000cd1d ] 00000014          *              : subd.obj (.text)
                   00019a4e  [ 0000cd27 ] 00000013          *              : lmpy.obj (.text)
                   00019a61  [ 0000cd30+] 00000012          *              : _lock.obj (.text)
                   00019a73  [ 0000cd39+] 00000010          *              : negd.obj (.text)
                   00019a83  [ 0000cd41+] 0000000a          *              : remove.obj (.text)
                   00019a8d  [ 0000cd46+] 00000007          *              : exit.obj (.text:CIO_breakpoint)
                   00019a94  [ 0000cd4a ] 00000006          *   IdleLoop.obj (.text:_UserIdle)
                   00019a9a  [ 0000cd4d ] 00000002          *   IdleLoop.obj (.text:_UserAlgorithm)
                   00019a9c  [ 0000cd4e ] 00000002          *   rts55x.lib : vectors.obj (.text)
                   00019a9e  [ 0000cd4f ] 00000001          *   --HOLE-- [fill = 20]

.data        0   [ 00010000 ]  00008000          *   00000000   UNINITIALIZED

.sysmem      0   [ 00019aa0 ]  0000cd50          *   00001fc0   UNINITIALIZED
                 [ 00019aa0 ]  0000cd50          *   00001fc0   --HOLE--

.bss         0   [ 0001da20 ]  0000ed10          *   00000ff3   UNINITIALIZED
                 [ 0001da20 ]  0000ed10          *   00000cac   IdleLoop.obj (.bss)
                 [ 0001f378 ]  0000f9bc          *   00000119   rts55x.lib : defs.obj (.bss)
                 [ 0001f5aa ]  0000fad5          *   000000d0              : trgdrv.obj (.bss)
                 [ 0001f74a ]  0000fba5          *   00000001              : fopen.obj (.bss)
                 [ 0001f74c ]  0000fba6          *   00000084   C55XXCSL_LP.lib : csl_intc.obj (.bss)
                 [ 0001f854 ]  0000fc2a          *   00000071   rts55x.lib : lowlev.obj (.bss)
                 [ 0001f936 ]  0000fc9b          *   0000002a   C55XXCSL_LP.lib : csl_i2s.obj (.bss)
                 [ 0001f98a ]  0000fcc5          *   00000001   --HOLE--
                 [ 0001f98c ]  0000fcc6          *   00000012                   : csl_i2c.obj (.bss)
                 [ 0001f9b0 ]  0000fcd8          *   0000000e   pll_control.obj (.bss)
                 [ 0001f9cc ]  0000fce6          *   0000000c   codec_aic3254.obj (.bss)
                 [ 0001f9e4 ]  0000fcf2          *   00000006   rts55x.lib : memory.obj (.bss)
                 [ 0001f9f0 ]  0000fcf8          *   00000004              : _lock.obj (.bss)
                 [ 0001f9f8 ]  0000fcfc          *   00000004              : exit.obj (.bss)
                 [ 0001fa00 ]  0000fd00          *   00000003   C55XXCSL_LP.lib : csl_sysctrl.obj (.bss)

.const       0   [ 0001fa08 ]  0000fd04          *   000004cc   
                 [ 0001fa08 ]  0000fd04          *   000002e0   IdleLoop.obj (.const:.string)
                 [ 0001ffc8 ]  0000ffe4          *   00000101   rts55x.lib : ctype.obj (.const:__ctypes_)
                 [ 000201ca ]  000100e5          *   00000001   --HOLE-- [fill = 0]
                 [ 000201cc ]  000100e6          *   00000050   csl_i2c_ioExpander.obj (.const:.string)
                 [ 0002026c ]  00010136          *   00000040   IdleLoop.obj (.const:_sine_750Hz_48kHzFs)
                 [ 000202ec ]  00010176          *   00000024   rts55x.lib : _printfi.obj (.const:.string)
                 [ 00020334 ]  0001019a          *   0000000c              : _printfi.obj (.const)
                 [ 0002034c ]  000101a6          *   00000008              : divd.obj (.const:_initial_approx$1)
                 [ 0002035c ]  000101ae          *   00000004   C55XXCSL_LP.lib : csl_pll.obj (.const)
                 [ 00020364 ]  000101b2          *   00000004   pll_control.obj (.const:_pllCfg_100MHz)
                 [ 0002036c ]  000101b6          *   00000004   pll_control.obj (.const:_pllCfg_150MHz)
                 [ 00020374 ]  000101ba          *   00000004   pll_control.obj (.const:_pllCfg_175MHz)
                 [ 0002037c ]  000101be          *   00000004   pll_control.obj (.const:_pllCfg_200MHz)
                 [ 00020384 ]  000101c2          *   00000004   pll_control.obj (.const:_pllCfg_25MHz)
                 [ 0002038c ]  000101c6          *   00000004   pll_control.obj (.const:_pllCfg_50MHz)
                 [ 00020394 ]  000101ca          *   00000002   rts55x.lib : fputs.obj (.const:.string)
                 [ 00020398 ]  000101cc          *   00000002              : fltlid.obj (.const)
                 [ 0002039c ]  000101ce          *   00000002              : fltuld.obj (.const)

.cio         0   [ 000203a0 ]  000101d0          *   00000120   UNINITIALIZED
                 [ 000203a0 ]  000101d0          *   00000120   rts55x.lib : trgmsg.obj (.cio)

.cinit       0   [ 000205e0 ]  000102f0          *   00000097   
                 [ 000205e0 ]  000102f0          *   0000002d   rts55x.lib : lowlev.obj (.cinit)
                 [ 0002063a ]  0001031d          *   0000002a              : defs.obj (.cinit)
                 [ 0002068e ]  00010347          *   00000016   IdleLoop.obj (.cinit)
                 [ 000206ba ]  0001035d          *   0000000a   rts55x.lib : _lock.obj (.cinit)
                 [ 000206ce ]  00010367          *   0000000a              : exit.obj (.cinit)
                 [ 000206e2 ]  00010371          *   00000008   C55XXCSL_LP.lib : csl_i2s.obj (.cinit)
                 [ 000206f2 ]  00010379          *   00000005   codec_aic3254.obj (.cinit)
                 [ 000206fc ]  0001037e          *   00000004   rts55x.lib : fopen.obj (.cinit)
                 [ 00020704 ]  00010382          *   00000004              : memory.obj (.cinit)
                 [ 0002070c ]  00010386          *   00000001   --HOLE-- [fill = 0]

.vectors_rts 
*            0     00020710  [ 00010388 ] 00000100          *   NOLOAD SECTION
                   00020710  [ 00010388 ] 00000100          *   rts55x.lib : vectors.obj (vectors)

.switch      0   [ 00020810 ]  00010408          *   00000072   
                 [ 00020810 ]  00010408          *   00000020   C55XXCSL_LP.lib : csl_dma.obj (.switch:_DMA_config)
                 [ 00020850 ]  00010428          *   00000020                   : csl_dma.obj (.switch:_DMA_getConfig)
                 [ 00020890 ]  00010448          *   00000020                   : csl_dma.obj (.switch:_DMA_reset)
                 [ 000208d0 ]  00010468          *   00000012                   : csl_sysctrl.obj (.switch:_SYS_setEBSR)


GLOBAL SYMBOLS: SORTED ALPHABETICALLY BY Name 

abs. value/
byte addr   word addr   name
---------   ---------   ----
00000002                $TI_capability$C5500$CallingConvention
00000002                $TI_capability$C5500$MemoryModel
00000001                $TI_capability_requires_rev3
            0000ed10    .bss
            00008000    .data
00010000                .text
00019a8e                C$$EXIT
00018cc6                C$$IO$$
00019a4e                I$$LMPY
000199d3                I$$UDIV
000199e8                I$$UMOD
00000100                RST
00018e12                _AIC3254_Write
00015dda                _AIC3254_init
00010123                _DMA_close
00010142                _DMA_config
00011216                _DMA_getConfig
00011ea4                _DMA_getLastTransferType
00010000                _DMA_init
00010037                _DMA_open
00011b43                _DMA_reset
00011935                _DMA_start
00011a42                _DMA_stop
00011e2f                _DMA_swapWords
0001958d                _DeviceInit
00019882                _DmaInit
00019302                _DmaIsr
000151cd                _GPIO_clearInt
00014d26                _GPIO_close
00014d4a                _GPIO_config
00014f7d                _GPIO_configBit
000150c5                _GPIO_disableInt
00015143                _GPIO_enableInt
00014dcf                _GPIO_getConfig
00014ce2                _GPIO_open
00014e57                _GPIO_read
000152e0                _GPIO_reset
00015259                _GPIO_statusBit
00014eda                _GPIO_write
00018f3e                _GpioInit
00015d7c                _HOSTclock
00015d11                _HOSTclose
00015c5c                _HOSTlseek
00015bbd                _HOSTopen
00015b30                _HOSTread
00015a82                _HOSTrename
00015a24                _HOSTtime
000159ba                _HOSTunlink
0001592d                _HOSTwrite
0001359d                _I2C_config
000141bb                _I2C_eventDisable
00014087                _I2C_eventEnable
00013702                _I2C_getConfig
00014367                _I2C_getEventId
000134f4                _I2C_init
00013c25                _I2C_read
000142da                _I2C_setCallback
000137d8                _I2C_setup
000139d2                _I2C_write
0001474c                _I2S_close
00014383                _I2S_open
000147dc                _I2S_read
00014bec                _I2S_reset
00014465                _I2S_setup
00014c97                _I2S_transEnable
00014a96                _I2S_write
00017d8e                _I2sDmaInit
00016386                _IRQ_clear
000163d9                _IRQ_clearAll
000163e9                _IRQ_config
000164f6                _IRQ_disable
00016574                _IRQ_disableAll
00016582                _IRQ_enable
0001667c                _IRQ_getArg
0001646e                _IRQ_getConfig
000167c0                _IRQ_globalDisable
000167d9                _IRQ_globalEnable
000167f2                _IRQ_globalRestore
000162fe                _IRQ_init
000166f1                _IRQ_map
00018eb2                _IRQ_plug
0001660c                _IRQ_restore
000166c0                _IRQ_setArg
0001671d                _IRQ_setVecs
0001674e                _IRQ_test
            0000f9b6    _LoopCount
            0000fd02    _PG1_flag
            0000fd01    _PG3_flag
            0000fd00    _PG4_flag
00017263                _PLL_bypass
000170bf                _PLL_config
000171df                _PLL_enable
00017087                _PLL_init
000172b6                _PLL_reset
00020710                _Reset
00017678                _SYS_peripheralReset
00017706                _SYS_setEBSR
000178b1                _SYS_set_DSP_LDO_voltage
00019979                _UsbLdoSwitch
00019a9a                _UserAlgorithm
00019a94                _UserIdle
00000100                _VECSTART
            000101d0    __CIOBUF_
            00002800    __STACK_END
00001000                __STACK_SIZE
00003f80                __SYSMEM_SIZE
00001000                __SYSSTACK_SIZE
00000001                __TI_args_main
ffffffff                ___binit__
            0000ed10    ___bss__
ffffffff                ___c_args__
            000102f0    ___cinit__
            00008000    ___data__
            00008000    ___edata__
            0000fd03    ___end__
00019a9f                ___etext__
00019a20                ___isinf
ffffffff                ___pinit__
00010000                ___text__
00017b34                __addd
000197a4                __args_main
0001751a                __cleanup
            0000fcfc    __cleanup_ptr
0001853c                __cmpd
            0000ffe4    __ctypes_
00016cbb                __divd
0001983a                __divli
00017aff                __divlli
000199d3                __divu
00018d71                __divul
00017a0b                __divull
00018b4f                __doflush
            0000fcfe    __dtors_ptr
00018508                __eqld
000199a9                __fixdi
00019372                __fixdli
00019130                __fixdul
00019526                __fltlid
000196ac                __fltuld
000191a7                __frcmpyd
0001921d                __frcmpyd_div
            0000fad4    __ft_end
            0000f9bc    __ftable
000184be                __geqd
00018473                __gtrd
00018426                __leqd
            0000fcf8    __lock
000183de                __lssd
000186f7                __mpyd
00019a4e                __mpyli
00017953                __mpylli
00019a73                __negd
000183aa                __neqd
00019a71                __nop
000132b2                __printfi
00018af2                __rd_ok
00019a69                __register_lock
00019a61                __register_unlock
000197ef                __remli
00017924                __remlli
000199e8                __remu
00019290                __remul
000178d6                __remull
            00002000    __stack
00019a3a                __subd
            0000cd50    __sys_memory
            00002800    __sysstack
            0000fa34    __tmpnams
            0000fcfa    __unlock
00018a72                __wrt_ok
00019a8d                _abort
000157c2                _add_device
00019650                _atoi
00019757                _auto_init
00019945                _c_int00
00016c95                _calloc
00016c8d                _chkheap
0001574f                _close
            0000ed10    _dispatchTable
            0000ed34    _dmaFrameCount
            0000f9ba    _dmaIntCount
            0000ed1e    _dmaLeftRxHandle
            0000ed22    _dmaObj0
            0000ed2b    _dmaObj1
            0000ed20    _dmaRightRxHandle
00019907                _exit
000190b5                _fclose
00018bb8                _fflush
00015746                _find_registered_device
0001763d                _fopen
00018ccb                _fputc
00018594                _fputs
00016806                _free
00016c37                _free_memory
00017574                _freopen
            0000fcc3    _fsError
000194bb                _fseek
            0000ed18    _gGpioObj
            0000fcc6    _gI2cObj
00017320                _getSysClk
000158b2                _getenv
            0000ed1a    _hGpio
            0000ed1c    _hI2s
            0000fce2    _hPll
            0000fce6    _hi2c
            0000fcd6    _i2cHandle
            0000fce8    _i2cSetup
            00006000    _i2sDmaReadBufLeft
            000063c0    _i2sDmaReadBufRight
            00006280    _inputDataBufLeft
            00006640    _inputDataBufRight
000195ef                _ioExpander_Setup
000181b8                _ioExpander_Write
000156e0                _lseek
00018fbd                _ltoa
00017fbf                _main
00016937                _malloc
00016bdd                _max_free
000199fd                _memccpy
000198c8                _memcpy
000168d2                _minit
            0000f9b8    _numFrame
00015621                _open
            0000fcc4    _ouError
            0000ed36    _outCircBuf
            0000fce4    _pConfigInfo
            0000ed35    _pingPongFlag
            0000fcde    _pllCfg1
            000101b2    _pllCfg_100MHz
            000101b6    _pllCfg_150MHz
            000101ba    _pllCfg_175MHz
            000101be    _pllCfg_200MHz
            000101c2    _pllCfg_25MHz
            000101c6    _pllCfg_50MHz
            0000fcd8    _pllObj
00018843                _pll_sample
00019707                _printf
00018ccb                _putc
00018d62                _putchar
000186c9                _puts
00015573                _read
0001944e                _readmsg
00016a2c                _realloc
00019a83                _remove
0001553d                _remove_device
000154e4                _rename
0001898c                _setvbuf
            00010136    _sine_750Hz_48kHzFs
000154b1                _unlink
0001536f                _write
00018c11                _writemsg
ffffffff                binit
            000102f0    cinit
            00008000    edata
            0000fd03    end
00019a9f                etext
ffffffff                pinit


GLOBAL SYMBOLS: SORTED BY Symbol Address 

abs. value/
byte addr   word addr   name
---------   ---------   ----
00000001                $TI_capability_requires_rev3
00000001                __TI_args_main
00000002                $TI_capability$C5500$CallingConvention
00000002                $TI_capability$C5500$MemoryModel
00000100                RST
00000100                _VECSTART
00001000                __STACK_SIZE
00001000                __SYSSTACK_SIZE
00003f80                __SYSMEM_SIZE
            00002000    __stack
            00002800    __STACK_END
            00002800    __sysstack
            00006000    _i2sDmaReadBufLeft
            00006280    _inputDataBufLeft
            000063c0    _i2sDmaReadBufRight
            00006640    _inputDataBufRight
            00008000    .data
00010000                .text
00010000                _DMA_init
            00008000    ___data__
            00008000    ___edata__
00010000                ___text__
            00008000    edata
00010037                _DMA_open
00010123                _DMA_close
00010142                _DMA_config
00011216                _DMA_getConfig
00011935                _DMA_start
00011a42                _DMA_stop
00011b43                _DMA_reset
00011e2f                _DMA_swapWords
00011ea4                _DMA_getLastTransferType
000132b2                __printfi
000134f4                _I2C_init
0001359d                _I2C_config
00013702                _I2C_getConfig
000137d8                _I2C_setup
000139d2                _I2C_write
00013c25                _I2C_read
00014087                _I2C_eventEnable
000141bb                _I2C_eventDisable
000142da                _I2C_setCallback
00014367                _I2C_getEventId
00014383                _I2S_open
00014465                _I2S_setup
0001474c                _I2S_close
000147dc                _I2S_read
00014a96                _I2S_write
00014bec                _I2S_reset
00014c97                _I2S_transEnable
00014ce2                _GPIO_open
00014d26                _GPIO_close
00014d4a                _GPIO_config
00014dcf                _GPIO_getConfig
00014e57                _GPIO_read
00014eda                _GPIO_write
00014f7d                _GPIO_configBit
000150c5                _GPIO_disableInt
00015143                _GPIO_enableInt
000151cd                _GPIO_clearInt
00015259                _GPIO_statusBit
000152e0                _GPIO_reset
0001536f                _write
000154b1                _unlink
000154e4                _rename
0001553d                _remove_device
00015573                _read
00015621                _open
000156e0                _lseek
00015746                _find_registered_device
0001574f                _close
000157c2                _add_device
000158b2                _getenv
0001592d                _HOSTwrite
000159ba                _HOSTunlink
00015a24                _HOSTtime
00015a82                _HOSTrename
00015b30                _HOSTread
00015bbd                _HOSTopen
00015c5c                _HOSTlseek
00015d11                _HOSTclose
00015d7c                _HOSTclock
00015dda                _AIC3254_init
000162fe                _IRQ_init
00016386                _IRQ_clear
000163d9                _IRQ_clearAll
000163e9                _IRQ_config
0001646e                _IRQ_getConfig
000164f6                _IRQ_disable
00016574                _IRQ_disableAll
00016582                _IRQ_enable
0001660c                _IRQ_restore
0001667c                _IRQ_getArg
000166c0                _IRQ_setArg
000166f1                _IRQ_map
0001671d                _IRQ_setVecs
0001674e                _IRQ_test
000167c0                _IRQ_globalDisable
000167d9                _IRQ_globalEnable
000167f2                _IRQ_globalRestore
00016806                _free
000168d2                _minit
00016937                _malloc
00016a2c                _realloc
00016bdd                _max_free
00016c37                _free_memory
00016c8d                _chkheap
00016c95                _calloc
00016cbb                __divd
00017087                _PLL_init
000170bf                _PLL_config
000171df                _PLL_enable
00017263                _PLL_bypass
000172b6                _PLL_reset
00017320                _getSysClk
0001751a                __cleanup
00017574                _freopen
0001763d                _fopen
00017678                _SYS_peripheralReset
00017706                _SYS_setEBSR
000178b1                _SYS_set_DSP_LDO_voltage
000178d6                __remull
00017924                __remlli
00017953                __mpylli
00017a0b                __divull
00017aff                __divlli
00017b34                __addd
00017d8e                _I2sDmaInit
00017fbf                _main
000181b8                _ioExpander_Write
000183aa                __neqd
000183de                __lssd
00018426                __leqd
00018473                __gtrd
000184be                __geqd
00018508                __eqld
0001853c                __cmpd
00018594                _fputs
000186c9                _puts
000186f7                __mpyd
00018843                _pll_sample
0001898c                _setvbuf
00018a72                __wrt_ok
00018af2                __rd_ok
00018b4f                __doflush
00018bb8                _fflush
00018c11                _writemsg
00018cc6                C$$IO$$
00018ccb                _fputc
00018ccb                _putc
00018d62                _putchar
00018d71                __divul
00018e12                _AIC3254_Write
00018eb2                _IRQ_plug
00018f3e                _GpioInit
00018fbd                _ltoa
000190b5                _fclose
00019130                __fixdul
000191a7                __frcmpyd
0001921d                __frcmpyd_div
00019290                __remul
00019302                _DmaIsr
00019372                __fixdli
0001944e                _readmsg
000194bb                _fseek
00019526                __fltlid
0001958d                _DeviceInit
000195ef                _ioExpander_Setup
00019650                _atoi
000196ac                __fltuld
00019707                _printf
00019757                _auto_init
000197a4                __args_main
000197ef                __remli
0001983a                __divli
00019882                _DmaInit
000198c8                _memcpy
00019907                _exit
00019945                _c_int00
00019979                _UsbLdoSwitch
000199a9                __fixdi
000199d3                I$$UDIV
000199d3                __divu
000199e8                I$$UMOD
000199e8                __remu
000199fd                _memccpy
00019a20                ___isinf
00019a3a                __subd
00019a4e                I$$LMPY
00019a4e                __mpyli
00019a61                __register_unlock
00019a69                __register_lock
00019a71                __nop
00019a73                __negd
00019a83                _remove
00019a8d                _abort
00019a8e                C$$EXIT
00019a94                _UserIdle
00019a9a                _UserAlgorithm
00019a9f                ___etext__
00019a9f                etext
            0000cd50    __sys_memory
            0000ed10    .bss
            0000ed10    ___bss__
            0000ed10    _dispatchTable
            0000ed18    _gGpioObj
            0000ed1a    _hGpio
            0000ed1c    _hI2s
            0000ed1e    _dmaLeftRxHandle
            0000ed20    _dmaRightRxHandle
            0000ed22    _dmaObj0
            0000ed2b    _dmaObj1
            0000ed34    _dmaFrameCount
            0000ed35    _pingPongFlag
            0000ed36    _outCircBuf
            0000f9b6    _LoopCount
            0000f9b8    _numFrame
            0000f9ba    _dmaIntCount
            0000f9bc    __ftable
            0000fa34    __tmpnams
            0000fad4    __ft_end
            0000fcc3    _fsError
            0000fcc4    _ouError
            0000fcc6    _gI2cObj
            0000fcd6    _i2cHandle
            0000fcd8    _pllObj
            0000fcde    _pllCfg1
            0000fce2    _hPll
            0000fce4    _pConfigInfo
            0000fce6    _hi2c
            0000fce8    _i2cSetup
            0000fcf8    __lock
            0000fcfa    __unlock
            0000fcfc    __cleanup_ptr
            0000fcfe    __dtors_ptr
            0000fd00    _PG4_flag
            0000fd01    _PG3_flag
            0000fd02    _PG1_flag
            0000fd03    ___end__
            0000fd03    end
            0000ffe4    __ctypes_
            00010136    _sine_750Hz_48kHzFs
            000101b2    _pllCfg_100MHz
            000101b6    _pllCfg_150MHz
            000101ba    _pllCfg_175MHz
            000101be    _pllCfg_200MHz
            000101c2    _pllCfg_25MHz
            000101c6    _pllCfg_50MHz
            000101d0    __CIOBUF_
            000102f0    ___cinit__
            000102f0    cinit
00020710                _Reset
ffffffff                ___binit__
ffffffff                ___c_args__
ffffffff                ___pinit__
ffffffff                binit
ffffffff                pinit

[257 symbols]
