<?xml version="1.0"?>
<link_info>
   <banner>TMS320C55x Linker PC v4.4.1</banner>
   <copyright>Copyright (c) 1996-2012 Texas Instruments Incorporated</copyright>
   <link_time>0x5ad46ea5</link_time>
   <output_file>CSL_I2S_IdleLoop_Out.out</output_file>
   <entry_point>
      <name>_c_int00</name>
      <address>0x19945</address>
   </entry_point>
   <input_file_list>
      <input_file id="fl-2">
         <path>.\</path>
         <kind>object</kind>
         <file>IdleLoop.obj</file>
         <name>IdleLoop.obj</name>
      </input_file>
      <input_file id="fl-3">
         <path>.\</path>
         <kind>object</kind>
         <file>codec_aic3254.obj</file>
         <name>codec_aic3254.obj</name>
      </input_file>
      <input_file id="fl-4">
         <path>.\</path>
         <kind>object</kind>
         <file>csl_i2c_ioExpander.obj</file>
         <name>csl_i2c_ioExpander.obj</name>
      </input_file>
      <input_file id="fl-5">
         <path>.\</path>
         <kind>object</kind>
         <file>pll_control.obj</file>
         <name>pll_control.obj</name>
      </input_file>
      <input_file id="fl-b">
         <path>C:\ti\ccsv8\tools\compiler\c5500_4.4.1\lib\</path>
         <kind>archive</kind>
         <file>rts55x.lib</file>
         <name>boot.obj</name>
      </input_file>
      <input_file id="fl-c">
         <path>C:\ti\ccsv8\tools\compiler\c5500_4.4.1\lib\</path>
         <kind>archive</kind>
         <file>rts55x.lib</file>
         <name>exit.obj</name>
      </input_file>
      <input_file id="fl-d">
         <path>C:\ti\ccsv8\tools\compiler\c5500_4.4.1\lib\</path>
         <kind>archive</kind>
         <file>rts55x.lib</file>
         <name>printf.obj</name>
      </input_file>
      <input_file id="fl-e">
         <path>C:\ti\ccsv8\tools\compiler\c5500_4.4.1\lib\</path>
         <kind>archive</kind>
         <file>rts55x.lib</file>
         <name>vectors.obj</name>
      </input_file>
      <input_file id="fl-f">
         <path>C:\ti\ccsv8\tools\compiler\c5500_4.4.1\lib\</path>
         <kind>archive</kind>
         <file>rts55x.lib</file>
         <name>_lock.obj</name>
      </input_file>
      <input_file id="fl-10">
         <path>C:\ti\ccsv8\tools\compiler\c5500_4.4.1\lib\</path>
         <kind>archive</kind>
         <file>rts55x.lib</file>
         <name>_printfi.obj</name>
      </input_file>
      <input_file id="fl-11">
         <path>C:\ti\ccsv8\tools\compiler\c5500_4.4.1\lib\</path>
         <kind>archive</kind>
         <file>rts55x.lib</file>
         <name>args_main.obj</name>
      </input_file>
      <input_file id="fl-12">
         <path>C:\ti\ccsv8\tools\compiler\c5500_4.4.1\lib\</path>
         <kind>archive</kind>
         <file>rts55x.lib</file>
         <name>atoi.obj</name>
      </input_file>
      <input_file id="fl-13">
         <path>C:\ti\ccsv8\tools\compiler\c5500_4.4.1\lib\</path>
         <kind>archive</kind>
         <file>rts55x.lib</file>
         <name>autoinit.obj</name>
      </input_file>
      <input_file id="fl-14">
         <path>C:\ti\ccsv8\tools\compiler\c5500_4.4.1\lib\</path>
         <kind>archive</kind>
         <file>rts55x.lib</file>
         <name>cmpd.obj</name>
      </input_file>
      <input_file id="fl-15">
         <path>C:\ti\ccsv8\tools\compiler\c5500_4.4.1\lib\</path>
         <kind>archive</kind>
         <file>rts55x.lib</file>
         <name>ctype.obj</name>
      </input_file>
      <input_file id="fl-16">
         <path>C:\ti\ccsv8\tools\compiler\c5500_4.4.1\lib\</path>
         <kind>archive</kind>
         <file>rts55x.lib</file>
         <name>defs.obj</name>
      </input_file>
      <input_file id="fl-17">
         <path>C:\ti\ccsv8\tools\compiler\c5500_4.4.1\lib\</path>
         <kind>archive</kind>
         <file>rts55x.lib</file>
         <name>divd.obj</name>
      </input_file>
      <input_file id="fl-18">
         <path>C:\ti\ccsv8\tools\compiler\c5500_4.4.1\lib\</path>
         <kind>archive</kind>
         <file>rts55x.lib</file>
         <name>divul.obj</name>
      </input_file>
      <input_file id="fl-19">
         <path>C:\ti\ccsv8\tools\compiler\c5500_4.4.1\lib\</path>
         <kind>archive</kind>
         <file>rts55x.lib</file>
         <name>fixdi.obj</name>
      </input_file>
      <input_file id="fl-1a">
         <path>C:\ti\ccsv8\tools\compiler\c5500_4.4.1\lib\</path>
         <kind>archive</kind>
         <file>rts55x.lib</file>
         <name>fixdli.obj</name>
      </input_file>
      <input_file id="fl-1b">
         <path>C:\ti\ccsv8\tools\compiler\c5500_4.4.1\lib\</path>
         <kind>archive</kind>
         <file>rts55x.lib</file>
         <name>fltlid.obj</name>
      </input_file>
      <input_file id="fl-1c">
         <path>C:\ti\ccsv8\tools\compiler\c5500_4.4.1\lib\</path>
         <kind>archive</kind>
         <file>rts55x.lib</file>
         <name>fputc.obj</name>
      </input_file>
      <input_file id="fl-1d">
         <path>C:\ti\ccsv8\tools\compiler\c5500_4.4.1\lib\</path>
         <kind>archive</kind>
         <file>rts55x.lib</file>
         <name>fputs.obj</name>
      </input_file>
      <input_file id="fl-1e">
         <path>C:\ti\ccsv8\tools\compiler\c5500_4.4.1\lib\</path>
         <kind>archive</kind>
         <file>rts55x.lib</file>
         <name>frcmpyd_div.obj</name>
      </input_file>
      <input_file id="fl-1f">
         <path>C:\ti\ccsv8\tools\compiler\c5500_4.4.1\lib\</path>
         <kind>archive</kind>
         <file>rts55x.lib</file>
         <name>isinf.obj</name>
      </input_file>
      <input_file id="fl-20">
         <path>C:\ti\ccsv8\tools\compiler\c5500_4.4.1\lib\</path>
         <kind>archive</kind>
         <file>rts55x.lib</file>
         <name>llmpy.obj</name>
      </input_file>
      <input_file id="fl-21">
         <path>C:\ti\ccsv8\tools\compiler\c5500_4.4.1\lib\</path>
         <kind>archive</kind>
         <file>rts55x.lib</file>
         <name>lmpy.obj</name>
      </input_file>
      <input_file id="fl-22">
         <path>C:\ti\ccsv8\tools\compiler\c5500_4.4.1\lib\</path>
         <kind>archive</kind>
         <file>rts55x.lib</file>
         <name>lowlev.obj</name>
      </input_file>
      <input_file id="fl-23">
         <path>C:\ti\ccsv8\tools\compiler\c5500_4.4.1\lib\</path>
         <kind>archive</kind>
         <file>rts55x.lib</file>
         <name>ltoa.obj</name>
      </input_file>
      <input_file id="fl-24">
         <path>C:\ti\ccsv8\tools\compiler\c5500_4.4.1\lib\</path>
         <kind>archive</kind>
         <file>rts55x.lib</file>
         <name>memccpy.obj</name>
      </input_file>
      <input_file id="fl-25">
         <path>C:\ti\ccsv8\tools\compiler\c5500_4.4.1\lib\</path>
         <kind>archive</kind>
         <file>rts55x.lib</file>
         <name>memcpy.obj</name>
      </input_file>
      <input_file id="fl-26">
         <path>C:\ti\ccsv8\tools\compiler\c5500_4.4.1\lib\</path>
         <kind>archive</kind>
         <file>rts55x.lib</file>
         <name>mpyd.obj</name>
      </input_file>
      <input_file id="fl-27">
         <path>C:\ti\ccsv8\tools\compiler\c5500_4.4.1\lib\</path>
         <kind>archive</kind>
         <file>rts55x.lib</file>
         <name>negd.obj</name>
      </input_file>
      <input_file id="fl-28">
         <path>C:\ti\ccsv8\tools\compiler\c5500_4.4.1\lib\</path>
         <kind>archive</kind>
         <file>rts55x.lib</file>
         <name>remli.obj</name>
      </input_file>
      <input_file id="fl-29">
         <path>C:\ti\ccsv8\tools\compiler\c5500_4.4.1\lib\</path>
         <kind>archive</kind>
         <file>rts55x.lib</file>
         <name>remul.obj</name>
      </input_file>
      <input_file id="fl-2a">
         <path>C:\ti\ccsv8\tools\compiler\c5500_4.4.1\lib\</path>
         <kind>archive</kind>
         <file>rts55x.lib</file>
         <name>subd.obj</name>
      </input_file>
      <input_file id="fl-2b">
         <path>C:\ti\ccsv8\tools\compiler\c5500_4.4.1\lib\</path>
         <kind>archive</kind>
         <file>rts55x.lib</file>
         <name>trgdrv.obj</name>
      </input_file>
      <input_file id="fl-2c">
         <path>C:\ti\ccsv8\tools\compiler\c5500_4.4.1\lib\</path>
         <kind>archive</kind>
         <file>rts55x.lib</file>
         <name>trgmsg.obj</name>
      </input_file>
      <input_file id="fl-2d">
         <path>C:\ti\ccsv8\tools\compiler\c5500_4.4.1\lib\</path>
         <kind>archive</kind>
         <file>rts55x.lib</file>
         <name>udiv.obj</name>
      </input_file>
      <input_file id="fl-2e">
         <path>C:\ti\ccsv8\tools\compiler\c5500_4.4.1\lib\</path>
         <kind>archive</kind>
         <file>rts55x.lib</file>
         <name>_io_perm.obj</name>
      </input_file>
      <input_file id="fl-2f">
         <path>C:\ti\ccsv8\tools\compiler\c5500_4.4.1\lib\</path>
         <kind>archive</kind>
         <file>rts55x.lib</file>
         <name>addd.obj</name>
      </input_file>
      <input_file id="fl-30">
         <path>C:\ti\ccsv8\tools\compiler\c5500_4.4.1\lib\</path>
         <kind>archive</kind>
         <file>rts55x.lib</file>
         <name>divli.obj</name>
      </input_file>
      <input_file id="fl-31">
         <path>C:\ti\ccsv8\tools\compiler\c5500_4.4.1\lib\</path>
         <kind>archive</kind>
         <file>rts55x.lib</file>
         <name>fflush.obj</name>
      </input_file>
      <input_file id="fl-32">
         <path>C:\ti\ccsv8\tools\compiler\c5500_4.4.1\lib\</path>
         <kind>archive</kind>
         <file>rts55x.lib</file>
         <name>frcmpyd.obj</name>
      </input_file>
      <input_file id="fl-33">
         <path>C:\ti\ccsv8\tools\compiler\c5500_4.4.1\lib\</path>
         <kind>archive</kind>
         <file>rts55x.lib</file>
         <name>fseek.obj</name>
      </input_file>
      <input_file id="fl-34">
         <path>C:\ti\ccsv8\tools\compiler\c5500_4.4.1\lib\</path>
         <kind>archive</kind>
         <file>rts55x.lib</file>
         <name>setvbuf.obj</name>
      </input_file>
      <input_file id="fl-35">
         <path>C:\ti\ccsv8\tools\compiler\c5500_4.4.1\lib\</path>
         <kind>archive</kind>
         <file>rts55x.lib</file>
         <name>fopen.obj</name>
      </input_file>
      <input_file id="fl-36">
         <path>C:\ti\ccsv8\tools\compiler\c5500_4.4.1\lib\</path>
         <kind>archive</kind>
         <file>rts55x.lib</file>
         <name>memory.obj</name>
      </input_file>
      <input_file id="fl-37">
         <path>C:\ti\ccsv8\tools\compiler\c5500_4.4.1\lib\</path>
         <kind>archive</kind>
         <file>rts55x.lib</file>
         <name>fclose.obj</name>
      </input_file>
      <input_file id="fl-38">
         <path>C:\ti\ccsv8\tools\compiler\c5500_4.4.1\lib\</path>
         <kind>archive</kind>
         <file>rts55x.lib</file>
         <name>remove.obj</name>
      </input_file>
      <input_file id="fl-39">
         <path>D:\Digital signal process_TMS320C5517\HUONG_DAN_SU_DUNG_BOARD\project_example_sine_750hz_1khz\ccs_v6.x_examples\C55XXCSL_LP\Debug\</path>
         <kind>archive</kind>
         <file>C55XXCSL_LP.lib</file>
         <name>csl_dma.obj</name>
      </input_file>
      <input_file id="fl-3a">
         <path>D:\Digital signal process_TMS320C5517\HUONG_DAN_SU_DUNG_BOARD\project_example_sine_750hz_1khz\ccs_v6.x_examples\C55XXCSL_LP\Debug\</path>
         <kind>archive</kind>
         <file>C55XXCSL_LP.lib</file>
         <name>csl_gpio.obj</name>
      </input_file>
      <input_file id="fl-3b">
         <path>D:\Digital signal process_TMS320C5517\HUONG_DAN_SU_DUNG_BOARD\project_example_sine_750hz_1khz\ccs_v6.x_examples\C55XXCSL_LP\Debug\</path>
         <kind>archive</kind>
         <file>C55XXCSL_LP.lib</file>
         <name>csl_i2c.obj</name>
      </input_file>
      <input_file id="fl-3c">
         <path>D:\Digital signal process_TMS320C5517\HUONG_DAN_SU_DUNG_BOARD\project_example_sine_750hz_1khz\ccs_v6.x_examples\C55XXCSL_LP\Debug\</path>
         <kind>archive</kind>
         <file>C55XXCSL_LP.lib</file>
         <name>csl_i2s.obj</name>
      </input_file>
      <input_file id="fl-3d">
         <path>D:\Digital signal process_TMS320C5517\HUONG_DAN_SU_DUNG_BOARD\project_example_sine_750hz_1khz\ccs_v6.x_examples\C55XXCSL_LP\Debug\</path>
         <kind>archive</kind>
         <file>C55XXCSL_LP.lib</file>
         <name>csl_intc.obj</name>
      </input_file>
      <input_file id="fl-3e">
         <path>D:\Digital signal process_TMS320C5517\HUONG_DAN_SU_DUNG_BOARD\project_example_sine_750hz_1khz\ccs_v6.x_examples\C55XXCSL_LP\Debug\</path>
         <kind>archive</kind>
         <file>C55XXCSL_LP.lib</file>
         <name>csl_irqplug.obj</name>
      </input_file>
      <input_file id="fl-3f">
         <path>D:\Digital signal process_TMS320C5517\HUONG_DAN_SU_DUNG_BOARD\project_example_sine_750hz_1khz\ccs_v6.x_examples\C55XXCSL_LP\Debug\</path>
         <kind>archive</kind>
         <file>C55XXCSL_LP.lib</file>
         <name>csl_pll.obj</name>
      </input_file>
      <input_file id="fl-40">
         <path>D:\Digital signal process_TMS320C5517\HUONG_DAN_SU_DUNG_BOARD\project_example_sine_750hz_1khz\ccs_v6.x_examples\C55XXCSL_LP\Debug\</path>
         <kind>archive</kind>
         <file>C55XXCSL_LP.lib</file>
         <name>csl_sysctrl.obj</name>
      </input_file>
      <input_file id="fl-41">
         <path>D:\Digital signal process_TMS320C5517\HUONG_DAN_SU_DUNG_BOARD\project_example_sine_750hz_1khz\ccs_v6.x_examples\C55XXCSL_LP\Debug\</path>
         <kind>archive</kind>
         <file>C55XXCSL_LP.lib</file>
         <name>vectors.obj</name>
      </input_file>
      <input_file id="fl-55">
         <path>C:\ti\ccsv8\tools\compiler\c5500_4.4.1\lib\</path>
         <kind>archive</kind>
         <file>rts55x.lib</file>
         <name>fixdul.obj</name>
      </input_file>
      <input_file id="fl-56">
         <path>C:\ti\ccsv8\tools\compiler\c5500_4.4.1\lib\</path>
         <kind>archive</kind>
         <file>rts55x.lib</file>
         <name>fltuld.obj</name>
      </input_file>
   </input_file_list>
   <object_component_list>
      <object_component id="oc-3c">
         <name>vectors</name>
         <load_address>0x20710</load_address>
         <run_address>0x20710</run_address>
         <size>0x100</size>
         <input_file_ref idref="fl-e"/>
      </object_component>
      <object_component id="oc-f6">
         <name>.text</name>
         <load_address>0x10000</load_address>
         <run_address>0x10000</run_address>
         <size>0x1f50</size>
         <input_file_ref idref="fl-39"/>
      </object_component>
      <object_component id="oc-46">
         <name>.text</name>
         <load_address>0x11f50</load_address>
         <run_address>0x11f50</run_address>
         <size>0x15a4</size>
         <input_file_ref idref="fl-10"/>
      </object_component>
      <object_component id="oc-100">
         <name>.text</name>
         <load_address>0x134f4</load_address>
         <run_address>0x134f4</run_address>
         <size>0xe8f</size>
         <input_file_ref idref="fl-3b"/>
      </object_component>
      <object_component id="oc-106">
         <name>.text</name>
         <load_address>0x14383</load_address>
         <run_address>0x14383</run_address>
         <size>0x95f</size>
         <input_file_ref idref="fl-3c"/>
      </object_component>
      <object_component id="oc-fb">
         <name>.text</name>
         <load_address>0x14ce2</load_address>
         <run_address>0x14ce2</run_address>
         <size>0x68d</size>
         <input_file_ref idref="fl-3a"/>
      </object_component>
      <object_component id="oc-90">
         <name>.text</name>
         <load_address>0x1536f</load_address>
         <run_address>0x1536f</run_address>
         <size>0x543</size>
         <input_file_ref idref="fl-22"/>
      </object_component>
      <object_component id="oc-b6">
         <name>.text</name>
         <load_address>0x158b2</load_address>
         <run_address>0x158b2</run_address>
         <size>0x528</size>
         <input_file_ref idref="fl-2b"/>
      </object_component>
      <object_component id="oc-140">
         <name>.text:_AIC3254_init</name>
         <load_address>0x15dda</load_address>
         <run_address>0x15dda</run_address>
         <size>0x524</size>
         <input_file_ref idref="fl-3"/>
      </object_component>
      <object_component id="oc-10d">
         <name>.text</name>
         <load_address>0x162fe</load_address>
         <run_address>0x162fe</run_address>
         <size>0x508</size>
         <input_file_ref idref="fl-3d"/>
      </object_component>
      <object_component id="oc-e7">
         <name>.text</name>
         <load_address>0x16806</load_address>
         <run_address>0x16806</run_address>
         <size>0x4b5</size>
         <input_file_ref idref="fl-36"/>
      </object_component>
      <object_component id="oc-62">
         <name>.text</name>
         <load_address>0x16cbb</load_address>
         <run_address>0x16cbb</run_address>
         <size>0x3cc</size>
         <input_file_ref idref="fl-17"/>
      </object_component>
      <object_component id="oc-117">
         <name>.text</name>
         <load_address>0x17087</load_address>
         <run_address>0x17087</run_address>
         <size>0x372</size>
         <input_file_ref idref="fl-3f"/>
      </object_component>
      <object_component id="oc-e1">
         <name>.text</name>
         <load_address>0x173f9</load_address>
         <run_address>0x173f9</run_address>
         <size>0x27f</size>
         <input_file_ref idref="fl-35"/>
      </object_component>
      <object_component id="oc-11d">
         <name>.text</name>
         <load_address>0x17678</load_address>
         <run_address>0x17678</run_address>
         <size>0x25e</size>
         <input_file_ref idref="fl-40"/>
      </object_component>
      <object_component id="oc-88">
         <name>.text</name>
         <load_address>0x178d6</load_address>
         <run_address>0x178d6</run_address>
         <size>0x25e</size>
         <input_file_ref idref="fl-20"/>
      </object_component>
      <object_component id="oc-c9">
         <name>.text</name>
         <load_address>0x17b34</load_address>
         <run_address>0x17b34</run_address>
         <size>0x25a</size>
         <input_file_ref idref="fl-2f"/>
      </object_component>
      <object_component id="oc-13f">
         <name>.text:_I2sDmaInit</name>
         <load_address>0x17d8e</load_address>
         <run_address>0x17d8e</run_address>
         <size>0x231</size>
         <input_file_ref idref="fl-2"/>
      </object_component>
      <object_component id="oc-132">
         <name>.text:_main</name>
         <load_address>0x17fbf</load_address>
         <run_address>0x17fbf</run_address>
         <size>0x1f9</size>
         <input_file_ref idref="fl-2"/>
      </object_component>
      <object_component id="oc-13c">
         <name>.text:_ioExpander_Write</name>
         <load_address>0x181b8</load_address>
         <run_address>0x181b8</run_address>
         <size>0x1f2</size>
         <input_file_ref idref="fl-4"/>
      </object_component>
      <object_component id="oc-58">
         <name>.text</name>
         <load_address>0x183aa</load_address>
         <run_address>0x183aa</run_address>
         <size>0x1ea</size>
         <input_file_ref idref="fl-14"/>
      </object_component>
      <object_component id="oc-7b">
         <name>.text</name>
         <load_address>0x18594</load_address>
         <run_address>0x18594</run_address>
         <size>0x163</size>
         <input_file_ref idref="fl-1d"/>
      </object_component>
      <object_component id="oc-a2">
         <name>.text</name>
         <load_address>0x186f7</load_address>
         <run_address>0x186f7</run_address>
         <size>0x14c</size>
         <input_file_ref idref="fl-26"/>
      </object_component>
      <object_component id="oc-143">
         <name>.text:_pll_sample</name>
         <load_address>0x18843</load_address>
         <run_address>0x18843</run_address>
         <size>0x149</size>
         <input_file_ref idref="fl-5"/>
      </object_component>
      <object_component id="oc-dd">
         <name>.text</name>
         <load_address>0x1898c</load_address>
         <run_address>0x1898c</run_address>
         <size>0xe6</size>
         <input_file_ref idref="fl-34"/>
      </object_component>
      <object_component id="oc-c5">
         <name>.text</name>
         <load_address>0x18a72</load_address>
         <run_address>0x18a72</run_address>
         <size>0xdd</size>
         <input_file_ref idref="fl-2e"/>
      </object_component>
      <object_component id="oc-d1">
         <name>.text</name>
         <load_address>0x18b4f</load_address>
         <run_address>0x18b4f</run_address>
         <size>0xc2</size>
         <input_file_ref idref="fl-31"/>
      </object_component>
      <object_component id="oc-be">
         <name>.text:CIO_breakpoint</name>
         <load_address>0x18c11</load_address>
         <run_address>0x18c11</run_address>
         <size>0xba</size>
         <input_file_ref idref="fl-2c"/>
      </object_component>
      <object_component id="oc-77">
         <name>.text</name>
         <load_address>0x18ccb</load_address>
         <run_address>0x18ccb</run_address>
         <size>0xa6</size>
         <input_file_ref idref="fl-1c"/>
      </object_component>
      <object_component id="oc-66">
         <name>.text</name>
         <load_address>0x18d71</load_address>
         <run_address>0x18d71</run_address>
         <size>0xa1</size>
         <input_file_ref idref="fl-18"/>
      </object_component>
      <object_component id="oc-145">
         <name>.text:_AIC3254_Write</name>
         <load_address>0x18e12</load_address>
         <run_address>0x18e12</run_address>
         <size>0xa0</size>
         <input_file_ref idref="fl-3"/>
      </object_component>
      <object_component id="oc-113">
         <name>.text</name>
         <load_address>0x18eb2</load_address>
         <run_address>0x18eb2</run_address>
         <size>0x8c</size>
         <input_file_ref idref="fl-3e"/>
      </object_component>
      <object_component id="oc-13e">
         <name>.text:_GpioInit</name>
         <load_address>0x18f3e</load_address>
         <run_address>0x18f3e</run_address>
         <size>0x7f</size>
         <input_file_ref idref="fl-2"/>
      </object_component>
      <object_component id="oc-96">
         <name>.text</name>
         <load_address>0x18fbd</load_address>
         <run_address>0x18fbd</run_address>
         <size>0x7d</size>
         <input_file_ref idref="fl-23"/>
      </object_component>
      <object_component id="oc-14c">
         <name>.text:_PLL_getConfig</name>
         <load_address>0x1903a</load_address>
         <run_address>0x1903a</run_address>
         <size>0x7b</size>
         <input_file_ref idref="fl-5"/>
      </object_component>
      <object_component id="oc-ee">
         <name>.text</name>
         <load_address>0x190b5</load_address>
         <run_address>0x190b5</run_address>
         <size>0x7b</size>
         <input_file_ref idref="fl-37"/>
      </object_component>
      <object_component id="oc-128">
         <name>.text</name>
         <load_address>0x19130</load_address>
         <run_address>0x19130</run_address>
         <size>0x77</size>
         <input_file_ref idref="fl-55"/>
      </object_component>
      <object_component id="oc-d5">
         <name>.text</name>
         <load_address>0x191a7</load_address>
         <run_address>0x191a7</run_address>
         <size>0x76</size>
         <input_file_ref idref="fl-32"/>
      </object_component>
      <object_component id="oc-80">
         <name>.text</name>
         <load_address>0x1921d</load_address>
         <run_address>0x1921d</run_address>
         <size>0x73</size>
         <input_file_ref idref="fl-1e"/>
      </object_component>
      <object_component id="oc-ae">
         <name>.text</name>
         <load_address>0x19290</load_address>
         <run_address>0x19290</run_address>
         <size>0x72</size>
         <input_file_ref idref="fl-29"/>
      </object_component>
      <object_component id="oc-17">
         <name>.text:_DmaIsr</name>
         <load_address>0x19302</load_address>
         <run_address>0x19302</run_address>
         <size>0x70</size>
         <input_file_ref idref="fl-2"/>
      </object_component>
      <object_component id="oc-6e">
         <name>.text</name>
         <load_address>0x19372</load_address>
         <run_address>0x19372</run_address>
         <size>0x6f</size>
         <input_file_ref idref="fl-1a"/>
      </object_component>
      <object_component id="oc-123">
         <name>.text</name>
         <load_address>0x193e1</load_address>
         <run_address>0x193e1</run_address>
         <size>0x6d</size>
         <input_file_ref idref="fl-41"/>
      </object_component>
      <object_component id="oc-bb">
         <name>.text</name>
         <load_address>0x1944e</load_address>
         <run_address>0x1944e</run_address>
         <size>0x6d</size>
         <input_file_ref idref="fl-2c"/>
      </object_component>
      <object_component id="oc-d9">
         <name>.text</name>
         <load_address>0x194bb</load_address>
         <run_address>0x194bb</run_address>
         <size>0x6b</size>
         <input_file_ref idref="fl-33"/>
      </object_component>
      <object_component id="oc-72">
         <name>.text</name>
         <load_address>0x19526</load_address>
         <run_address>0x19526</run_address>
         <size>0x67</size>
         <input_file_ref idref="fl-1b"/>
      </object_component>
      <object_component id="oc-13a">
         <name>.text:_DeviceInit</name>
         <load_address>0x1958d</load_address>
         <run_address>0x1958d</run_address>
         <size>0x62</size>
         <input_file_ref idref="fl-2"/>
      </object_component>
      <object_component id="oc-13b">
         <name>.text:_ioExpander_Setup</name>
         <load_address>0x195ef</load_address>
         <run_address>0x195ef</run_address>
         <size>0x61</size>
         <input_file_ref idref="fl-4"/>
      </object_component>
      <object_component id="oc-50">
         <name>.text</name>
         <load_address>0x19650</load_address>
         <run_address>0x19650</run_address>
         <size>0x5c</size>
         <input_file_ref idref="fl-12"/>
      </object_component>
      <object_component id="oc-12c">
         <name>.text</name>
         <load_address>0x196ac</load_address>
         <run_address>0x196ac</run_address>
         <size>0x5b</size>
         <input_file_ref idref="fl-56"/>
      </object_component>
      <object_component id="oc-37">
         <name>.text</name>
         <load_address>0x19707</load_address>
         <run_address>0x19707</run_address>
         <size>0x50</size>
         <input_file_ref idref="fl-d"/>
      </object_component>
      <object_component id="oc-54">
         <name>.text</name>
         <load_address>0x19757</load_address>
         <run_address>0x19757</run_address>
         <size>0x4d</size>
         <input_file_ref idref="fl-13"/>
      </object_component>
      <object_component id="oc-4c">
         <name>.text</name>
         <load_address>0x197a4</load_address>
         <run_address>0x197a4</run_address>
         <size>0x4b</size>
         <input_file_ref idref="fl-11"/>
      </object_component>
      <object_component id="oc-aa">
         <name>.text</name>
         <load_address>0x197ef</load_address>
         <run_address>0x197ef</run_address>
         <size>0x4b</size>
         <input_file_ref idref="fl-28"/>
      </object_component>
      <object_component id="oc-cd">
         <name>.text</name>
         <load_address>0x1983a</load_address>
         <run_address>0x1983a</run_address>
         <size>0x48</size>
         <input_file_ref idref="fl-30"/>
      </object_component>
      <object_component id="oc-13d">
         <name>.text:_DmaInit</name>
         <load_address>0x19882</load_address>
         <run_address>0x19882</run_address>
         <size>0x46</size>
         <input_file_ref idref="fl-2"/>
      </object_component>
      <object_component id="oc-9e">
         <name>.text</name>
         <load_address>0x198c8</load_address>
         <run_address>0x198c8</run_address>
         <size>0x3f</size>
         <input_file_ref idref="fl-25"/>
      </object_component>
      <object_component id="oc-30">
         <name>.text</name>
         <load_address>0x19907</load_address>
         <run_address>0x19907</run_address>
         <size>0x3e</size>
         <input_file_ref idref="fl-c"/>
      </object_component>
      <object_component id="oc-11">
         <name>.text</name>
         <load_address>0x19945</load_address>
         <run_address>0x19945</run_address>
         <size>0x34</size>
         <input_file_ref idref="fl-b"/>
      </object_component>
      <object_component id="oc-144">
         <name>.text:_UsbLdoSwitch</name>
         <load_address>0x19979</load_address>
         <run_address>0x19979</run_address>
         <size>0x30</size>
         <input_file_ref idref="fl-2"/>
      </object_component>
      <object_component id="oc-6a">
         <name>.text</name>
         <load_address>0x199a9</load_address>
         <run_address>0x199a9</run_address>
         <size>0x2a</size>
         <input_file_ref idref="fl-19"/>
      </object_component>
      <object_component id="oc-c1">
         <name>.text</name>
         <load_address>0x199d3</load_address>
         <run_address>0x199d3</run_address>
         <size>0x2a</size>
         <input_file_ref idref="fl-2d"/>
      </object_component>
      <object_component id="oc-9a">
         <name>.text</name>
         <load_address>0x199fd</load_address>
         <run_address>0x199fd</run_address>
         <size>0x23</size>
         <input_file_ref idref="fl-24"/>
      </object_component>
      <object_component id="oc-84">
         <name>.text</name>
         <load_address>0x19a20</load_address>
         <run_address>0x19a20</run_address>
         <size>0x1a</size>
         <input_file_ref idref="fl-1f"/>
      </object_component>
      <object_component id="oc-b2">
         <name>.text</name>
         <load_address>0x19a3a</load_address>
         <run_address>0x19a3a</run_address>
         <size>0x14</size>
         <input_file_ref idref="fl-2a"/>
      </object_component>
      <object_component id="oc-8c">
         <name>.text</name>
         <load_address>0x19a4e</load_address>
         <run_address>0x19a4e</run_address>
         <size>0x13</size>
         <input_file_ref idref="fl-21"/>
      </object_component>
      <object_component id="oc-40">
         <name>.text</name>
         <load_address>0x19a61</load_address>
         <run_address>0x19a61</run_address>
         <size>0x12</size>
         <input_file_ref idref="fl-f"/>
      </object_component>
      <object_component id="oc-a6">
         <name>.text</name>
         <load_address>0x19a73</load_address>
         <run_address>0x19a73</run_address>
         <size>0x10</size>
         <input_file_ref idref="fl-27"/>
      </object_component>
      <object_component id="oc-f2">
         <name>.text</name>
         <load_address>0x19a83</load_address>
         <run_address>0x19a83</run_address>
         <size>0xa</size>
         <input_file_ref idref="fl-38"/>
      </object_component>
      <object_component id="oc-34">
         <name>.text:CIO_breakpoint</name>
         <load_address>0x19a8d</load_address>
         <run_address>0x19a8d</run_address>
         <size>0x7</size>
         <input_file_ref idref="fl-c"/>
      </object_component>
      <object_component id="oc-142">
         <name>.text:_UserIdle</name>
         <load_address>0x19a94</load_address>
         <run_address>0x19a94</run_address>
         <size>0x6</size>
         <input_file_ref idref="fl-2"/>
      </object_component>
      <object_component id="oc-141">
         <name>.text:_UserAlgorithm</name>
         <load_address>0x19a9a</load_address>
         <run_address>0x19a9a</run_address>
         <size>0x2</size>
         <input_file_ref idref="fl-2"/>
      </object_component>
      <object_component id="oc-3b">
         <name>.text</name>
         <load_address>0x19a9c</load_address>
         <run_address>0x19a9c</run_address>
         <size>0x2</size>
         <input_file_ref idref="fl-e"/>
      </object_component>
      <object_component id="oc-135">
         <name>.switch:_DMA_config</name>
         <load_address>0x20810</load_address>
         <run_address>0x20810</run_address>
         <size>0x40</size>
         <input_file_ref idref="fl-39"/>
      </object_component>
      <object_component id="oc-136">
         <name>.switch:_DMA_getConfig</name>
         <load_address>0x20850</load_address>
         <run_address>0x20850</run_address>
         <size>0x40</size>
         <input_file_ref idref="fl-39"/>
      </object_component>
      <object_component id="oc-137">
         <name>.switch:_DMA_reset</name>
         <load_address>0x20890</load_address>
         <run_address>0x20890</run_address>
         <size>0x40</size>
         <input_file_ref idref="fl-39"/>
      </object_component>
      <object_component id="oc-138">
         <name>.switch:_SYS_setEBSR</name>
         <load_address>0x208d0</load_address>
         <run_address>0x208d0</run_address>
         <size>0x24</size>
         <input_file_ref idref="fl-40"/>
      </object_component>
      <object_component id="oc-93">
         <name>.cinit</name>
         <load_address>0x205e0</load_address>
         <run_address>0x205e0</run_address>
         <size>0x5a</size>
         <input_file_ref idref="fl-22"/>
      </object_component>
      <object_component id="oc-60">
         <name>.cinit</name>
         <load_address>0x2063a</load_address>
         <run_address>0x2063a</run_address>
         <size>0x54</size>
         <input_file_ref idref="fl-16"/>
      </object_component>
      <object_component id="oc-14">
         <name>.cinit</name>
         <load_address>0x2068e</load_address>
         <run_address>0x2068e</run_address>
         <size>0x2c</size>
         <input_file_ref idref="fl-2"/>
      </object_component>
      <object_component id="oc-43">
         <name>.cinit</name>
         <load_address>0x206ba</load_address>
         <run_address>0x206ba</run_address>
         <size>0x14</size>
         <input_file_ref idref="fl-f"/>
      </object_component>
      <object_component id="oc-33">
         <name>.cinit</name>
         <load_address>0x206ce</load_address>
         <run_address>0x206ce</run_address>
         <size>0x14</size>
         <input_file_ref idref="fl-c"/>
      </object_component>
      <object_component id="oc-109">
         <name>.cinit</name>
         <load_address>0x206e2</load_address>
         <run_address>0x206e2</run_address>
         <size>0x10</size>
         <input_file_ref idref="fl-3c"/>
      </object_component>
      <object_component id="oc-1e">
         <name>.cinit</name>
         <load_address>0x206f2</load_address>
         <run_address>0x206f2</run_address>
         <size>0xa</size>
         <input_file_ref idref="fl-3"/>
      </object_component>
      <object_component id="oc-e4">
         <name>.cinit</name>
         <load_address>0x206fc</load_address>
         <run_address>0x206fc</run_address>
         <size>0x8</size>
         <input_file_ref idref="fl-35"/>
      </object_component>
      <object_component id="oc-ea">
         <name>.cinit</name>
         <load_address>0x20704</load_address>
         <run_address>0x20704</run_address>
         <size>0x8</size>
         <input_file_ref idref="fl-36"/>
      </object_component>
      <object_component id="oc-12">
         <name>.bss</name>
         <uninitialized>true</uninitialized>
         <run_address>0x1da20</run_address>
         <size>0x1958</size>
         <input_file_ref idref="fl-2"/>
      </object_component>
      <object_component id="oc-1c">
         <name>.bss</name>
         <uninitialized>true</uninitialized>
         <run_address>0x1f9cc</run_address>
         <size>0x18</size>
         <input_file_ref idref="fl-3"/>
      </object_component>
      <object_component id="oc-27">
         <name>.bss</name>
         <uninitialized>true</uninitialized>
         <run_address>0x1f9b0</run_address>
         <size>0x1c</size>
         <input_file_ref idref="fl-5"/>
      </object_component>
      <object_component id="oc-31">
         <name>.bss</name>
         <uninitialized>true</uninitialized>
         <run_address>0x1f9f8</run_address>
         <size>0x8</size>
         <input_file_ref idref="fl-c"/>
      </object_component>
      <object_component id="oc-41">
         <name>.bss</name>
         <uninitialized>true</uninitialized>
         <run_address>0x1f9f0</run_address>
         <size>0x8</size>
         <input_file_ref idref="fl-f"/>
      </object_component>
      <object_component id="oc-5e">
         <name>.bss</name>
         <uninitialized>true</uninitialized>
         <run_address>0x1f378</run_address>
         <size>0x232</size>
         <input_file_ref idref="fl-16"/>
      </object_component>
      <object_component id="oc-91">
         <name>.bss</name>
         <uninitialized>true</uninitialized>
         <run_address>0x1f854</run_address>
         <size>0xe2</size>
         <input_file_ref idref="fl-22"/>
      </object_component>
      <object_component id="oc-b7">
         <name>.bss</name>
         <uninitialized>true</uninitialized>
         <run_address>0x1f5aa</run_address>
         <size>0x1a0</size>
         <input_file_ref idref="fl-2b"/>
      </object_component>
      <object_component id="oc-e2">
         <name>.bss</name>
         <uninitialized>true</uninitialized>
         <run_address>0x1f74a</run_address>
         <size>0x2</size>
         <input_file_ref idref="fl-35"/>
      </object_component>
      <object_component id="oc-e8">
         <name>.bss</name>
         <uninitialized>true</uninitialized>
         <run_address>0x1f9e4</run_address>
         <size>0xc</size>
         <input_file_ref idref="fl-36"/>
      </object_component>
      <object_component id="oc-101">
         <name>.bss</name>
         <uninitialized>true</uninitialized>
         <run_address>0x1f98c</run_address>
         <size>0x24</size>
         <input_file_ref idref="fl-3b"/>
      </object_component>
      <object_component id="oc-107">
         <name>.bss</name>
         <uninitialized>true</uninitialized>
         <run_address>0x1f936</run_address>
         <size>0x54</size>
         <input_file_ref idref="fl-3c"/>
      </object_component>
      <object_component id="oc-10e">
         <name>.bss</name>
         <uninitialized>true</uninitialized>
         <run_address>0x1f74c</run_address>
         <size>0x108</size>
         <input_file_ref idref="fl-3d"/>
      </object_component>
      <object_component id="oc-11e">
         <name>.bss</name>
         <uninitialized>true</uninitialized>
         <run_address>0x1fa00</run_address>
         <size>0x6</size>
         <input_file_ref idref="fl-40"/>
      </object_component>
      <object_component id="oc-18">
         <name>.const:.string</name>
         <load_address>0x1fa08</load_address>
         <run_address>0x1fa08</run_address>
         <size>0x5c0</size>
         <input_file_ref idref="fl-2"/>
      </object_component>
      <object_component id="oc-133">
         <name>.const:__ctypes_</name>
         <load_address>0x1ffc8</load_address>
         <run_address>0x1ffc8</run_address>
         <size>0x202</size>
         <input_file_ref idref="fl-15"/>
      </object_component>
      <object_component id="oc-23">
         <name>.const:.string</name>
         <load_address>0x201cc</load_address>
         <run_address>0x201cc</run_address>
         <size>0xa0</size>
         <input_file_ref idref="fl-4"/>
      </object_component>
      <object_component id="oc-139">
         <name>.const:_sine_750Hz_48kHzFs</name>
         <load_address>0x2026c</load_address>
         <run_address>0x2026c</run_address>
         <size>0x80</size>
         <input_file_ref idref="fl-2"/>
      </object_component>
      <object_component id="oc-49">
         <name>.const:.string</name>
         <load_address>0x202ec</load_address>
         <run_address>0x202ec</run_address>
         <size>0x48</size>
         <input_file_ref idref="fl-10"/>
      </object_component>
      <object_component id="oc-48">
         <name>.const</name>
         <load_address>0x20334</load_address>
         <run_address>0x20334</run_address>
         <size>0x18</size>
         <input_file_ref idref="fl-10"/>
      </object_component>
      <object_component id="oc-134">
         <name>.const:_initial_approx$1</name>
         <load_address>0x2034c</load_address>
         <run_address>0x2034c</run_address>
         <size>0x10</size>
         <input_file_ref idref="fl-17"/>
      </object_component>
      <object_component id="oc-119">
         <name>.const</name>
         <load_address>0x2035c</load_address>
         <run_address>0x2035c</run_address>
         <size>0x8</size>
         <input_file_ref idref="fl-3f"/>
      </object_component>
      <object_component id="oc-148">
         <name>.const:_pllCfg_100MHz</name>
         <load_address>0x20364</load_address>
         <run_address>0x20364</run_address>
         <size>0x8</size>
         <input_file_ref idref="fl-5"/>
      </object_component>
      <object_component id="oc-149">
         <name>.const:_pllCfg_150MHz</name>
         <load_address>0x2036c</load_address>
         <run_address>0x2036c</run_address>
         <size>0x8</size>
         <input_file_ref idref="fl-5"/>
      </object_component>
      <object_component id="oc-14a">
         <name>.const:_pllCfg_175MHz</name>
         <load_address>0x20374</load_address>
         <run_address>0x20374</run_address>
         <size>0x8</size>
         <input_file_ref idref="fl-5"/>
      </object_component>
      <object_component id="oc-14b">
         <name>.const:_pllCfg_200MHz</name>
         <load_address>0x2037c</load_address>
         <run_address>0x2037c</run_address>
         <size>0x8</size>
         <input_file_ref idref="fl-5"/>
      </object_component>
      <object_component id="oc-146">
         <name>.const:_pllCfg_25MHz</name>
         <load_address>0x20384</load_address>
         <run_address>0x20384</run_address>
         <size>0x8</size>
         <input_file_ref idref="fl-5"/>
      </object_component>
      <object_component id="oc-147">
         <name>.const:_pllCfg_50MHz</name>
         <load_address>0x2038c</load_address>
         <run_address>0x2038c</run_address>
         <size>0x8</size>
         <input_file_ref idref="fl-5"/>
      </object_component>
      <object_component id="oc-7d">
         <name>.const:.string</name>
         <load_address>0x20394</load_address>
         <run_address>0x20394</run_address>
         <size>0x4</size>
         <input_file_ref idref="fl-1d"/>
      </object_component>
      <object_component id="oc-74">
         <name>.const</name>
         <load_address>0x20398</load_address>
         <run_address>0x20398</run_address>
         <size>0x4</size>
         <input_file_ref idref="fl-1b"/>
      </object_component>
      <object_component id="oc-12e">
         <name>.const</name>
         <load_address>0x2039c</load_address>
         <run_address>0x2039c</run_address>
         <size>0x4</size>
         <input_file_ref idref="fl-56"/>
      </object_component>
      <object_component id="oc-2c">
         <name>.stack</name>
         <uninitialized>true</uninitialized>
         <run_address>0x4000</run_address>
         <size>0x0</size>
         <input_file_ref idref="fl-b"/>
      </object_component>
      <object_component id="oc-166">
         <name>.stack</name>
         <uninitialized>true</uninitialized>
         <run_address>0x4000</run_address>
         <size>0x0</size>
      </object_component>
      <object_component id="oc-131">
         <name>.sysstack</name>
         <uninitialized>true</uninitialized>
         <run_address>0x5000</run_address>
         <size>0x0</size>
         <input_file_ref idref="fl-b"/>
      </object_component>
      <object_component id="oc-168">
         <name>.sysstack</name>
         <uninitialized>true</uninitialized>
         <run_address>0x5000</run_address>
         <size>0x0</size>
      </object_component>
      <object_component id="oc-eb">
         <name>.sysmem</name>
         <uninitialized>true</uninitialized>
         <run_address>0x19aa0</run_address>
         <size>0x0</size>
         <input_file_ref idref="fl-36"/>
      </object_component>
      <object_component id="oc-167">
         <name>.sysmem</name>
         <uninitialized>true</uninitialized>
         <run_address>0x19aa0</run_address>
         <size>0x0</size>
      </object_component>
      <object_component id="oc-bd">
         <name>.cio</name>
         <uninitialized>true</uninitialized>
         <run_address>0x203a0</run_address>
         <size>0x240</size>
         <input_file_ref idref="fl-2c"/>
      </object_component>
      <object_component id="oc-15">
         <name>.inputDataBufLeft</name>
         <uninitialized>true</uninitialized>
         <run_address>0xc000</run_address>
         <size>0x780</size>
         <input_file_ref idref="fl-2"/>
      </object_component>
      <object_component id="oc-16">
         <name>.inputDataBufRight</name>
         <uninitialized>true</uninitialized>
         <run_address>0xc780</run_address>
         <size>0x780</size>
         <input_file_ref idref="fl-2"/>
      </object_component>
      <object_component id="oc-13">
         <name>.debug_info</name>
         <load_address>0x0</load_address>
         <run_address>0x0</run_address>
         <size>0x3b2d</size>
         <input_file_ref idref="fl-2"/>
      </object_component>
      <object_component id="oc-1d">
         <name>.debug_info</name>
         <load_address>0x3b2d</load_address>
         <run_address>0x3b2d</run_address>
         <size>0x1ea7</size>
         <input_file_ref idref="fl-3"/>
      </object_component>
      <object_component id="oc-22">
         <name>.debug_info</name>
         <load_address>0x59d4</load_address>
         <run_address>0x59d4</run_address>
         <size>0xe24</size>
         <input_file_ref idref="fl-4"/>
      </object_component>
      <object_component id="oc-28">
         <name>.debug_info</name>
         <load_address>0x67f8</load_address>
         <run_address>0x67f8</run_address>
         <size>0x1246</size>
         <input_file_ref idref="fl-5"/>
      </object_component>
      <object_component id="oc-2d">
         <name>.debug_info</name>
         <load_address>0x7a3e</load_address>
         <run_address>0x7a3e</run_address>
         <size>0xe8</size>
         <input_file_ref idref="fl-b"/>
      </object_component>
      <object_component id="oc-32">
         <name>.debug_info</name>
         <load_address>0x7b26</load_address>
         <run_address>0x7b26</run_address>
         <size>0x5fb</size>
         <input_file_ref idref="fl-c"/>
      </object_component>
      <object_component id="oc-38">
         <name>.debug_info</name>
         <load_address>0x8121</load_address>
         <run_address>0x8121</run_address>
         <size>0x76c</size>
         <input_file_ref idref="fl-d"/>
      </object_component>
      <object_component id="oc-3d">
         <name>.debug_info</name>
         <load_address>0x888d</load_address>
         <run_address>0x888d</run_address>
         <size>0xbc</size>
         <input_file_ref idref="fl-e"/>
      </object_component>
      <object_component id="oc-42">
         <name>.debug_info</name>
         <load_address>0x8949</load_address>
         <run_address>0x8949</run_address>
         <size>0x5bc</size>
         <input_file_ref idref="fl-f"/>
      </object_component>
      <object_component id="oc-47">
         <name>.debug_info</name>
         <load_address>0x8f05</load_address>
         <run_address>0x8f05</run_address>
         <size>0x27bd</size>
         <input_file_ref idref="fl-10"/>
      </object_component>
      <object_component id="oc-4d">
         <name>.debug_info</name>
         <load_address>0xb6c2</load_address>
         <run_address>0xb6c2</run_address>
         <size>0x586</size>
         <input_file_ref idref="fl-11"/>
      </object_component>
      <object_component id="oc-51">
         <name>.debug_info</name>
         <load_address>0xbc48</load_address>
         <run_address>0xbc48</run_address>
         <size>0x5a4</size>
         <input_file_ref idref="fl-12"/>
      </object_component>
      <object_component id="oc-55">
         <name>.debug_info</name>
         <load_address>0xc1ec</load_address>
         <run_address>0xc1ec</run_address>
         <size>0xcd</size>
         <input_file_ref idref="fl-13"/>
      </object_component>
      <object_component id="oc-59">
         <name>.debug_info</name>
         <load_address>0xc2b9</load_address>
         <run_address>0xc2b9</run_address>
         <size>0x81f</size>
         <input_file_ref idref="fl-14"/>
      </object_component>
      <object_component id="oc-5c">
         <name>.debug_info</name>
         <load_address>0xcad8</load_address>
         <run_address>0xcad8</run_address>
         <size>0x498</size>
         <input_file_ref idref="fl-15"/>
      </object_component>
      <object_component id="oc-5f">
         <name>.debug_info</name>
         <load_address>0xcf70</load_address>
         <run_address>0xcf70</run_address>
         <size>0x57e</size>
         <input_file_ref idref="fl-16"/>
      </object_component>
      <object_component id="oc-63">
         <name>.debug_info</name>
         <load_address>0xd4ee</load_address>
         <run_address>0xd4ee</run_address>
         <size>0x7e8</size>
         <input_file_ref idref="fl-17"/>
      </object_component>
      <object_component id="oc-67">
         <name>.debug_info</name>
         <load_address>0xdcd6</load_address>
         <run_address>0xdcd6</run_address>
         <size>0x534</size>
         <input_file_ref idref="fl-18"/>
      </object_component>
      <object_component id="oc-6b">
         <name>.debug_info</name>
         <load_address>0xe20a</load_address>
         <run_address>0xe20a</run_address>
         <size>0x4cf</size>
         <input_file_ref idref="fl-19"/>
      </object_component>
      <object_component id="oc-6f">
         <name>.debug_info</name>
         <load_address>0xe6d9</load_address>
         <run_address>0xe6d9</run_address>
         <size>0x534</size>
         <input_file_ref idref="fl-1a"/>
      </object_component>
      <object_component id="oc-73">
         <name>.debug_info</name>
         <load_address>0xec0d</load_address>
         <run_address>0xec0d</run_address>
         <size>0x549</size>
         <input_file_ref idref="fl-1b"/>
      </object_component>
      <object_component id="oc-78">
         <name>.debug_info</name>
         <load_address>0xf156</load_address>
         <run_address>0xf156</run_address>
         <size>0x6aa</size>
         <input_file_ref idref="fl-1c"/>
      </object_component>
      <object_component id="oc-7c">
         <name>.debug_info</name>
         <load_address>0xf800</load_address>
         <run_address>0xf800</run_address>
         <size>0x942</size>
         <input_file_ref idref="fl-1d"/>
      </object_component>
      <object_component id="oc-81">
         <name>.debug_info</name>
         <load_address>0x10142</load_address>
         <run_address>0x10142</run_address>
         <size>0x53e</size>
         <input_file_ref idref="fl-1e"/>
      </object_component>
      <object_component id="oc-85">
         <name>.debug_info</name>
         <load_address>0x10680</load_address>
         <run_address>0x10680</run_address>
         <size>0x680</size>
         <input_file_ref idref="fl-1f"/>
      </object_component>
      <object_component id="oc-89">
         <name>.debug_info</name>
         <load_address>0x10d00</load_address>
         <run_address>0x10d00</run_address>
         <size>0x7d4</size>
         <input_file_ref idref="fl-20"/>
      </object_component>
      <object_component id="oc-8d">
         <name>.debug_info</name>
         <load_address>0x114d4</load_address>
         <run_address>0x114d4</run_address>
         <size>0xbd</size>
         <input_file_ref idref="fl-21"/>
      </object_component>
      <object_component id="oc-92">
         <name>.debug_info</name>
         <load_address>0x11591</load_address>
         <run_address>0x11591</run_address>
         <size>0x144b</size>
         <input_file_ref idref="fl-22"/>
      </object_component>
      <object_component id="oc-97">
         <name>.debug_info</name>
         <load_address>0x129dc</load_address>
         <run_address>0x129dc</run_address>
         <size>0x5ad</size>
         <input_file_ref idref="fl-23"/>
      </object_component>
      <object_component id="oc-9b">
         <name>.debug_info</name>
         <load_address>0x12f89</load_address>
         <run_address>0x12f89</run_address>
         <size>0x574</size>
         <input_file_ref idref="fl-24"/>
      </object_component>
      <object_component id="oc-9f">
         <name>.debug_info</name>
         <load_address>0x134fd</load_address>
         <run_address>0x134fd</run_address>
         <size>0xd1</size>
         <input_file_ref idref="fl-25"/>
      </object_component>
      <object_component id="oc-a3">
         <name>.debug_info</name>
         <load_address>0x135ce</load_address>
         <run_address>0x135ce</run_address>
         <size>0x55b</size>
         <input_file_ref idref="fl-26"/>
      </object_component>
      <object_component id="oc-a7">
         <name>.debug_info</name>
         <load_address>0x13b29</load_address>
         <run_address>0x13b29</run_address>
         <size>0x4b7</size>
         <input_file_ref idref="fl-27"/>
      </object_component>
      <object_component id="oc-ab">
         <name>.debug_info</name>
         <load_address>0x13fe0</load_address>
         <run_address>0x13fe0</run_address>
         <size>0x4f2</size>
         <input_file_ref idref="fl-28"/>
      </object_component>
      <object_component id="oc-af">
         <name>.debug_info</name>
         <load_address>0x144d2</load_address>
         <run_address>0x144d2</run_address>
         <size>0x534</size>
         <input_file_ref idref="fl-29"/>
      </object_component>
      <object_component id="oc-b3">
         <name>.debug_info</name>
         <load_address>0x14a06</load_address>
         <run_address>0x14a06</run_address>
         <size>0x4de</size>
         <input_file_ref idref="fl-2a"/>
      </object_component>
      <object_component id="oc-b8">
         <name>.debug_info</name>
         <load_address>0x14ee4</load_address>
         <run_address>0x14ee4</run_address>
         <size>0xed4</size>
         <input_file_ref idref="fl-2b"/>
      </object_component>
      <object_component id="oc-bc">
         <name>.debug_info</name>
         <load_address>0x15db8</load_address>
         <run_address>0x15db8</run_address>
         <size>0x744</size>
         <input_file_ref idref="fl-2c"/>
      </object_component>
      <object_component id="oc-c2">
         <name>.debug_info</name>
         <load_address>0x164fc</load_address>
         <run_address>0x164fc</run_address>
         <size>0xef</size>
         <input_file_ref idref="fl-2d"/>
      </object_component>
      <object_component id="oc-c6">
         <name>.debug_info</name>
         <load_address>0x165eb</load_address>
         <run_address>0x165eb</run_address>
         <size>0x662</size>
         <input_file_ref idref="fl-2e"/>
      </object_component>
      <object_component id="oc-ca">
         <name>.debug_info</name>
         <load_address>0x16c4d</load_address>
         <run_address>0x16c4d</run_address>
         <size>0x5ab</size>
         <input_file_ref idref="fl-2f"/>
      </object_component>
      <object_component id="oc-ce">
         <name>.debug_info</name>
         <load_address>0x171f8</load_address>
         <run_address>0x171f8</run_address>
         <size>0x4f2</size>
         <input_file_ref idref="fl-30"/>
      </object_component>
      <object_component id="oc-d2">
         <name>.debug_info</name>
         <load_address>0x176ea</load_address>
         <run_address>0x176ea</run_address>
         <size>0x706</size>
         <input_file_ref idref="fl-31"/>
      </object_component>
      <object_component id="oc-d6">
         <name>.debug_info</name>
         <load_address>0x17df0</load_address>
         <run_address>0x17df0</run_address>
         <size>0x4d2</size>
         <input_file_ref idref="fl-32"/>
      </object_component>
      <object_component id="oc-da">
         <name>.debug_info</name>
         <load_address>0x182c2</load_address>
         <run_address>0x182c2</run_address>
         <size>0x5f7</size>
         <input_file_ref idref="fl-33"/>
      </object_component>
      <object_component id="oc-de">
         <name>.debug_info</name>
         <load_address>0x188b9</load_address>
         <run_address>0x188b9</run_address>
         <size>0x64a</size>
         <input_file_ref idref="fl-34"/>
      </object_component>
      <object_component id="oc-e3">
         <name>.debug_info</name>
         <load_address>0x18f03</load_address>
         <run_address>0x18f03</run_address>
         <size>0xa1c</size>
         <input_file_ref idref="fl-35"/>
      </object_component>
      <object_component id="oc-e9">
         <name>.debug_info</name>
         <load_address>0x1991f</load_address>
         <run_address>0x1991f</run_address>
         <size>0xb97</size>
         <input_file_ref idref="fl-36"/>
      </object_component>
      <object_component id="oc-ef">
         <name>.debug_info</name>
         <load_address>0x1a4b6</load_address>
         <run_address>0x1a4b6</run_address>
         <size>0x64f</size>
         <input_file_ref idref="fl-37"/>
      </object_component>
      <object_component id="oc-f3">
         <name>.debug_info</name>
         <load_address>0x1ab05</load_address>
         <run_address>0x1ab05</run_address>
         <size>0x510</size>
         <input_file_ref idref="fl-38"/>
      </object_component>
      <object_component id="oc-f7">
         <name>.debug_info</name>
         <load_address>0x1b015</load_address>
         <run_address>0x1b015</run_address>
         <size>0x2f4a</size>
         <input_file_ref idref="fl-39"/>
      </object_component>
      <object_component id="oc-fc">
         <name>.debug_info</name>
         <load_address>0x1df5f</load_address>
         <run_address>0x1df5f</run_address>
         <size>0x1da7</size>
         <input_file_ref idref="fl-3a"/>
      </object_component>
      <object_component id="oc-102">
         <name>.debug_info</name>
         <load_address>0x1fd06</load_address>
         <run_address>0x1fd06</run_address>
         <size>0x3240</size>
         <input_file_ref idref="fl-3b"/>
      </object_component>
      <object_component id="oc-108">
         <name>.debug_info</name>
         <load_address>0x22f46</load_address>
         <run_address>0x22f46</run_address>
         <size>0x2878</size>
         <input_file_ref idref="fl-3c"/>
      </object_component>
      <object_component id="oc-10f">
         <name>.debug_info</name>
         <load_address>0x257be</load_address>
         <run_address>0x257be</run_address>
         <size>0x22ea</size>
         <input_file_ref idref="fl-3d"/>
      </object_component>
      <object_component id="oc-114">
         <name>.debug_info</name>
         <load_address>0x27aa8</load_address>
         <run_address>0x27aa8</run_address>
         <size>0x21d</size>
         <input_file_ref idref="fl-3e"/>
      </object_component>
      <object_component id="oc-118">
         <name>.debug_info</name>
         <load_address>0x27cc5</load_address>
         <run_address>0x27cc5</run_address>
         <size>0x18bc</size>
         <input_file_ref idref="fl-3f"/>
      </object_component>
      <object_component id="oc-11f">
         <name>.debug_info</name>
         <load_address>0x29581</load_address>
         <run_address>0x29581</run_address>
         <size>0x136d</size>
         <input_file_ref idref="fl-40"/>
      </object_component>
      <object_component id="oc-125">
         <name>.debug_info</name>
         <load_address>0x2a8ee</load_address>
         <run_address>0x2a8ee</run_address>
         <size>0x262</size>
         <input_file_ref idref="fl-41"/>
      </object_component>
      <object_component id="oc-129">
         <name>.debug_info</name>
         <load_address>0x2ab50</load_address>
         <run_address>0x2ab50</run_address>
         <size>0x534</size>
         <input_file_ref idref="fl-55"/>
      </object_component>
      <object_component id="oc-12d">
         <name>.debug_info</name>
         <load_address>0x2b084</load_address>
         <run_address>0x2b084</run_address>
         <size>0x549</size>
         <input_file_ref idref="fl-56"/>
      </object_component>
      <object_component id="oc-16a">
         <name>.debug_info</name>
         <load_address>0x2b5cd</load_address>
         <run_address>0x2b5cd</run_address>
         <size>0x6e</size>
      </object_component>
      <object_component id="oc-19">
         <name>.debug_frame</name>
         <load_address>0x0</load_address>
         <run_address>0x0</run_address>
         <size>0x1de</size>
         <input_file_ref idref="fl-2"/>
      </object_component>
      <object_component id="oc-1f">
         <name>.debug_frame</name>
         <load_address>0x1de</load_address>
         <run_address>0x1de</run_address>
         <size>0x103</size>
         <input_file_ref idref="fl-3"/>
      </object_component>
      <object_component id="oc-24">
         <name>.debug_frame</name>
         <load_address>0x2e1</load_address>
         <run_address>0x2e1</run_address>
         <size>0x103</size>
         <input_file_ref idref="fl-4"/>
      </object_component>
      <object_component id="oc-29">
         <name>.debug_frame</name>
         <load_address>0x3e4</load_address>
         <run_address>0x3e4</run_address>
         <size>0x103</size>
         <input_file_ref idref="fl-5"/>
      </object_component>
      <object_component id="oc-f8">
         <name>.debug_frame</name>
         <load_address>0x4e7</load_address>
         <run_address>0x4e7</run_address>
         <size>0x1e6</size>
         <input_file_ref idref="fl-39"/>
      </object_component>
      <object_component id="oc-fd">
         <name>.debug_frame</name>
         <load_address>0x6cd</load_address>
         <run_address>0x6cd</run_address>
         <size>0x224</size>
         <input_file_ref idref="fl-3a"/>
      </object_component>
      <object_component id="oc-103">
         <name>.debug_frame</name>
         <load_address>0x8f1</load_address>
         <run_address>0x8f1</run_address>
         <size>0x1ef</size>
         <input_file_ref idref="fl-3b"/>
      </object_component>
      <object_component id="oc-10a">
         <name>.debug_frame</name>
         <load_address>0xae0</load_address>
         <run_address>0xae0</run_address>
         <size>0x196</size>
         <input_file_ref idref="fl-3c"/>
      </object_component>
      <object_component id="oc-110">
         <name>.debug_frame</name>
         <load_address>0xc76</load_address>
         <run_address>0xc76</run_address>
         <size>0x2a1</size>
         <input_file_ref idref="fl-3d"/>
      </object_component>
      <object_component id="oc-11a">
         <name>.debug_frame</name>
         <load_address>0xf17</load_address>
         <run_address>0xf17</run_address>
         <size>0x176</size>
         <input_file_ref idref="fl-3f"/>
      </object_component>
      <object_component id="oc-120">
         <name>.debug_frame</name>
         <load_address>0x108d</load_address>
         <run_address>0x108d</run_address>
         <size>0x11f</size>
         <input_file_ref idref="fl-40"/>
      </object_component>
      <object_component id="oc-1a">
         <name>.debug_line</name>
         <load_address>0x0</load_address>
         <run_address>0x0</run_address>
         <size>0x2ad</size>
         <input_file_ref idref="fl-2"/>
      </object_component>
      <object_component id="oc-20">
         <name>.debug_line</name>
         <load_address>0x2ad</load_address>
         <run_address>0x2ad</run_address>
         <size>0x33e</size>
         <input_file_ref idref="fl-3"/>
      </object_component>
      <object_component id="oc-25">
         <name>.debug_line</name>
         <load_address>0x5eb</load_address>
         <run_address>0x5eb</run_address>
         <size>0x124</size>
         <input_file_ref idref="fl-4"/>
      </object_component>
      <object_component id="oc-2a">
         <name>.debug_line</name>
         <load_address>0x70f</load_address>
         <run_address>0x70f</run_address>
         <size>0x177</size>
         <input_file_ref idref="fl-5"/>
      </object_component>
      <object_component id="oc-2e">
         <name>.debug_line</name>
         <load_address>0x886</load_address>
         <run_address>0x886</run_address>
         <size>0x54</size>
         <input_file_ref idref="fl-b"/>
      </object_component>
      <object_component id="oc-35">
         <name>.debug_line</name>
         <load_address>0x8da</load_address>
         <run_address>0x8da</run_address>
         <size>0x51</size>
         <input_file_ref idref="fl-c"/>
      </object_component>
      <object_component id="oc-39">
         <name>.debug_line</name>
         <load_address>0x92b</load_address>
         <run_address>0x92b</run_address>
         <size>0x69</size>
         <input_file_ref idref="fl-d"/>
      </object_component>
      <object_component id="oc-3e">
         <name>.debug_line</name>
         <load_address>0x994</load_address>
         <run_address>0x994</run_address>
         <size>0x37</size>
         <input_file_ref idref="fl-e"/>
      </object_component>
      <object_component id="oc-44">
         <name>.debug_line</name>
         <load_address>0x9cb</load_address>
         <run_address>0x9cb</run_address>
         <size>0x57</size>
         <input_file_ref idref="fl-f"/>
      </object_component>
      <object_component id="oc-4a">
         <name>.debug_line</name>
         <load_address>0xa22</load_address>
         <run_address>0xa22</run_address>
         <size>0x328</size>
         <input_file_ref idref="fl-10"/>
      </object_component>
      <object_component id="oc-4e">
         <name>.debug_line</name>
         <load_address>0xd4a</load_address>
         <run_address>0xd4a</run_address>
         <size>0x41</size>
         <input_file_ref idref="fl-11"/>
      </object_component>
      <object_component id="oc-52">
         <name>.debug_line</name>
         <load_address>0xd8b</load_address>
         <run_address>0xd8b</run_address>
         <size>0x46</size>
         <input_file_ref idref="fl-12"/>
      </object_component>
      <object_component id="oc-56">
         <name>.debug_line</name>
         <load_address>0xdd1</load_address>
         <run_address>0xdd1</run_address>
         <size>0x55</size>
         <input_file_ref idref="fl-13"/>
      </object_component>
      <object_component id="oc-5a">
         <name>.debug_line</name>
         <load_address>0xe26</load_address>
         <run_address>0xe26</run_address>
         <size>0xad</size>
         <input_file_ref idref="fl-14"/>
      </object_component>
      <object_component id="oc-64">
         <name>.debug_line</name>
         <load_address>0xed3</load_address>
         <run_address>0xed3</run_address>
         <size>0x5b</size>
         <input_file_ref idref="fl-17"/>
      </object_component>
      <object_component id="oc-68">
         <name>.debug_line</name>
         <load_address>0xf2e</load_address>
         <run_address>0xf2e</run_address>
         <size>0x44</size>
         <input_file_ref idref="fl-18"/>
      </object_component>
      <object_component id="oc-6c">
         <name>.debug_line</name>
         <load_address>0xf72</load_address>
         <run_address>0xf72</run_address>
         <size>0x3d</size>
         <input_file_ref idref="fl-19"/>
      </object_component>
      <object_component id="oc-70">
         <name>.debug_line</name>
         <load_address>0xfaf</load_address>
         <run_address>0xfaf</run_address>
         <size>0x3d</size>
         <input_file_ref idref="fl-1a"/>
      </object_component>
      <object_component id="oc-75">
         <name>.debug_line</name>
         <load_address>0xfec</load_address>
         <run_address>0xfec</run_address>
         <size>0x44</size>
         <input_file_ref idref="fl-1b"/>
      </object_component>
      <object_component id="oc-79">
         <name>.debug_line</name>
         <load_address>0x1030</load_address>
         <run_address>0x1030</run_address>
         <size>0x56</size>
         <input_file_ref idref="fl-1c"/>
      </object_component>
      <object_component id="oc-7e">
         <name>.debug_line</name>
         <load_address>0x1086</load_address>
         <run_address>0x1086</run_address>
         <size>0xa8</size>
         <input_file_ref idref="fl-1d"/>
      </object_component>
      <object_component id="oc-82">
         <name>.debug_line</name>
         <load_address>0x112e</load_address>
         <run_address>0x112e</run_address>
         <size>0x40</size>
         <input_file_ref idref="fl-1e"/>
      </object_component>
      <object_component id="oc-86">
         <name>.debug_line</name>
         <load_address>0x116e</load_address>
         <run_address>0x116e</run_address>
         <size>0x38</size>
         <input_file_ref idref="fl-1f"/>
      </object_component>
      <object_component id="oc-8a">
         <name>.debug_line</name>
         <load_address>0x11a6</load_address>
         <run_address>0x11a6</run_address>
         <size>0xa8</size>
         <input_file_ref idref="fl-20"/>
      </object_component>
      <object_component id="oc-8e">
         <name>.debug_line</name>
         <load_address>0x124e</load_address>
         <run_address>0x124e</run_address>
         <size>0x3c</size>
         <input_file_ref idref="fl-21"/>
      </object_component>
      <object_component id="oc-94">
         <name>.debug_line</name>
         <load_address>0x128a</load_address>
         <run_address>0x128a</run_address>
         <size>0x1b0</size>
         <input_file_ref idref="fl-22"/>
      </object_component>
      <object_component id="oc-98">
         <name>.debug_line</name>
         <load_address>0x143a</load_address>
         <run_address>0x143a</run_address>
         <size>0x40</size>
         <input_file_ref idref="fl-23"/>
      </object_component>
      <object_component id="oc-9c">
         <name>.debug_line</name>
         <load_address>0x147a</load_address>
         <run_address>0x147a</run_address>
         <size>0x3c</size>
         <input_file_ref idref="fl-24"/>
      </object_component>
      <object_component id="oc-a0">
         <name>.debug_line</name>
         <load_address>0x14b6</load_address>
         <run_address>0x14b6</run_address>
         <size>0x4d</size>
         <input_file_ref idref="fl-25"/>
      </object_component>
      <object_component id="oc-a4">
         <name>.debug_line</name>
         <load_address>0x1503</load_address>
         <run_address>0x1503</run_address>
         <size>0x3c</size>
         <input_file_ref idref="fl-26"/>
      </object_component>
      <object_component id="oc-a8">
         <name>.debug_line</name>
         <load_address>0x153f</load_address>
         <run_address>0x153f</run_address>
         <size>0x37</size>
         <input_file_ref idref="fl-27"/>
      </object_component>
      <object_component id="oc-ac">
         <name>.debug_line</name>
         <load_address>0x1576</load_address>
         <run_address>0x1576</run_address>
         <size>0x3c</size>
         <input_file_ref idref="fl-28"/>
      </object_component>
      <object_component id="oc-b0">
         <name>.debug_line</name>
         <load_address>0x15b2</load_address>
         <run_address>0x15b2</run_address>
         <size>0x44</size>
         <input_file_ref idref="fl-29"/>
      </object_component>
      <object_component id="oc-b4">
         <name>.debug_line</name>
         <load_address>0x15f6</load_address>
         <run_address>0x15f6</run_address>
         <size>0x37</size>
         <input_file_ref idref="fl-2a"/>
      </object_component>
      <object_component id="oc-b9">
         <name>.debug_line</name>
         <load_address>0x162d</load_address>
         <run_address>0x162d</run_address>
         <size>0x15d</size>
         <input_file_ref idref="fl-2b"/>
      </object_component>
      <object_component id="oc-bf">
         <name>.debug_line</name>
         <load_address>0x178a</load_address>
         <run_address>0x178a</run_address>
         <size>0x6a</size>
         <input_file_ref idref="fl-2c"/>
      </object_component>
      <object_component id="oc-c3">
         <name>.debug_line</name>
         <load_address>0x17f4</load_address>
         <run_address>0x17f4</run_address>
         <size>0x58</size>
         <input_file_ref idref="fl-2d"/>
      </object_component>
      <object_component id="oc-c7">
         <name>.debug_line</name>
         <load_address>0x184c</load_address>
         <run_address>0x184c</run_address>
         <size>0x57</size>
         <input_file_ref idref="fl-2e"/>
      </object_component>
      <object_component id="oc-cb">
         <name>.debug_line</name>
         <load_address>0x18a3</load_address>
         <run_address>0x18a3</run_address>
         <size>0x5c</size>
         <input_file_ref idref="fl-2f"/>
      </object_component>
      <object_component id="oc-cf">
         <name>.debug_line</name>
         <load_address>0x18ff</load_address>
         <run_address>0x18ff</run_address>
         <size>0x3c</size>
         <input_file_ref idref="fl-30"/>
      </object_component>
      <object_component id="oc-d3">
         <name>.debug_line</name>
         <load_address>0x193b</load_address>
         <run_address>0x193b</run_address>
         <size>0x5b</size>
         <input_file_ref idref="fl-31"/>
      </object_component>
      <object_component id="oc-d7">
         <name>.debug_line</name>
         <load_address>0x1996</load_address>
         <run_address>0x1996</run_address>
         <size>0x3a</size>
         <input_file_ref idref="fl-32"/>
      </object_component>
      <object_component id="oc-db">
         <name>.debug_line</name>
         <load_address>0x19d0</load_address>
         <run_address>0x19d0</run_address>
         <size>0x3c</size>
         <input_file_ref idref="fl-33"/>
      </object_component>
      <object_component id="oc-df">
         <name>.debug_line</name>
         <load_address>0x1a0c</load_address>
         <run_address>0x1a0c</run_address>
         <size>0x3f</size>
         <input_file_ref idref="fl-34"/>
      </object_component>
      <object_component id="oc-e5">
         <name>.debug_line</name>
         <load_address>0x1a4b</load_address>
         <run_address>0x1a4b</run_address>
         <size>0xd7</size>
         <input_file_ref idref="fl-35"/>
      </object_component>
      <object_component id="oc-ec">
         <name>.debug_line</name>
         <load_address>0x1b22</load_address>
         <run_address>0x1b22</run_address>
         <size>0x112</size>
         <input_file_ref idref="fl-36"/>
      </object_component>
      <object_component id="oc-f0">
         <name>.debug_line</name>
         <load_address>0x1c34</load_address>
         <run_address>0x1c34</run_address>
         <size>0x3d</size>
         <input_file_ref idref="fl-37"/>
      </object_component>
      <object_component id="oc-f4">
         <name>.debug_line</name>
         <load_address>0x1c71</load_address>
         <run_address>0x1c71</run_address>
         <size>0x39</size>
         <input_file_ref idref="fl-38"/>
      </object_component>
      <object_component id="oc-f9">
         <name>.debug_line</name>
         <load_address>0x1caa</load_address>
         <run_address>0x1caa</run_address>
         <size>0xd40</size>
         <input_file_ref idref="fl-39"/>
      </object_component>
      <object_component id="oc-fe">
         <name>.debug_line</name>
         <load_address>0x29ea</load_address>
         <run_address>0x29ea</run_address>
         <size>0x2e9</size>
         <input_file_ref idref="fl-3a"/>
      </object_component>
      <object_component id="oc-104">
         <name>.debug_line</name>
         <load_address>0x2cd3</load_address>
         <run_address>0x2cd3</run_address>
         <size>0x557</size>
         <input_file_ref idref="fl-3b"/>
      </object_component>
      <object_component id="oc-10b">
         <name>.debug_line</name>
         <load_address>0x322a</load_address>
         <run_address>0x322a</run_address>
         <size>0x478</size>
         <input_file_ref idref="fl-3c"/>
      </object_component>
      <object_component id="oc-111">
         <name>.debug_line</name>
         <load_address>0x36a2</load_address>
         <run_address>0x36a2</run_address>
         <size>0x32d</size>
         <input_file_ref idref="fl-3d"/>
      </object_component>
      <object_component id="oc-115">
         <name>.debug_line</name>
         <load_address>0x39cf</load_address>
         <run_address>0x39cf</run_address>
         <size>0xdb</size>
         <input_file_ref idref="fl-3e"/>
      </object_component>
      <object_component id="oc-11b">
         <name>.debug_line</name>
         <load_address>0x3aaa</load_address>
         <run_address>0x3aaa</run_address>
         <size>0x1f4</size>
         <input_file_ref idref="fl-3f"/>
      </object_component>
      <object_component id="oc-121">
         <name>.debug_line</name>
         <load_address>0x3c9e</load_address>
         <run_address>0x3c9e</run_address>
         <size>0x1f4</size>
         <input_file_ref idref="fl-40"/>
      </object_component>
      <object_component id="oc-126">
         <name>.debug_line</name>
         <load_address>0x3e92</load_address>
         <run_address>0x3e92</run_address>
         <size>0xd7</size>
         <input_file_ref idref="fl-41"/>
      </object_component>
      <object_component id="oc-12a">
         <name>.debug_line</name>
         <load_address>0x3f69</load_address>
         <run_address>0x3f69</run_address>
         <size>0x3d</size>
         <input_file_ref idref="fl-55"/>
      </object_component>
      <object_component id="oc-12f">
         <name>.debug_line</name>
         <load_address>0x3fa6</load_address>
         <run_address>0x3fa6</run_address>
         <size>0x44</size>
         <input_file_ref idref="fl-56"/>
      </object_component>
      <object_component id="oc-1b">
         <name>.debug_abbrev</name>
         <load_address>0x0</load_address>
         <run_address>0x0</run_address>
         <size>0x214</size>
         <input_file_ref idref="fl-2"/>
      </object_component>
      <object_component id="oc-21">
         <name>.debug_abbrev</name>
         <load_address>0x214</load_address>
         <run_address>0x214</run_address>
         <size>0x1c8</size>
         <input_file_ref idref="fl-3"/>
      </object_component>
      <object_component id="oc-26">
         <name>.debug_abbrev</name>
         <load_address>0x3dc</load_address>
         <run_address>0x3dc</run_address>
         <size>0x16f</size>
         <input_file_ref idref="fl-4"/>
      </object_component>
      <object_component id="oc-2b">
         <name>.debug_abbrev</name>
         <load_address>0x54b</load_address>
         <run_address>0x54b</run_address>
         <size>0x164</size>
         <input_file_ref idref="fl-5"/>
      </object_component>
[...]
      </symbol>
      <symbol id="sm-27f">
         <name>_close</name>
         <value>0x1574f</value>
         <object_component_ref idref="oc-90"/>
      </symbol>
      <symbol id="sm-280">
         <name>_write</name>
         <value>0x1536f</value>
         <object_component_ref idref="oc-90"/>
      </symbol>
      <symbol id="sm-28a">
         <name>_ltoa</name>
         <value>0x18fbd</value>
         <object_component_ref idref="oc-96"/>
      </symbol>
      <symbol id="sm-295">
         <name>_memccpy</name>
         <value>0x199fd</value>
         <object_component_ref idref="oc-9a"/>
      </symbol>
      <symbol id="sm-29d">
         <name>_memcpy</name>
         <value>0x198c8</value>
         <object_component_ref idref="oc-9e"/>
      </symbol>
      <symbol id="sm-2a7">
         <name>__mpyd</name>
         <value>0x186f7</value>
         <object_component_ref idref="oc-a2"/>
      </symbol>
      <symbol id="sm-2b1">
         <name>__negd</name>
         <value>0x19a73</value>
         <object_component_ref idref="oc-a6"/>
      </symbol>
      <symbol id="sm-2bb">
         <name>__remli</name>
         <value>0x197ef</value>
         <object_component_ref idref="oc-aa"/>
      </symbol>
      <symbol id="sm-2c6">
         <name>__remul</name>
         <value>0x19290</value>
         <object_component_ref idref="oc-ae"/>
      </symbol>
      <symbol id="sm-2d0">
         <name>__subd</name>
         <value>0x19a3a</value>
         <object_component_ref idref="oc-b2"/>
      </symbol>
      <symbol id="sm-2dc">
         <name>_HOSTopen</name>
         <value>0x15bbd</value>
         <object_component_ref idref="oc-b6"/>
      </symbol>
      <symbol id="sm-2dd">
         <name>_HOSTread</name>
         <value>0x15b30</value>
         <object_component_ref idref="oc-b6"/>
      </symbol>
      <symbol id="sm-2de">
         <name>_HOSTtime</name>
         <value>0x15a24</value>
         <object_component_ref idref="oc-b6"/>
      </symbol>
      <symbol id="sm-2df">
         <name>_getenv</name>
         <value>0x158b2</value>
         <object_component_ref idref="oc-b6"/>
      </symbol>
      <symbol id="sm-2e0">
         <name>_HOSTrename</name>
         <value>0x15a82</value>
         <object_component_ref idref="oc-b6"/>
      </symbol>
      <symbol id="sm-2e1">
         <name>_HOSTclock</name>
         <value>0x15d7c</value>
         <object_component_ref idref="oc-b6"/>
      </symbol>
      <symbol id="sm-2e2">
         <name>_HOSTwrite</name>
         <value>0x1592d</value>
         <object_component_ref idref="oc-b6"/>
      </symbol>
      <symbol id="sm-2e3">
         <name>_HOSTlseek</name>
         <value>0x15c5c</value>
         <object_component_ref idref="oc-b6"/>
      </symbol>
      <symbol id="sm-2e4">
         <name>_HOSTunlink</name>
         <value>0x159ba</value>
         <object_component_ref idref="oc-b6"/>
      </symbol>
      <symbol id="sm-2e5">
         <name>_HOSTclose</name>
         <value>0x15d11</value>
         <object_component_ref idref="oc-b6"/>
      </symbol>
      <symbol id="sm-2f7">
         <name>C$$IO$$</name>
         <value>0x18cc6</value>
         <object_component_ref idref="oc-be"/>
      </symbol>
      <symbol id="sm-2f8">
         <name>__CIOBUF_</name>
         <value>0x203a0</value>
         <object_component_ref idref="oc-bd"/>
      </symbol>
      <symbol id="sm-2f9">
         <name>_readmsg</name>
         <value>0x1944e</value>
         <object_component_ref idref="oc-bb"/>
      </symbol>
      <symbol id="sm-2fa">
         <name>_writemsg</name>
         <value>0x18c11</value>
         <object_component_ref idref="oc-be"/>
      </symbol>
      <symbol id="sm-302">
         <name>__remu</name>
         <value>0x199e8</value>
         <object_component_ref idref="oc-c1"/>
      </symbol>
      <symbol id="sm-303">
         <name>__divu</name>
         <value>0x199d3</value>
         <object_component_ref idref="oc-c1"/>
      </symbol>
      <symbol id="sm-304">
         <name>I$$UMOD</name>
         <value>0x199e8</value>
         <object_component_ref idref="oc-c1"/>
      </symbol>
      <symbol id="sm-305">
         <name>I$$UDIV</name>
         <value>0x199d3</value>
         <object_component_ref idref="oc-c1"/>
      </symbol>
      <symbol id="sm-30f">
         <name>__rd_ok</name>
         <value>0x18af2</value>
         <object_component_ref idref="oc-c5"/>
      </symbol>
      <symbol id="sm-310">
         <name>__wrt_ok</name>
         <value>0x18a72</value>
         <object_component_ref idref="oc-c5"/>
      </symbol>
      <symbol id="sm-31a">
         <name>__addd</name>
         <value>0x17b34</value>
         <object_component_ref idref="oc-c9"/>
      </symbol>
      <symbol id="sm-324">
         <name>__divli</name>
         <value>0x1983a</value>
         <object_component_ref idref="oc-cd"/>
      </symbol>
      <symbol id="sm-32e">
         <name>__doflush</name>
         <value>0x18b4f</value>
         <object_component_ref idref="oc-d1"/>
      </symbol>
      <symbol id="sm-32f">
         <name>_fflush</name>
         <value>0x18bb8</value>
         <object_component_ref idref="oc-d1"/>
      </symbol>
      <symbol id="sm-339">
         <name>__frcmpyd</name>
         <value>0x191a7</value>
         <object_component_ref idref="oc-d5"/>
      </symbol>
      <symbol id="sm-343">
         <name>_fseek</name>
         <value>0x194bb</value>
         <object_component_ref idref="oc-d9"/>
      </symbol>
      <symbol id="sm-34d">
         <name>_setvbuf</name>
         <value>0x1898c</value>
         <object_component_ref idref="oc-dd"/>
      </symbol>
      <symbol id="sm-35c">
         <name>__cleanup</name>
         <value>0x1751a</value>
         <object_component_ref idref="oc-e1"/>
      </symbol>
      <symbol id="sm-35d">
         <name>_fopen</name>
         <value>0x1763d</value>
         <object_component_ref idref="oc-e1"/>
      </symbol>
      <symbol id="sm-35e">
         <name>_freopen</name>
         <value>0x17574</value>
         <object_component_ref idref="oc-e1"/>
      </symbol>
      <symbol id="sm-36e">
         <name>__sys_memory</name>
         <value>0x19aa0</value>
         <object_component_ref idref="oc-eb"/>
      </symbol>
      <symbol id="sm-36f">
         <name>_chkheap</name>
         <value>0x16c8d</value>
         <object_component_ref idref="oc-e7"/>
      </symbol>
      <symbol id="sm-370">
         <name>_realloc</name>
         <value>0x16a2c</value>
         <object_component_ref idref="oc-e7"/>
      </symbol>
      <symbol id="sm-371">
         <name>_free_memory</name>
         <value>0x16c37</value>
         <object_component_ref idref="oc-e7"/>
      </symbol>
      <symbol id="sm-372">
         <name>_max_free</name>
         <value>0x16bdd</value>
         <object_component_ref idref="oc-e7"/>
      </symbol>
      <symbol id="sm-373">
         <name>_free</name>
         <value>0x16806</value>
         <object_component_ref idref="oc-e7"/>
      </symbol>
      <symbol id="sm-374">
         <name>_calloc</name>
         <value>0x16c95</value>
         <object_component_ref idref="oc-e7"/>
      </symbol>
      <symbol id="sm-375">
         <name>_malloc</name>
         <value>0x16937</value>
         <object_component_ref idref="oc-e7"/>
      </symbol>
      <symbol id="sm-376">
         <name>_minit</name>
         <value>0x168d2</value>
         <object_component_ref idref="oc-e7"/>
      </symbol>
      <symbol id="sm-380">
         <name>_fclose</name>
         <value>0x190b5</value>
         <object_component_ref idref="oc-ee"/>
      </symbol>
      <symbol id="sm-38a">
         <name>_remove</name>
         <value>0x19a83</value>
         <object_component_ref idref="oc-f2"/>
      </symbol>
      <symbol id="sm-470">
         <name>_DMA_init</name>
         <value>0x10000</value>
         <object_component_ref idref="oc-f6"/>
      </symbol>
      <symbol id="sm-471">
         <name>_DMA_getConfig</name>
         <value>0x11216</value>
         <object_component_ref idref="oc-f6"/>
      </symbol>
      <symbol id="sm-472">
         <name>_DMA_config</name>
         <value>0x10142</value>
         <object_component_ref idref="oc-f6"/>
      </symbol>
      <symbol id="sm-473">
         <name>_DMA_swapWords</name>
         <value>0x11e2f</value>
         <object_component_ref idref="oc-f6"/>
      </symbol>
      <symbol id="sm-474">
         <name>_DMA_stop</name>
         <value>0x11a42</value>
         <object_component_ref idref="oc-f6"/>
      </symbol>
      <symbol id="sm-475">
         <name>_DMA_open</name>
         <value>0x10037</value>
         <object_component_ref idref="oc-f6"/>
      </symbol>
      <symbol id="sm-476">
         <name>_DMA_start</name>
         <value>0x11935</value>
         <object_component_ref idref="oc-f6"/>
      </symbol>
      <symbol id="sm-477">
         <name>_DMA_getLastTransferType</name>
         <value>0x11ea4</value>
         <object_component_ref idref="oc-f6"/>
      </symbol>
      <symbol id="sm-478">
         <name>_DMA_close</name>
         <value>0x10123</value>
         <object_component_ref idref="oc-f6"/>
      </symbol>
      <symbol id="sm-479">
         <name>_DMA_reset</name>
         <value>0x11b43</value>
         <object_component_ref idref="oc-f6"/>
      </symbol>
      <symbol id="sm-4be">
         <name>_GPIO_configBit</name>
         <value>0x14f7d</value>
         <object_component_ref idref="oc-fb"/>
      </symbol>
      <symbol id="sm-4bf">
         <name>_GPIO_open</name>
         <value>0x14ce2</value>
         <object_component_ref idref="oc-fb"/>
      </symbol>
      <symbol id="sm-4c0">
         <name>_GPIO_write</name>
         <value>0x14eda</value>
         <object_component_ref idref="oc-fb"/>
      </symbol>
      <symbol id="sm-4c1">
         <name>_GPIO_config</name>
         <value>0x14d4a</value>
         <object_component_ref idref="oc-fb"/>
      </symbol>
      <symbol id="sm-4c2">
         <name>_GPIO_clearInt</name>
         <value>0x151cd</value>
         <object_component_ref idref="oc-fb"/>
      </symbol>
      <symbol id="sm-4c3">
         <name>_GPIO_disableInt</name>
         <value>0x150c5</value>
         <object_component_ref idref="oc-fb"/>
      </symbol>
      <symbol id="sm-4c4">
         <name>_GPIO_getConfig</name>
         <value>0x14dcf</value>
         <object_component_ref idref="oc-fb"/>
      </symbol>
      <symbol id="sm-4c5">
         <name>_GPIO_enableInt</name>
         <value>0x15143</value>
         <object_component_ref idref="oc-fb"/>
      </symbol>
      <symbol id="sm-4c6">
         <name>_GPIO_close</name>
         <value>0x14d26</value>
         <object_component_ref idref="oc-fb"/>
      </symbol>
      <symbol id="sm-4c7">
         <name>_GPIO_read</name>
         <value>0x14e57</value>
         <object_component_ref idref="oc-fb"/>
      </symbol>
      <symbol id="sm-4c8">
         <name>_GPIO_reset</name>
         <value>0x152e0</value>
         <object_component_ref idref="oc-fb"/>
      </symbol>
      <symbol id="sm-4c9">
         <name>_GPIO_statusBit</name>
         <value>0x15259</value>
         <object_component_ref idref="oc-fb"/>
      </symbol>
      <symbol id="sm-56f">
         <name>_I2C_eventEnable</name>
         <value>0x14087</value>
         <object_component_ref idref="oc-100"/>
      </symbol>
      <symbol id="sm-570">
         <name>_i2cHandle</name>
         <value>0x1f9ac</value>
         <object_component_ref idref="oc-101"/>
      </symbol>
      <symbol id="sm-571">
         <name>_I2C_read</name>
         <value>0x13c25</value>
         <object_component_ref idref="oc-100"/>
      </symbol>
      <symbol id="sm-572">
         <name>_I2C_write</name>
         <value>0x139d2</value>
         <object_component_ref idref="oc-100"/>
      </symbol>
      <symbol id="sm-573">
         <name>_I2C_init</name>
         <value>0x134f4</value>
         <object_component_ref idref="oc-100"/>
      </symbol>
      <symbol id="sm-574">
         <name>_I2C_getEventId</name>
         <value>0x14367</value>
         <object_component_ref idref="oc-100"/>
      </symbol>
      <symbol id="sm-575">
         <name>_I2C_setCallback</name>
         <value>0x142da</value>
         <object_component_ref idref="oc-100"/>
      </symbol>
      <symbol id="sm-576">
         <name>_I2C_getConfig</name>
         <value>0x13702</value>
         <object_component_ref idref="oc-100"/>
      </symbol>
      <symbol id="sm-577">
         <name>_gI2cObj</name>
         <value>0x1f98c</value>
         <object_component_ref idref="oc-101"/>
      </symbol>
      <symbol id="sm-578">
         <name>_I2C_setup</name>
         <value>0x137d8</value>
         <object_component_ref idref="oc-100"/>
      </symbol>
      <symbol id="sm-579">
         <name>_I2C_config</name>
         <value>0x1359d</value>
         <object_component_ref idref="oc-100"/>
      </symbol>
      <symbol id="sm-57a">
         <name>_I2C_eventDisable</name>
         <value>0x141bb</value>
         <object_component_ref idref="oc-100"/>
      </symbol>
      <symbol id="sm-61e">
         <name>_fsError</name>
         <value>0x1f986</value>
         <object_component_ref idref="oc-107"/>
      </symbol>
      <symbol id="sm-61f">
         <name>_I2S_read</name>
         <value>0x147dc</value>
         <object_component_ref idref="oc-106"/>
      </symbol>
      <symbol id="sm-620">
         <name>_I2S_setup</name>
         <value>0x14465</value>
         <object_component_ref idref="oc-106"/>
      </symbol>
      <symbol id="sm-621">
         <name>_I2S_reset</name>
         <value>0x14bec</value>
         <object_component_ref idref="oc-106"/>
      </symbol>
      <symbol id="sm-622">
         <name>_I2S_write</name>
         <value>0x14a96</value>
         <object_component_ref idref="oc-106"/>
      </symbol>
      <symbol id="sm-623">
         <name>_I2S_close</name>
         <value>0x1474c</value>
         <object_component_ref idref="oc-106"/>
      </symbol>
      <symbol id="sm-624">
         <name>_ouError</name>
         <value>0x1f988</value>
         <object_component_ref idref="oc-107"/>
      </symbol>
      <symbol id="sm-625">
         <name>_I2S_open</name>
         <value>0x14383</value>
         <object_component_ref idref="oc-106"/>
      </symbol>
      <symbol id="sm-626">
         <name>_I2S_transEnable</name>
         <value>0x14c97</value>
         <object_component_ref idref="oc-106"/>
      </symbol>
      <symbol id="sm-661">
         <name>_IRQ_restore</name>
         <value>0x1660c</value>
         <object_component_ref idref="oc-10d"/>
      </symbol>
      <symbol id="sm-662">
         <name>_IRQ_getArg</name>
         <value>0x1667c</value>
         <object_component_ref idref="oc-10d"/>
      </symbol>
      <symbol id="sm-663">
         <name>_IRQ_setArg</name>
         <value>0x166c0</value>
         <object_component_ref idref="oc-10d"/>
      </symbol>
      <symbol id="sm-664">
         <name>_IRQ_getConfig</name>
         <value>0x1646e</value>
         <object_component_ref idref="oc-10d"/>
      </symbol>
      <symbol id="sm-665">
         <name>_IRQ_test</name>
         <value>0x1674e</value>
         <object_component_ref idref="oc-10d"/>
      </symbol>
      <symbol id="sm-666">
         <name>_IRQ_clear</name>
         <value>0x16386</value>
         <object_component_ref idref="oc-10d"/>
      </symbol>
      <symbol id="sm-667">
         <name>_IRQ_disable</name>
         <value>0x164f6</value>
         <object_component_ref idref="oc-10d"/>
      </symbol>
      <symbol id="sm-668">
         <name>_IRQ_globalRestore</name>
         <value>0x167f2</value>
         <object_component_ref idref="oc-10d"/>
      </symbol>
      <symbol id="sm-669">
         <name>_IRQ_map</name>
         <value>0x166f1</value>
         <object_component_ref idref="oc-10d"/>
      </symbol>
      <symbol id="sm-66a">
         <name>_IRQ_clearAll</name>
         <value>0x163d9</value>
         <object_component_ref idref="oc-10d"/>
      </symbol>
      <symbol id="sm-66b">
         <name>_IRQ_globalDisable</name>
         <value>0x167c0</value>
         <object_component_ref idref="oc-10d"/>
      </symbol>
      <symbol id="sm-66c">
         <name>_IRQ_globalEnable</name>
         <value>0x167d9</value>
         <object_component_ref idref="oc-10d"/>
      </symbol>
      <symbol id="sm-66d">
         <name>_IRQ_disableAll</name>
         <value>0x16574</value>
         <object_component_ref idref="oc-10d"/>
      </symbol>
      <symbol id="sm-66e">
         <name>_IRQ_config</name>
         <value>0x163e9</value>
         <object_component_ref idref="oc-10d"/>
      </symbol>
      <symbol id="sm-66f">
         <name>_IRQ_init</name>
         <value>0x162fe</value>
         <object_component_ref idref="oc-10d"/>
      </symbol>
      <symbol id="sm-670">
         <name>_IRQ_enable</name>
         <value>0x16582</value>
         <object_component_ref idref="oc-10d"/>
      </symbol>
      <symbol id="sm-671">
         <name>_IRQ_setVecs</name>
         <value>0x1671d</value>
         <object_component_ref idref="oc-10d"/>
      </symbol>
      <symbol id="sm-67c">
         <name>_IRQ_plug</name>
         <value>0x18eb2</value>
         <object_component_ref idref="oc-113"/>
      </symbol>
      <symbol id="sm-6a5">
         <name>_PLL_enable</name>
         <value>0x171df</value>
         <object_component_ref idref="oc-117"/>
      </symbol>
      <symbol id="sm-6a6">
         <name>_PLL_bypass</name>
         <value>0x17263</value>
         <object_component_ref idref="oc-117"/>
      </symbol>
      <symbol id="sm-6a7">
         <name>_PLL_reset</name>
         <value>0x172b6</value>
         <object_component_ref idref="oc-117"/>
      </symbol>
      <symbol id="sm-6a8">
         <name>_PLL_init</name>
         <value>0x17087</value>
         <object_component_ref idref="oc-117"/>
      </symbol>
      <symbol id="sm-6a9">
         <name>_PLL_config</name>
         <value>0x170bf</value>
         <object_component_ref idref="oc-117"/>
      </symbol>
      <symbol id="sm-6aa">
         <name>_getSysClk</name>
         <value>0x17320</value>
         <object_component_ref idref="oc-117"/>
      </symbol>
      <symbol id="sm-6d0">
         <name>_SYS_peripheralReset</name>
         <value>0x17678</value>
         <object_component_ref idref="oc-11d"/>
      </symbol>
      <symbol id="sm-6d1">
         <name>_PG3_flag</name>
         <value>0x1fa02</value>
         <object_component_ref idref="oc-11e"/>
      </symbol>
      <symbol id="sm-6d2">
         <name>_PG1_flag</name>
         <value>0x1fa04</value>
         <object_component_ref idref="oc-11e"/>
      </symbol>
      <symbol id="sm-6d3">
         <name>_PG4_flag</name>
         <value>0x1fa00</value>
         <object_component_ref idref="oc-11e"/>
      </symbol>
      <symbol id="sm-6d4">
         <name>_SYS_setEBSR</name>
         <value>0x17706</value>
         <object_component_ref idref="oc-11d"/>
      </symbol>
      <symbol id="sm-6d5">
         <name>_SYS_set_DSP_LDO_voltage</name>
         <value>0x178b1</value>
         <object_component_ref idref="oc-11d"/>
      </symbol>
      <symbol id="sm-71f">
         <name>_VECSTART</name>
         <value>0x100</value>
         <object_component_ref idref="oc-124"/>
      </symbol>
      <symbol id="sm-720">
         <name>RST</name>
         <value>0x100</value>
         <object_component_ref idref="oc-124"/>
      </symbol>
      <symbol id="sm-72a">
         <name>__fixdul</name>
         <value>0x19130</value>
         <object_component_ref idref="oc-128"/>
      </symbol>
      <symbol id="sm-736">
         <name>__fltuld</name>
         <value>0x196ac</value>
         <object_component_ref idref="oc-12c"/>
      </symbol>
   </symbol_table>
</link_info>
